<html>
<body>
<pre>
<h1>µVision Build Log</h1>
<h2>Tool Versions:</h2>
IDE-Version: uVision V5.35.0.0
Copyright (C) 2021 ARM Ltd and ARM Germany GmbH. All rights reserved.
License Information: Yan Long Huang, National Ilan Universsity, LIC=6XJT4-FC6BX-JPNZQ-NLHS7-ZUPXT-MK439
 
Tool Versions:
Toolchain:       MDK-ARM Professional  Version: 5.35.0.2
Toolchain Path:  D:\Keil_v5\ARM\ARMCLANG\Bin
C Compiler:      ArmClang.exe V6.16
Assembler:       Armasm.exe V6.16
Linker/Locator:  ArmLink.exe V6.16
Library Manager: ArmAr.exe V6.16
Hex Converter:   FromElf.exe V6.16
CPU DLL:         SARMCM3.DLL V5.35.0.2
Dialog DLL:      DCM.DLL V1.17.3.0
Target DLL:      CMSIS_AGDI.dll V1.33.0.0
Dialog DLL:      TCM.DLL V1.53.0.0
 
<h2>Project:</h2>
D:\Code\ARM Microcontroller\GD32F303\gd32f303_first_try\gd32f303_first_try.uvprojx
Project File Date:  08/05/2021

<h2>Output:</h2>
*** Using Compiler 'V6.16', folder: 'D:\Keil_v5\ARM\ARMCLANG\Bin'
Rebuild target 'Target 1'
compiling systick.c...
compiling main.c...
led/gd32f30x_it.c(59): warning: function 'HardFault_Handler' could be declared with attribute 'noreturn' [-Wmissing-noreturn]
{
^
led/gd32f30x_it.c(72): warning: function 'MemManage_Handler' could be declared with attribute 'noreturn' [-Wmissing-noreturn]
{
^
led/gd32f30x_it.c(85): warning: function 'BusFault_Handler' could be declared with attribute 'noreturn' [-Wmissing-noreturn]
{
^
led/gd32f30x_it.c(98): warning: function 'UsageFault_Handler' could be declared with attribute 'noreturn' [-Wmissing-noreturn]
{
^
4 warnings generated.
compiling gd32f30x_it.c...
compiling gd32f30x_eval.c...
RTE/Device/GD32F303VE/gd32f30x_exti.c(63): warning: default label in switch which covers all enumeration values [-Wcovered-switch-default]
    default:
    ^
RTE/Device/GD32F303VE/gd32f30x_exti.c(81): warning: default label in switch which covers all enumeration values [-Wcovered-switch-default]
    default:
    ^
2 warnings generated.
compiling gd32f30x_exti.c...
compiling gd32f30x_gpio.c...
compiling gd32f30x_misc.c...
compiling gd32f30x_pmu.c...
RTE/Device/GD32F303VE/gd32f30x_rcu.c(953): warning: default label in switch which covers all enumeration values [-Wcovered-switch-default]
    default:
    ^
RTE/Device/GD32F303VE/gd32f30x_rcu.c(1036): warning: default label in switch which covers all enumeration values [-Wcovered-switch-default]
    default:
    ^
RTE/Device/GD32F303VE/gd32f30x_rcu.c(1076): warning: default label in switch which covers all enumeration values [-Wcovered-switch-default]
    default:
    ^
RTE/Device/GD32F303VE/gd32f30x_rcu.c(1272): warning: default label in switch which covers all enumeration values [-Wcovered-switch-default]
    default:
    ^
4 warnings generated.
compiling gd32f30x_rcu.c...
assembling startup_gd32f30x_hd.s...
RTE/Device/GD32F303VE/gd32f30x_usart.c(250): warning: default label in switch which covers all enumeration values [-Wcovered-switch-default]
    default:
    ^
1 warning generated.
compiling gd32f30x_usart.c...
compiling system_gd32f30x.c...
linking...
Program Size: Code=1624 RO-data=508 RW-data=4 ZI-data=2156  
".\Objects\gd32f303_first_try.axf" - 0 Error(s), 11 Warning(s).

<h2>Software Packages used:</h2>

Package Vendor: ARM
                http://www.keil.com/pack/ARM.CMSIS.5.8.0.pack
                ARM.CMSIS.5.8.0
                CMSIS (Common Microcontroller Software Interface Standard)
   * Component: USART Version: 2.4.0
   * Component: Custom Version: 1.0.0
   * Component: CORE Version: 5.5.0

Package Vendor: GigaDevice
                http://gd32mcu.com/data/documents/pack/GigaDevice.GD32F30x_DFP.2.0.0.pack
                GigaDevice.GD32F30x_DFP.2.0.0
                GigaDevice GD32F30x Series Device Support and Examples
   * Component: GD32F30x Version: 1.0.2
   * Component: EXTI Version: 1.0.2
   * Component: GPIO Version: 1.0.2
   * Component: MISC Version: 1.0.2
   * Component: PMU Version: 1.0.2
   * Component: RCU Version: 1.0.2
   * Component: USART Version: 1.0.2
   * Component: GD32F30x_libopt Version: 1.0.2
   * Component: Startup Version: 1.0.2

<h2>Collection of Component include folders:</h2>
  .\RTE\_Target_1
  D:\Keil_v5\Packs\ARM\CMSIS\5.8.0\CMSIS\Core\Include
  D:\Keil_v5\Packs\ARM\CMSIS\5.8.0\CMSIS\Driver\Include
  D:\Keil_v5\Packs\GigaDevice\GD32F30x_DFP\2.0.0\Device\Firmware\Peripherals\inc
  D:\Keil_v5\Packs\GigaDevice\GD32F30x_DFP\2.0.0\Device\Include
  D:\Keil_v5\Packs\GigaDevice\GD32F30x_DFP\2.0.0\Device\Template
  D:\Keil_v5\Packs\GigaDevice\GD32F30x_DFP\2.0.0\Device\Utilities

<h2>Collection of Component Files used:</h2>

   * Component: ::CMSIS Driver:USART:2.4.0 (API)
      Include file:  CMSIS\Driver\Include\Driver_USART.h

   * Component: ARM::CMSIS Driver:USART:Custom:1.0.0
      Source file:   CMSIS\Driver\DriverTemplates\Driver_USART.c
      Include file:  CMSIS\Driver\Include\Driver_USART.h

   * Component: ARM::CMSIS:CORE:5.5.0

   * Component: GigaDevice::Device:EVAL:GD32F30x:1.0.2
      Include file:  Device\Utilities\gd32f30x_eval.h
      Source file:   Device\Utilities\gd32f30x_eval.c

   * Component: GigaDevice::Device:GD32F30x_StdPeripherals:EXTI:1.0.2
      Source file:   Device\Firmware\Peripherals\src\gd32f30x_exti.c
      Include file:  Device\Firmware\Peripherals\inc\gd32f30x_exti.h

   * Component: GigaDevice::Device:GD32F30x_StdPeripherals:GPIO:1.0.2
      Source file:   Device\Firmware\Peripherals\src\gd32f30x_gpio.c
      Include file:  Device\Firmware\Peripherals\inc\gd32f30x_gpio.h

   * Component: GigaDevice::Device:GD32F30x_StdPeripherals:MISC:1.0.2
      Source file:   Device\Firmware\Peripherals\src\gd32f30x_misc.c
      Include file:  Device\Firmware\Peripherals\inc\gd32f30x_misc.h

   * Component: GigaDevice::Device:GD32F30x_StdPeripherals:PMU:1.0.2
      Source file:   Device\Firmware\Peripherals\src\gd32f30x_pmu.c
      Include file:  Device\Firmware\Peripherals\inc\gd32f30x_pmu.h

   * Component: GigaDevice::Device:GD32F30x_StdPeripherals:RCU:1.0.2
      Source file:   Device\Firmware\Peripherals\src\gd32f30x_rcu.c
      Include file:  Device\Firmware\Peripherals\inc\gd32f30x_rcu.h

   * Component: GigaDevice::Device:GD32F30x_StdPeripherals:USART:1.0.2
      Source file:   Device\Firmware\Peripherals\src\gd32f30x_usart.c
      Include file:  Device\Firmware\Peripherals\inc\gd32f30x_usart.h

   * Component: GigaDevice::Device:GD32F30x_libopt:1.0.2
      Include file:  Device\Template\gd32f30x_libopt.h

   * Component: GigaDevice::Device:Startup:1.0.2
      Include file:  Device\Include\gd32f30x.h
      Source file:   Device\Source\ARM\startup_gd32f30x_hd.s
      Source file:   Device\Source\system_gd32f30x.c
Build Time Elapsed:  00:00:03
</pre>
</body>
</html>
