<html>
<body>
<pre>
<h1>µVision Build Log</h1>
<h2>Tool Versions:</h2>
IDE-Version: µVision V5.34.0.0
Copyright (C) 2021 ARM Ltd and ARM Germany GmbH. All rights reserved.
License Information: migmel migmel, Personal, LIC=DSNXV-PN4BD-YDPK5-G5AL4-BHKES-N48Y8
 
Tool Versions:
Toolchain:       MDK-ARM Professional  Version: 5.34.0.0
Toolchain Path:  C:\Keil_v5\ARM\ARMCC\Bin
C Compiler:      Armcc.exe V5.06 update 7 (build 960)
Assembler:       Armasm.exe V5.06 update 7 (build 960)
Linker/Locator:  ArmLink.exe V5.06 update 7 (build 960)
Library Manager: ArmAr.exe V5.06 update 7 (build 960)
Hex Converter:   FromElf.exe V5.06 update 7 (build 960)
CPU DLL:         SARMCM3.DLL V5.34.0.0
Dialog DLL:      DCM.DLL V1.17.3.0
Target DLL:      CMSIS_AGDI.dll V1.32.13.0
Dialog DLL:      TCM.DLL V1.48.0.0
 
<h2>Project:</h2>
E:\GD32F10x_V2.2.1\GD32F105VCT6_Projects\5.0_USB_EXMC_FLASH$\Keil\usb_host_msc.uvprojx
Project File Date:  12/06/2021

<h2>Output:</h2>
*** Using Compiler 'V5.06 update 7 (build 960)', folder: 'C:\Keil_v5\ARM\ARMCC\Bin'
Rebuild target 'GD32F105VCT6'
compiling gd32f10x_usb_hw.c...
compiling gd32f10x_it.c...
compiling main.c...
compiling exmc_nandflash.c...
compiling usbh_usr.c...
compiling system_gd32f10x.c...
compiling gd32f10x_bkp.c...
compiling gd32f10x_adc.c...
compiling gd32f10x_can.c...
compiling gd32f10x_crc.c...
compiling gd32f10x_dac.c...
compiling gd32f10x_dbg.c...
compiling gd32f10x_dma.c...
compiling gd32f10x_exmc.c...
compiling gd32f10x_enet.c...
compiling gd32f10x_exti.c...
compiling gd32f10x_fmc.c...
compiling gd32f10x_fwdgt.c...
compiling gd32f10x_gpio.c...
compiling gd32f10x_i2c.c...
compiling gd32f10x_misc.c...
compiling gd32f10x_pmu.c...
compiling gd32f10x_rtc.c...
compiling gd32f10x_rcu.c...
compiling gd32f10x_sdio.c...
compiling gd32f10x_spi.c...
compiling gd32f10x_timer.c...
compiling gd32f10x_usart.c...
compiling gd32f10x_wwdgt.c...
compiling drv_usb_core.c...
compiling drv_usb_host.c...
compiling drv_usbh_int.c...
compiling usbh_core.c...
compiling usbh_enum.c...
compiling usbh_pipe.c...
compiling usbh_transc.c...
compiling usbh_msc_bbb.c...
compiling usbh_msc_core.c...
assembling startup_gd32f10x_cl.s...
compiling usbh_msc_fatfs.c...
compiling ffunicode.c...
compiling usbh_msc_scsi.c...
compiling ff.c...
linking...
Program Size: Code=32212 RO-data=60368 RW-data=192 ZI-data=13048  
After Build - User command #2: fromelf --bin -o "E:\GD32F10x_V2.2.1\GD32F105VCT6_Projects\5.0_USB_EXMC_FLASH$\Keil\Objects\usb_host_msc.bin" "E:\GD32F10x_V2.2.1\GD32F105VCT6_Projects\5.0_USB_EXMC_FLASH$\Keil\Objects\usb_host_msc.axf"
".\Objects\usb_host_msc.axf" - 0 Error(s), 0 Warning(s).

<h2>Software Packages used:</h2>

Package Vendor: GigaDevice
                http://gd32mcu.com/data/documents/pack/GigaDevice.GD32F10x_DFP.2.0.2.pack
                GigaDevice.GD32F10x_DFP.2.0.2
                GigaDevice GD32F10x Series Device Support and Examples

<h2>Collection of Component include folders:</h2>
  C:\Users\user\AppData\Local\Arm\Packs\GigaDevice\GD32F10x_DFP\2.0.2\Device\Include

<h2>Collection of Component Files used:</h2>
Build Time Elapsed:  00:00:06
</pre>
</body>
</html>
