Component: Arm Compiler for Embedded 6.21 Tool: armlink [5ec1fa00]

==============================================================================

Section Cross References

    startup_stm32l053xx.o(RESET) refers to startup_stm32l053xx.o(STACK) for __initial_sp
    startup_stm32l053xx.o(RESET) refers to startup_stm32l053xx.o(.text) for Reset_Handler
    startup_stm32l053xx.o(RESET) refers to stm32l0xx_it.o(.text.NMI_Handler) for NMI_Handler
    startup_stm32l053xx.o(RESET) refers to stm32l0xx_it.o(.text.HardFault_Handler) for HardFault_Handler
    startup_stm32l053xx.o(RESET) refers to stm32l0xx_it.o(.text.SVC_Handler) for SVC_Handler
    startup_stm32l053xx.o(RESET) refers to stm32l0xx_it.o(.text.PendSV_Handler) for PendSV_Handler
    startup_stm32l053xx.o(RESET) refers to stm32l0xx_it.o(.text.SysTick_Handler) for SysTick_Handler
    startup_stm32l053xx.o(RESET) refers to stm32l0xx_it.o(.text.EXTI4_15_IRQHandler) for EXTI4_15_IRQHandler
    startup_stm32l053xx.o(RESET) refers to stm32l0xx_it.o(.text.DMA1_Channel4_5_6_7_IRQHandler) for DMA1_Channel4_5_6_7_IRQHandler
    startup_stm32l053xx.o(RESET) refers to stm32l0xx_it.o(.text.TIM6_DAC_IRQHandler) for TIM6_DAC_IRQHandler
    startup_stm32l053xx.o(RESET) refers to stm32l0xx_it.o(.text.USART2_IRQHandler) for USART2_IRQHandler
    startup_stm32l053xx.o(.text) refers to system_stm32l0xx.o(.text.SystemInit) for SystemInit
    startup_stm32l053xx.o(.text) refers to entry.o(.ARM.Collect$$$$00000000) for __main
    main.o(.text.main) refers to stm32l0xx_hal.o(.text.HAL_Init) for HAL_Init
    main.o(.text.main) refers to memseta.o(.text) for __aeabi_memclr4
    main.o(.text.main) refers to stm32l0xx_hal_rcc.o(.text.HAL_RCC_OscConfig) for HAL_RCC_OscConfig
    main.o(.text.main) refers to stm32l0xx_hal_rcc.o(.text.HAL_RCC_ClockConfig) for HAL_RCC_ClockConfig
    main.o(.text.main) refers to stm32l0xx_hal_rcc_ex.o(.text.HAL_RCCEx_PeriphCLKConfig) for HAL_RCCEx_PeriphCLKConfig
    main.o(.text.main) refers to gpio.o(.text.MX_GPIO_Init) for MX_GPIO_Init
    main.o(.text.main) refers to dma.o(.text.MX_DMA_Init) for MX_DMA_Init
    main.o(.text.main) refers to usart.o(.text.MX_USART2_UART_Init) for MX_USART2_UART_Init
    main.o(.text.main) refers to tim.o(.text.MX_TIM6_Init) for MX_TIM6_Init
    main.o(.text.main) refers to tim.o(.text.MX_TIM2_Init) for MX_TIM2_Init
    main.o(.text.main) refers to stm32l0xx_hal_uart_ex.o(.text.HAL_UARTEx_ReceiveToIdle_DMA) for HAL_UARTEx_ReceiveToIdle_DMA
    main.o(.text.main) refers to puts.o(i.puts) for puts
    main.o(.text.main) refers to stm32l0xx_hal_tim.o(.text.HAL_TIM_Base_Start) for HAL_TIM_Base_Start
    main.o(.text.main) refers to stm32l0xx_hal.o(.text.HAL_Delay) for HAL_Delay
    main.o(.text.main) refers to stm32l0xx_hal_gpio.o(.text.HAL_GPIO_WritePin) for HAL_GPIO_WritePin
    main.o(.text.main) refers to f2d.o(.text) for __aeabi_f2d
    main.o(.text.main) refers to printfa.o(i.__0printf) for __2printf
    main.o(.text.main) refers to usart.o(.bss.huart2) for huart2
    main.o(.text.main) refers to usart.o(.bss.RxBuf) for RxBuf
    main.o(.text.main) refers to usart.o(.bss.hdma_usart2_rx) for hdma_usart2_rx
    main.o(.text.main) refers to tim.o(.bss.htim6) for htim6
    main.o(.text.main) refers to hc-sr04.o(.data.hc_sr04) for hc_sr04
    main.o(.text.main) refers to hc-sr04.o(.bss..L_MergedGlobals) for pulseDetected
    main.o(.ARM.exidx.text.main) refers to main.o(.text.main) for [Anonymous Symbol]
    main.o(.text.SystemClock_Config) refers to memseta.o(.text) for __aeabi_memclr4
    main.o(.text.SystemClock_Config) refers to stm32l0xx_hal_rcc.o(.text.HAL_RCC_OscConfig) for HAL_RCC_OscConfig
    main.o(.text.SystemClock_Config) refers to stm32l0xx_hal_rcc.o(.text.HAL_RCC_ClockConfig) for HAL_RCC_ClockConfig
    main.o(.text.SystemClock_Config) refers to stm32l0xx_hal_rcc_ex.o(.text.HAL_RCCEx_PeriphCLKConfig) for HAL_RCCEx_PeriphCLKConfig
    main.o(.ARM.exidx.text.SystemClock_Config) refers to main.o(.text.SystemClock_Config) for [Anonymous Symbol]
    main.o(.ARM.exidx.text.Error_Handler) refers to main.o(.text.Error_Handler) for [Anonymous Symbol]
    gpio.o(.text.MX_GPIO_Init) refers to stm32l0xx_hal_gpio.o(.text.HAL_GPIO_WritePin) for HAL_GPIO_WritePin
    gpio.o(.text.MX_GPIO_Init) refers to stm32l0xx_hal_gpio.o(.text.HAL_GPIO_Init) for HAL_GPIO_Init
    gpio.o(.text.MX_GPIO_Init) refers to stm32l0xx_hal_cortex.o(.text.HAL_NVIC_SetPriority) for HAL_NVIC_SetPriority
    gpio.o(.text.MX_GPIO_Init) refers to stm32l0xx_hal_cortex.o(.text.HAL_NVIC_EnableIRQ) for HAL_NVIC_EnableIRQ
    gpio.o(.ARM.exidx.text.MX_GPIO_Init) refers to gpio.o(.text.MX_GPIO_Init) for [Anonymous Symbol]
    dma.o(.text.MX_DMA_Init) refers to stm32l0xx_hal_cortex.o(.text.HAL_NVIC_SetPriority) for HAL_NVIC_SetPriority
    dma.o(.text.MX_DMA_Init) refers to stm32l0xx_hal_cortex.o(.text.HAL_NVIC_EnableIRQ) for HAL_NVIC_EnableIRQ
[...]
    Removing stm32l0xx_hal_uart.o(.ARM.exidx.text.UART_TxISR_8BIT), (8 bytes).
    Removing stm32l0xx_hal_uart.o(.text.HAL_UART_Receive_IT), (112 bytes).
    Removing stm32l0xx_hal_uart.o(.ARM.exidx.text.HAL_UART_Receive_IT), (8 bytes).
    Removing stm32l0xx_hal_uart.o(.text.UART_Start_Receive_IT), (204 bytes).
    Removing stm32l0xx_hal_uart.o(.ARM.exidx.text.UART_Start_Receive_IT), (8 bytes).
    Removing stm32l0xx_hal_uart.o(.text.HAL_UART_Transmit_DMA), (176 bytes).
    Removing stm32l0xx_hal_uart.o(.ARM.exidx.text.HAL_UART_Transmit_DMA), (8 bytes).
    Removing stm32l0xx_hal_uart.o(.text.UART_DMATransmitCplt), (74 bytes).
    Removing stm32l0xx_hal_uart.o(.ARM.exidx.text.UART_DMATransmitCplt), (8 bytes).
    Removing stm32l0xx_hal_uart.o(.text.UART_DMATxHalfCplt), (10 bytes).
    Removing stm32l0xx_hal_uart.o(.ARM.exidx.text.UART_DMATxHalfCplt), (8 bytes).
    Removing stm32l0xx_hal_uart.o(.ARM.exidx.text.UART_DMAError), (8 bytes).
    Removing stm32l0xx_hal_uart.o(.text.HAL_UART_Receive_DMA), (272 bytes).
    Removing stm32l0xx_hal_uart.o(.ARM.exidx.text.HAL_UART_Receive_DMA), (8 bytes).
    Removing stm32l0xx_hal_uart.o(.ARM.exidx.text.UART_Start_Receive_DMA), (8 bytes).
    Removing stm32l0xx_hal_uart.o(.text.HAL_UART_DMAPause), (124 bytes).
    Removing stm32l0xx_hal_uart.o(.ARM.exidx.text.HAL_UART_DMAPause), (8 bytes).
    Removing stm32l0xx_hal_uart.o(.text.HAL_UART_DMAResume), (136 bytes).
    Removing stm32l0xx_hal_uart.o(.ARM.exidx.text.HAL_UART_DMAResume), (8 bytes).
    Removing stm32l0xx_hal_uart.o(.text.HAL_UART_DMAStop), (258 bytes).
    Removing stm32l0xx_hal_uart.o(.ARM.exidx.text.HAL_UART_DMAStop), (8 bytes).
    Removing stm32l0xx_hal_uart.o(.text.HAL_UART_Abort), (248 bytes).
    Removing stm32l0xx_hal_uart.o(.ARM.exidx.text.HAL_UART_Abort), (8 bytes).
    Removing stm32l0xx_hal_uart.o(.text.HAL_UART_AbortTransmit), (110 bytes).
    Removing stm32l0xx_hal_uart.o(.ARM.exidx.text.HAL_UART_AbortTransmit), (8 bytes).
    Removing stm32l0xx_hal_uart.o(.text.HAL_UART_AbortReceive), (178 bytes).
    Removing stm32l0xx_hal_uart.o(.ARM.exidx.text.HAL_UART_AbortReceive), (8 bytes).
    Removing stm32l0xx_hal_uart.o(.text.HAL_UART_Abort_IT), (296 bytes).
    Removing stm32l0xx_hal_uart.o(.ARM.exidx.text.HAL_UART_Abort_IT), (8 bytes).
    Removing stm32l0xx_hal_uart.o(.text.UART_DMATxAbortCallback), (58 bytes).
    Removing stm32l0xx_hal_uart.o(.ARM.exidx.text.UART_DMATxAbortCallback), (8 bytes).
    Removing stm32l0xx_hal_uart.o(.text.UART_DMARxAbortCallback), (66 bytes).
    Removing stm32l0xx_hal_uart.o(.ARM.exidx.text.UART_DMARxAbortCallback), (8 bytes).
    Removing stm32l0xx_hal_uart.o(.text.HAL_UART_AbortCpltCallback), (2 bytes).
    Removing stm32l0xx_hal_uart.o(.ARM.exidx.text.HAL_UART_AbortCpltCallback), (8 bytes).
    Removing stm32l0xx_hal_uart.o(.text.HAL_UART_AbortTransmit_IT), (112 bytes).
    Removing stm32l0xx_hal_uart.o(.ARM.exidx.text.HAL_UART_AbortTransmit_IT), (8 bytes).
    Removing stm32l0xx_hal_uart.o(.text.UART_DMATxOnlyAbortCallback), (20 bytes).
    Removing stm32l0xx_hal_uart.o(.ARM.exidx.text.UART_DMATxOnlyAbortCallback), (8 bytes).
    Removing stm32l0xx_hal_uart.o(.text.HAL_UART_AbortTransmitCpltCallback), (2 bytes).
    Removing stm32l0xx_hal_uart.o(.ARM.exidx.text.HAL_UART_AbortTransmitCpltCallback), (8 bytes).
    Removing stm32l0xx_hal_uart.o(.text.HAL_UART_AbortReceive_IT), (196 bytes).
    Removing stm32l0xx_hal_uart.o(.ARM.exidx.text.HAL_UART_AbortReceive_IT), (8 bytes).
    Removing stm32l0xx_hal_uart.o(.text.UART_DMARxOnlyAbortCallback), (38 bytes).
    Removing stm32l0xx_hal_uart.o(.ARM.exidx.text.UART_DMARxOnlyAbortCallback), (8 bytes).
    Removing stm32l0xx_hal_uart.o(.text.HAL_UART_AbortReceiveCpltCallback), (2 bytes).
    Removing stm32l0xx_hal_uart.o(.ARM.exidx.text.HAL_UART_AbortReceiveCpltCallback), (8 bytes).
    Removing stm32l0xx_hal_uart.o(.ARM.exidx.text.HAL_UART_IRQHandler), (8 bytes).
    Removing stm32l0xx_hal_uart.o(.ARM.exidx.text.UART_DMAAbortOnError), (8 bytes).
    Removing stm32l0xx_hal_uart.o(.ARM.exidx.text.HAL_UART_ErrorCallback), (8 bytes).
    Removing stm32l0xx_hal_uart.o(.text.HAL_UARTEx_RxEventCallback), (2 bytes).
    Removing stm32l0xx_hal_uart.o(.ARM.exidx.text.HAL_UARTEx_RxEventCallback), (8 bytes).
    Removing stm32l0xx_hal_uart.o(.ARM.exidx.text.HAL_UART_TxCpltCallback), (8 bytes).
    Removing stm32l0xx_hal_uart.o(.text.HAL_UART_TxHalfCpltCallback), (2 bytes).
    Removing stm32l0xx_hal_uart.o(.ARM.exidx.text.HAL_UART_TxHalfCpltCallback), (8 bytes).
    Removing stm32l0xx_hal_uart.o(.ARM.exidx.text.HAL_UART_RxCpltCallback), (8 bytes).
    Removing stm32l0xx_hal_uart.o(.ARM.exidx.text.HAL_UART_RxHalfCpltCallback), (8 bytes).
    Removing stm32l0xx_hal_uart.o(.text.HAL_UART_ReceiverTimeout_Config), (28 bytes).
    Removing stm32l0xx_hal_uart.o(.ARM.exidx.text.HAL_UART_ReceiverTimeout_Config), (8 bytes).
    Removing stm32l0xx_hal_uart.o(.text.HAL_UART_EnableReceiverTimeout), (64 bytes).
    Removing stm32l0xx_hal_uart.o(.ARM.exidx.text.HAL_UART_EnableReceiverTimeout), (8 bytes).
    Removing stm32l0xx_hal_uart.o(.text.HAL_UART_DisableReceiverTimeout), (64 bytes).
    Removing stm32l0xx_hal_uart.o(.ARM.exidx.text.HAL_UART_DisableReceiverTimeout), (8 bytes).
    Removing stm32l0xx_hal_uart.o(.text.HAL_MultiProcessor_EnableMuteMode), (58 bytes).
    Removing stm32l0xx_hal_uart.o(.ARM.exidx.text.HAL_MultiProcessor_EnableMuteMode), (8 bytes).
    Removing stm32l0xx_hal_uart.o(.text.HAL_MultiProcessor_DisableMuteMode), (58 bytes).
    Removing stm32l0xx_hal_uart.o(.ARM.exidx.text.HAL_MultiProcessor_DisableMuteMode), (8 bytes).
    Removing stm32l0xx_hal_uart.o(.text.HAL_MultiProcessor_EnterMuteMode), (12 bytes).
    Removing stm32l0xx_hal_uart.o(.ARM.exidx.text.HAL_MultiProcessor_EnterMuteMode), (8 bytes).
    Removing stm32l0xx_hal_uart.o(.text.HAL_HalfDuplex_EnableTransmitter), (82 bytes).
    Removing stm32l0xx_hal_uart.o(.ARM.exidx.text.HAL_HalfDuplex_EnableTransmitter), (8 bytes).
    Removing stm32l0xx_hal_uart.o(.text.HAL_HalfDuplex_EnableReceiver), (82 bytes).
    Removing stm32l0xx_hal_uart.o(.ARM.exidx.text.HAL_HalfDuplex_EnableReceiver), (8 bytes).
    Removing stm32l0xx_hal_uart.o(.text.HAL_LIN_SendBreak), (44 bytes).
    Removing stm32l0xx_hal_uart.o(.ARM.exidx.text.HAL_LIN_SendBreak), (8 bytes).
    Removing stm32l0xx_hal_uart.o(.text.HAL_UART_GetState), (10 bytes).
    Removing stm32l0xx_hal_uart.o(.ARM.exidx.text.HAL_UART_GetState), (8 bytes).
    Removing stm32l0xx_hal_uart.o(.text.HAL_UART_GetError), (6 bytes).
    Removing stm32l0xx_hal_uart.o(.ARM.exidx.text.HAL_UART_GetError), (8 bytes).
    Removing stm32l0xx_hal_uart.o(.text.UART_RxISR_16BIT), (212 bytes).
    Removing stm32l0xx_hal_uart.o(.ARM.exidx.text.UART_RxISR_16BIT), (8 bytes).
    Removing stm32l0xx_hal_uart.o(.text.UART_RxISR_8BIT), (216 bytes).
    Removing stm32l0xx_hal_uart.o(.ARM.exidx.text.UART_RxISR_8BIT), (8 bytes).
    Removing stm32l0xx_hal_uart.o(.ARM.exidx.text.UART_DMAReceiveCplt), (8 bytes).
    Removing stm32l0xx_hal_uart.o(.ARM.exidx.text.UART_DMARxHalfCplt), (8 bytes).
    Removing stm32l0xx_hal_uart_ex.o(.text), (0 bytes).
    Removing stm32l0xx_hal_uart_ex.o(.text.HAL_RS485Ex_Init), (144 bytes).
    Removing stm32l0xx_hal_uart_ex.o(.ARM.exidx.text.HAL_RS485Ex_Init), (8 bytes).
    Removing stm32l0xx_hal_uart_ex.o(.ARM.exidx.text.HAL_UARTEx_WakeupCallback), (8 bytes).
    Removing stm32l0xx_hal_uart_ex.o(.text.HAL_UARTEx_EnableClockStopMode), (50 bytes).
    Removing stm32l0xx_hal_uart_ex.o(.ARM.exidx.text.HAL_UARTEx_EnableClockStopMode), (8 bytes).
    Removing stm32l0xx_hal_uart_ex.o(.text.HAL_UARTEx_DisableClockStopMode), (50 bytes).
    Removing stm32l0xx_hal_uart_ex.o(.ARM.exidx.text.HAL_UARTEx_DisableClockStopMode), (8 bytes).
    Removing stm32l0xx_hal_uart_ex.o(.text.HAL_MultiProcessorEx_AddressLength_Set), (46 bytes).
    Removing stm32l0xx_hal_uart_ex.o(.ARM.exidx.text.HAL_MultiProcessorEx_AddressLength_Set), (8 bytes).
    Removing stm32l0xx_hal_uart_ex.o(.text.HAL_UARTEx_StopModeWakeUpSourceConfig), (140 bytes).
    Removing stm32l0xx_hal_uart_ex.o(.ARM.exidx.text.HAL_UARTEx_StopModeWakeUpSourceConfig), (8 bytes).
    Removing stm32l0xx_hal_uart_ex.o(.text.HAL_UARTEx_EnableStopMode), (50 bytes).
    Removing stm32l0xx_hal_uart_ex.o(.ARM.exidx.text.HAL_UARTEx_EnableStopMode), (8 bytes).
    Removing stm32l0xx_hal_uart_ex.o(.text.HAL_UARTEx_DisableStopMode), (50 bytes).
    Removing stm32l0xx_hal_uart_ex.o(.ARM.exidx.text.HAL_UARTEx_DisableStopMode), (8 bytes).
    Removing stm32l0xx_hal_uart_ex.o(.text.HAL_UARTEx_ReceiveToIdle), (444 bytes).
    Removing stm32l0xx_hal_uart_ex.o(.ARM.exidx.text.HAL_UARTEx_ReceiveToIdle), (8 bytes).
    Removing stm32l0xx_hal_uart_ex.o(.text.HAL_UARTEx_ReceiveToIdle_IT), (108 bytes).
    Removing stm32l0xx_hal_uart_ex.o(.ARM.exidx.text.HAL_UARTEx_ReceiveToIdle_IT), (8 bytes).
    Removing stm32l0xx_hal_uart_ex.o(.ARM.exidx.text.HAL_UARTEx_ReceiveToIdle_DMA), (8 bytes).
    Removing stm32l0xx_hal_uart_ex.o(.text.HAL_UARTEx_GetRxEventType), (4 bytes).
    Removing stm32l0xx_hal_uart_ex.o(.ARM.exidx.text.HAL_UARTEx_GetRxEventType), (8 bytes).
    Removing system_stm32l0xx.o(.text), (0 bytes).
    Removing system_stm32l0xx.o(.ARM.exidx.text.SystemInit), (8 bytes).
    Removing system_stm32l0xx.o(.text.SystemCoreClockUpdate), (156 bytes).
    Removing system_stm32l0xx.o(.ARM.exidx.text.SystemCoreClockUpdate), (8 bytes).
    Removing hc-sr04.o(.text), (0 bytes).
    Removing hc-sr04.o(.text.HC_SR04_GetDistance), (66 bytes).
    Removing hc-sr04.o(.ARM.exidx.text.HC_SR04_GetDistance), (8 bytes).
    Removing hc-sr04.o(.ARM.exidx.text.HAL_GPIO_EXTI_Callback), (8 bytes).
    Removing time_delay.o(.text), (0 bytes).
    Removing time_delay.o(.text.delay_us_init), (152 bytes).
    Removing time_delay.o(.ARM.exidx.text.delay_us_init), (8 bytes).
    Removing time_delay.o(.text.delay_us_optimize), (144 bytes).
    Removing time_delay.o(.ARM.exidx.text.delay_us_optimize), (8 bytes).
    Removing time_delay.o(.text.delay_us_t), (92 bytes).
    Removing time_delay.o(.ARM.exidx.text.delay_us_t), (8 bytes).
    Removing time_delay.o(.text.delay_us), (124 bytes).
    Removing time_delay.o(.ARM.exidx.text.delay_us), (8 bytes).
    Removing time_delay.o(.bss.usDelayBase), (4 bytes).
    Removing util.o(.text), (0 bytes).
    Removing fmul.o(.text), (122 bytes).
    Removing fdiv.o(.text), (124 bytes).
    Removing ffltui.o(.text), (14 bytes).
    Removing ffixui.o(.text), (40 bytes).

881 unused section(s) (total 44080 bytes) removed from the image.

==============================================================================

Image Symbol Table

    Local Symbols

    Symbol Name                              Value     Ov Type        Size  Object(Section)

    ../clib/division.s                       0x00000000   Number         0  aeabi_sdivfast.o ABSOLUTE
    ../clib/division.s                       0x00000000   Number         0  aeabi_sdivfast_div0.o ABSOLUTE
    ../clib/microlib/division.c              0x00000000   Number         0  uidiv.o ABSOLUTE
    ../clib/microlib/division.c              0x00000000   Number         0  uldiv.o ABSOLUTE
    ../clib/microlib/division.c              0x00000000   Number         0  uidiv_div0.o ABSOLUTE
    ../clib/microlib/division.c              0x00000000   Number         0  idiv_div0.o ABSOLUTE
    ../clib/microlib/division.c              0x00000000   Number         0  idiv0.o ABSOLUTE
    ../clib/microlib/init/entry.s            0x00000000   Number         0  entry.o ABSOLUTE
    ../clib/microlib/init/entry.s            0x00000000   Number         0  entry2.o ABSOLUTE
    ../clib/microlib/init/entry.s            0x00000000   Number         0  entry5.o ABSOLUTE
    ../clib/microlib/init/entry.s            0x00000000   Number         0  entry7a.o ABSOLUTE
    ../clib/microlib/init/entry.s            0x00000000   Number         0  entry7b.o ABSOLUTE
    ../clib/microlib/init/entry.s            0x00000000   Number         0  entry8a.o ABSOLUTE
    ../clib/microlib/init/entry.s            0x00000000   Number         0  entry8b.o ABSOLUTE
    ../clib/microlib/init/entry.s            0x00000000   Number         0  entry9a.o ABSOLUTE
    ../clib/microlib/init/entry.s            0x00000000   Number         0  entry9b.o ABSOLUTE
    ../clib/microlib/init/entry.s            0x00000000   Number         0  entry10a.o ABSOLUTE
    ../clib/microlib/init/entry.s            0x00000000   Number         0  entry10b.o ABSOLUTE
    ../clib/microlib/init/entry.s            0x00000000   Number         0  entry11a.o ABSOLUTE
    ../clib/microlib/init/entry.s            0x00000000   Number         0  entry11b.o ABSOLUTE
    ../clib/microlib/longlong.c              0x00000000   Number         0  llshl.o ABSOLUTE
    ../clib/microlib/longlong.c              0x00000000   Number         0  llushr.o ABSOLUTE
    ../clib/microlib/longlong.c              0x00000000   Number         0  llsshr.o ABSOLUTE
    ../clib/microlib/printf/printf.c         0x00000000   Number         0  printfb.o ABSOLUTE
    ../clib/microlib/printf/printf.c         0x00000000   Number         0  printf0.o ABSOLUTE
    ../clib/microlib/printf/printf.c         0x00000000   Number         0  printf1.o ABSOLUTE
    ../clib/microlib/printf/printf.c         0x00000000   Number         0  printf2.o ABSOLUTE
    ../clib/microlib/printf/printf.c         0x00000000   Number         0  printf3.o ABSOLUTE
    ../clib/microlib/printf/printf.c         0x00000000   Number         0  printf4.o ABSOLUTE
    ../clib/microlib/printf/printf.c         0x00000000   Number         0  printf5.o ABSOLUTE
    ../clib/microlib/printf/printf.c         0x00000000   Number         0  printf6.o ABSOLUTE
    ../clib/microlib/printf/printf.c         0x00000000   Number         0  printf7.o ABSOLUTE
    ../clib/microlib/printf/printf.c         0x00000000   Number         0  printf8.o ABSOLUTE
    ../clib/microlib/printf/printf.c         0x00000000   Number         0  printfa.o ABSOLUTE
    ../clib/microlib/printf/stubs.s          0x00000000   Number         0  printfstubs.o ABSOLUTE
    ../clib/microlib/stdio/puts.c            0x00000000   Number         0  puts.o ABSOLUTE
    ../clib/microlib/stdio/puts.c            0x00000000   Number         0  puts_e.o ABSOLUTE
    ../clib/microlib/stdio/streams.c         0x00000000   Number         0  stdout.o ABSOLUTE
    ../clib/microlib/string/memcpy.c         0x00000000   Number         0  memcpya.o ABSOLUTE
    ../clib/microlib/string/memcpy.c         0x00000000   Number         0  memcpyb.o ABSOLUTE
    ../clib/microlib/string/memset.c         0x00000000   Number         0  memseta.o ABSOLUTE
    ../clib/microlib/string/strlen.c         0x00000000   Number         0  strlen.o ABSOLUTE
    ../clib/microlib/stubs.s                 0x00000000   Number         0  iusefp.o ABSOLUTE
    ../fplib/microlib/d2f.c                  0x00000000   Number         0  d2f.o ABSOLUTE
    ../fplib/microlib/f2d.c                  0x00000000   Number         0  f2d.o ABSOLUTE
    ../fplib/microlib/fpadd.c                0x00000000   Number         0  dadd.o ABSOLUTE
    ../fplib/microlib/fpdiv.c                0x00000000   Number         0  fdiv.o ABSOLUTE
    ../fplib/microlib/fpdiv.c                0x00000000   Number         0  ddiv.o ABSOLUTE
    ../fplib/microlib/fpepilogue.c           0x00000000   Number         0  fepilogue.o ABSOLUTE
    ../fplib/microlib/fpepilogue.c           0x00000000   Number         0  depilogue.o ABSOLUTE
    ../fplib/microlib/fpfix.c                0x00000000   Number         0  ffixui.o ABSOLUTE
    ../fplib/microlib/fpfix.c                0x00000000   Number         0  dfixul.o ABSOLUTE
    ../fplib/microlib/fpflt.c                0x00000000   Number         0  ffltui.o ABSOLUTE
    ../fplib/microlib/fpflt.c                0x00000000   Number         0  dfltui.o ABSOLUTE
    ../fplib/microlib/fpmul.c                0x00000000   Number         0  fmul.o ABSOLUTE
    ../fplib/microlib/fpmul.c                0x00000000   Number         0  dmul.o ABSOLUTE
    HC-SR04.c                                0x00000000   Number         0  hc-sr04.o ABSOLUTE
    Util.c                                   0x00000000   Number         0  util.o ABSOLUTE
    cdrcmple.s                               0x00000000   Number         0  cdrcmple.o ABSOLUTE
    dc.s                                     0x00000000   Number         0  dc.o ABSOLUTE
    dma.c                                    0x00000000   Number         0  dma.o ABSOLUTE
    gpio.c                                   0x00000000   Number         0  gpio.o ABSOLUTE
    handlers.s                               0x00000000   Number         0  handlers.o ABSOLUTE
    init.s                                   0x00000000   Number         0  init.o ABSOLUTE
    main.c                                   0x00000000   Number         0  main.o ABSOLUTE
    startup_stm32l053xx.s                    0x00000000   Number         0  startup_stm32l053xx.o ABSOLUTE
    stm32l0xx_hal.c                          0x00000000   Number         0  stm32l0xx_hal.o ABSOLUTE
    stm32l0xx_hal_cortex.c                   0x00000000   Number         0  stm32l0xx_hal_cortex.o ABSOLUTE
    stm32l0xx_hal_dma.c                      0x00000000   Number         0  stm32l0xx_hal_dma.o ABSOLUTE
    stm32l0xx_hal_exti.c                     0x00000000   Number         0  stm32l0xx_hal_exti.o ABSOLUTE
    stm32l0xx_hal_flash.c                    0x00000000   Number         0  stm32l0xx_hal_flash.o ABSOLUTE
    stm32l0xx_hal_flash_ex.c                 0x00000000   Number         0  stm32l0xx_hal_flash_ex.o ABSOLUTE
    stm32l0xx_hal_flash_ramfunc.c            0x00000000   Number         0  stm32l0xx_hal_flash_ramfunc.o ABSOLUTE
    stm32l0xx_hal_gpio.c                     0x00000000   Number         0  stm32l0xx_hal_gpio.o ABSOLUTE
    stm32l0xx_hal_i2c.c                      0x00000000   Number         0  stm32l0xx_hal_i2c.o ABSOLUTE
    stm32l0xx_hal_i2c_ex.c                   0x00000000   Number         0  stm32l0xx_hal_i2c_ex.o ABSOLUTE
    stm32l0xx_hal_msp.c                      0x00000000   Number         0  stm32l0xx_hal_msp.o ABSOLUTE
    stm32l0xx_hal_pwr.c                      0x00000000   Number         0  stm32l0xx_hal_pwr.o ABSOLUTE
    stm32l0xx_hal_pwr_ex.c                   0x00000000   Number         0  stm32l0xx_hal_pwr_ex.o ABSOLUTE
    stm32l0xx_hal_rcc.c                      0x00000000   Number         0  stm32l0xx_hal_rcc.o ABSOLUTE
    stm32l0xx_hal_rcc_ex.c                   0x00000000   Number         0  stm32l0xx_hal_rcc_ex.o ABSOLUTE
    stm32l0xx_hal_tim.c                      0x00000000   Number         0  stm32l0xx_hal_tim.o ABSOLUTE
    stm32l0xx_hal_tim_ex.c                   0x00000000   Number         0  stm32l0xx_hal_tim_ex.o ABSOLUTE
    stm32l0xx_hal_uart.c                     0x00000000   Number         0  stm32l0xx_hal_uart.o ABSOLUTE
    stm32l0xx_hal_uart_ex.c                  0x00000000   Number         0  stm32l0xx_hal_uart_ex.o ABSOLUTE
    stm32l0xx_it.c                           0x00000000   Number         0  stm32l0xx_it.o ABSOLUTE
    system_stm32l0xx.c                       0x00000000   Number         0  system_stm32l0xx.o ABSOLUTE
    tim.c                                    0x00000000   Number         0  tim.o ABSOLUTE
    time_delay.c                             0x00000000   Number         0  time_delay.o ABSOLUTE
    usart.c                                  0x00000000   Number         0  usart.o ABSOLUTE
    RESET                                    0x08000000   Section      192  startup_stm32l053xx.o(RESET)
    .ARM.Collect$$$$00000000                 0x080000c0   Section        0  entry.o(.ARM.Collect$$$$00000000)
    .ARM.Collect$$$$00000001                 0x080000c0   Section        4  entry2.o(.ARM.Collect$$$$00000001)
    .ARM.Collect$$$$00000004                 0x080000c4   Section        4  entry5.o(.ARM.Collect$$$$00000004)
    .ARM.Collect$$$$00000008                 0x080000c8   Section        0  entry7b.o(.ARM.Collect$$$$00000008)
    .ARM.Collect$$$$0000000A                 0x080000c8   Section        0  entry8b.o(.ARM.Collect$$$$0000000A)
    .ARM.Collect$$$$0000000B                 0x080000c8   Section        8  entry9a.o(.ARM.Collect$$$$0000000B)
    __lit__00000000                          0x080000d0   Data           4  entry2.o(.ARM.Collect$$$$00002712)
    .ARM.Collect$$$$0000000D                 0x080000d0   Section        0  entry10a.o(.ARM.Collect$$$$0000000D)
    .ARM.Collect$$$$0000000F                 0x080000d0   Section        0  entry11a.o(.ARM.Collect$$$$0000000F)
    .ARM.Collect$$$$00002712                 0x080000d0   Section        4  entry2.o(.ARM.Collect$$$$00002712)
    .text                                    0x080000d4   Section       28  startup_stm32l053xx.o(.text)
    .text                                    0x080000f0   Section        0  uldiv.o(.text)
    .text                                    0x08000150   Section        0  memcpya.o(.text)
    .text                                    0x08000174   Section        0  memseta.o(.text)
    .text                                    0x08000198   Section        0  strlen.o(.text)
    .text                                    0x080001a8   Section        0  dmul.o(.text)
    .text                                    0x08000278   Section        0  dfltui.o(.text)
    .text                                    0x08000294   Section        0  f2d.o(.text)
    .text                                    0x080002bc   Section        0  d2f.o(.text)
    .text                                    0x080002f4   Section        0  uidiv_div0.o(.text)
    .text                                    0x08000332   Section        0  llshl.o(.text)
    .text                                    0x08000352   Section        0  llushr.o(.text)
    .text                                    0x08000374   Section        0  iusefp.o(.text)
    .text                                    0x08000374   Section        0  fepilogue.o(.text)
    .text                                    0x080003f6   Section        0  depilogue.o(.text)
    .text                                    0x080004b4   Section        0  dadd.o(.text)
    .text                                    0x08000618   Section        0  ddiv.o(.text)
    .text                                    0x08000708   Section        0  dfixul.o(.text)
    .text                                    0x08000748   Section       40  cdrcmple.o(.text)
    .text                                    0x08000770   Section       48  init.o(.text)
    .text                                    0x080007a0   Section        0  llsshr.o(.text)
    [Anonymous Symbol]                       0x080007c8   Section        0  stm32l0xx_it.o(.text.DMA1_Channel4_5_6_7_IRQHandler)
    __arm_cp.6_0                             0x080007d4   Number         4  stm32l0xx_it.o(.text.DMA1_Channel4_5_6_7_IRQHandler)
    [Anonymous Symbol]                       0x080007d8   Section        0  stm32l0xx_it.o(.text.EXTI4_15_IRQHandler)
    [Anonymous Symbol]                       0x080007ea   Section        0  main.o(.text.Error_Handler)
    [Anonymous Symbol]                       0x080007f2   Section        0  stm32l0xx_hal_dma.o(.text.HAL_DMA_Abort)
    [Anonymous Symbol]                       0x08000834   Section        0  stm32l0xx_hal_dma.o(.text.HAL_DMA_Abort_IT)
    [Anonymous Symbol]                       0x0800087a   Section        0  stm32l0xx_hal_dma.o(.text.HAL_DMA_IRQHandler)
    [Anonymous Symbol]                       0x08000950   Section        0  stm32l0xx_hal_dma.o(.text.HAL_DMA_Init)
    __arm_cp.0_0                             0x080009e4   Number         4  stm32l0xx_hal_dma.o(.text.HAL_DMA_Init)
    __arm_cp.0_1                             0x080009e8   Number         4  stm32l0xx_hal_dma.o(.text.HAL_DMA_Init)
    __arm_cp.0_2                             0x080009ec   Number         4  stm32l0xx_hal_dma.o(.text.HAL_DMA_Init)
    __arm_cp.0_3                             0x080009f0   Number         4  stm32l0xx_hal_dma.o(.text.HAL_DMA_Init)
    [Anonymous Symbol]                       0x080009f4   Section        0  stm32l0xx_hal_dma.o(.text.HAL_DMA_Start_IT)
    [Anonymous Symbol]                       0x08000a78   Section        0  stm32l0xx_hal.o(.text.HAL_Delay)
    [Anonymous Symbol]                       0x08000a98   Section        0  hc-sr04.o(.text.HAL_GPIO_EXTI_Callback)
    __arm_cp.1_0                             0x08000b04   Number         4  hc-sr04.o(.text.HAL_GPIO_EXTI_Callback)
    __arm_cp.1_1                             0x08000b08   Number         4  hc-sr04.o(.text.HAL_GPIO_EXTI_Callback)
    __arm_cp.1_2                             0x08000b0c   Number         4  hc-sr04.o(.text.HAL_GPIO_EXTI_Callback)
    __arm_cp.1_3                             0x08000b10   Number         4  hc-sr04.o(.text.HAL_GPIO_EXTI_Callback)
    __arm_cp.1_4                             0x08000b14   Number         4  hc-sr04.o(.text.HAL_GPIO_EXTI_Callback)
    __arm_cp.1_5                             0x08000b18   Number         4  hc-sr04.o(.text.HAL_GPIO_EXTI_Callback)
    __arm_cp.1_6                             0x08000b1c   Number         4  hc-sr04.o(.text.HAL_GPIO_EXTI_Callback)
    [Anonymous Symbol]                       0x08000b20   Section        0  stm32l0xx_hal_gpio.o(.text.HAL_GPIO_EXTI_IRQHandler)
    __arm_cp.6_0                             0x08000b34   Number         4  stm32l0xx_hal_gpio.o(.text.HAL_GPIO_EXTI_IRQHandler)
    [Anonymous Symbol]                       0x08000b38   Section        0  stm32l0xx_hal_gpio.o(.text.HAL_GPIO_Init)
    __arm_cp.0_0                             0x08000cb4   Number         4  stm32l0xx_hal_gpio.o(.text.HAL_GPIO_Init)
    __arm_cp.0_1                             0x08000cb8   Number         4  stm32l0xx_hal_gpio.o(.text.HAL_GPIO_Init)
    __arm_cp.0_3                             0x08000cbc   Number         4  stm32l0xx_hal_gpio.o(.text.HAL_GPIO_Init)
    [Anonymous Symbol]                       0x08000cc0   Section        0  stm32l0xx_hal_gpio.o(.text.HAL_GPIO_ReadPin)
    [Anonymous Symbol]                       0x08000cca   Section        0  stm32l0xx_hal_gpio.o(.text.HAL_GPIO_WritePin)
    [Anonymous Symbol]                       0x08000cdc   Section        0  stm32l0xx_hal.o(.text.HAL_GetTick)
    [Anonymous Symbol]                       0x08000ce4   Section        0  stm32l0xx_hal.o(.text.HAL_IncTick)
    __arm_cp.5_1                             0x08000cf4   Number         4  stm32l0xx_hal.o(.text.HAL_IncTick)
    [Anonymous Symbol]                       0x08000cf8   Section        0  stm32l0xx_hal.o(.text.HAL_Init)
    __arm_cp.0_0                             0x08000d1c   Number         4  stm32l0xx_hal.o(.text.HAL_Init)
    [Anonymous Symbol]                       0x08000d20   Section        0  stm32l0xx_hal.o(.text.HAL_InitTick)
    __arm_cp.1_0                             0x08000d5c   Number         4  stm32l0xx_hal.o(.text.HAL_InitTick)
    __arm_cp.1_1                             0x08000d60   Number         4  stm32l0xx_hal.o(.text.HAL_InitTick)
    [Anonymous Symbol]                       0x08000d64   Section        0  stm32l0xx_hal_msp.o(.text.HAL_MspInit)
    __arm_cp.0_0                             0x08000d78   Number         4  stm32l0xx_hal_msp.o(.text.HAL_MspInit)
    [Anonymous Symbol]                       0x08000d7c   Section        0  stm32l0xx_hal_cortex.o(.text.HAL_NVIC_EnableIRQ)
    __arm_cp.1_0                             0x08000d90   Number         4  stm32l0xx_hal_cortex.o(.text.HAL_NVIC_EnableIRQ)
    [Anonymous Symbol]                       0x08000d94   Section        0  stm32l0xx_hal_cortex.o(.text.HAL_NVIC_SetPriority)
    __arm_cp.0_0                             0x08000dc4   Number         4  stm32l0xx_hal_cortex.o(.text.HAL_NVIC_SetPriority)
    __arm_cp.0_1                             0x08000dc8   Number         4  stm32l0xx_hal_cortex.o(.text.HAL_NVIC_SetPriority)
    [Anonymous Symbol]                       0x08000dcc   Section        0  stm32l0xx_hal_rcc_ex.o(.text.HAL_RCCEx_PeriphCLKConfig)
    __arm_cp.0_0                             0x08000fd4   Number         4  stm32l0xx_hal_rcc_ex.o(.text.HAL_RCCEx_PeriphCLKConfig)
    __arm_cp.0_1                             0x08000fd8   Number         4  stm32l0xx_hal_rcc_ex.o(.text.HAL_RCCEx_PeriphCLKConfig)
    [Anonymous Symbol]                       0x08000fdc   Section        0  stm32l0xx_hal_rcc.o(.text.HAL_RCC_ClockConfig)
    __arm_cp.3_0                             0x080011f4   Number         4  stm32l0xx_hal_rcc.o(.text.HAL_RCC_ClockConfig)
    __arm_cp.3_1                             0x080011f8   Number         4  stm32l0xx_hal_rcc.o(.text.HAL_RCC_ClockConfig)
    __arm_cp.3_7                             0x080011fc   Number         4  stm32l0xx_hal_rcc.o(.text.HAL_RCC_ClockConfig)
    __arm_cp.3_9                             0x08001200   Number         4  stm32l0xx_hal_rcc.o(.text.HAL_RCC_ClockConfig)
    [Anonymous Symbol]                       0x08001204   Section        0  stm32l0xx_hal_rcc.o(.text.HAL_RCC_GetPCLK1Freq)
    [Anonymous Symbol]                       0x08001218   Section        0  stm32l0xx_hal_rcc.o(.text.HAL_RCC_GetPCLK2Freq)
    __arm_cp.8_0                             0x0800122c   Number         4  stm32l0xx_hal_rcc.o(.text.HAL_RCC_GetPCLK2Freq)
    __arm_cp.8_1                             0x08001230   Number         4  stm32l0xx_hal_rcc.o(.text.HAL_RCC_GetPCLK2Freq)
    __arm_cp.8_2                             0x08001234   Number         4  stm32l0xx_hal_rcc.o(.text.HAL_RCC_GetPCLK2Freq)
    [Anonymous Symbol]                       0x08001238   Section        0  stm32l0xx_hal_rcc.o(.text.HAL_RCC_GetSysClockFreq)
    __arm_cp.2_1                             0x0800129c   Number         4  stm32l0xx_hal_rcc.o(.text.HAL_RCC_GetSysClockFreq)
    __arm_cp.2_2                             0x080012a0   Number         4  stm32l0xx_hal_rcc.o(.text.HAL_RCC_GetSysClockFreq)
    __arm_cp.2_3                             0x080012a4   Number         4  stm32l0xx_hal_rcc.o(.text.HAL_RCC_GetSysClockFreq)
    __arm_cp.2_4                             0x080012a8   Number         4  stm32l0xx_hal_rcc.o(.text.HAL_RCC_GetSysClockFreq)
    [Anonymous Symbol]                       0x080012ac   Section        0  stm32l0xx_hal_rcc.o(.text.HAL_RCC_OscConfig)
    __arm_cp.1_13                            0x0800143c   Number         4  stm32l0xx_hal_rcc.o(.text.HAL_RCC_OscConfig)
    __arm_cp.1_1                             0x08001808   Number         4  stm32l0xx_hal_rcc.o(.text.HAL_RCC_OscConfig)
    __arm_cp.1_2                             0x0800180c   Number         4  stm32l0xx_hal_rcc.o(.text.HAL_RCC_OscConfig)
    __arm_cp.1_3                             0x08001810   Number         4  stm32l0xx_hal_rcc.o(.text.HAL_RCC_OscConfig)
    __arm_cp.1_4                             0x08001814   Number         4  stm32l0xx_hal_rcc.o(.text.HAL_RCC_OscConfig)
    __arm_cp.1_5                             0x08001818   Number         4  stm32l0xx_hal_rcc.o(.text.HAL_RCC_OscConfig)
    __arm_cp.1_6                             0x0800181c   Number         4  stm32l0xx_hal_rcc.o(.text.HAL_RCC_OscConfig)
    __arm_cp.1_7                             0x08001820   Number         4  stm32l0xx_hal_rcc.o(.text.HAL_RCC_OscConfig)
    __arm_cp.1_8                             0x08001824   Number         4  stm32l0xx_hal_rcc.o(.text.HAL_RCC_OscConfig)
    __arm_cp.1_9                             0x08001828   Number         4  stm32l0xx_hal_rcc.o(.text.HAL_RCC_OscConfig)
    __arm_cp.1_10                            0x0800182c   Number         4  stm32l0xx_hal_rcc.o(.text.HAL_RCC_OscConfig)
    [Anonymous Symbol]                       0x08001830   Section        0  stm32l0xx_hal_cortex.o(.text.HAL_SYSTICK_Config)
    __arm_cp.4_0                             0x08001858   Number         4  stm32l0xx_hal_cortex.o(.text.HAL_SYSTICK_Config)
    __arm_cp.4_1                             0x0800185c   Number         4  stm32l0xx_hal_cortex.o(.text.HAL_SYSTICK_Config)
    __arm_cp.4_2                             0x08001860   Number         4  stm32l0xx_hal_cortex.o(.text.HAL_SYSTICK_Config)
    [Anonymous Symbol]                       0x08001864   Section        0  stm32l0xx_hal_tim_ex.o(.text.HAL_TIMEx_MasterConfigSynchronization)
    [Anonymous Symbol]                       0x080018b0   Section        0  stm32l0xx_hal_tim.o(.text.HAL_TIM_Base_Init)
    [Anonymous Symbol]                       0x08001948   Section        0  tim.o(.text.HAL_TIM_Base_MspInit)
    __arm_cp.4_0                             0x08001974   Number         4  tim.o(.text.HAL_TIM_Base_MspInit)
    __arm_cp.4_1                             0x08001978   Number         4  tim.o(.text.HAL_TIM_Base_MspInit)
    [Anonymous Symbol]                       0x0800197c   Section        0  stm32l0xx_hal_tim.o(.text.HAL_TIM_Base_Start)
    [Anonymous Symbol]                       0x080019bc   Section        0  stm32l0xx_hal_tim.o(.text.HAL_TIM_IC_CaptureCallback)
    [Anonymous Symbol]                       0x080019c0   Section        0  stm32l0xx_hal_tim.o(.text.HAL_TIM_IC_ConfigChannel)
    __arm_cp.72_0                            0x08001b34   Number         4  stm32l0xx_hal_tim.o(.text.HAL_TIM_IC_ConfigChannel)
    [Anonymous Symbol]                       0x08001b38   Section        0  stm32l0xx_hal_tim.o(.text.HAL_TIM_IC_Init)
    __arm_cp.35_0                            0x08001bd0   Number         4  stm32l0xx_hal_tim.o(.text.HAL_TIM_IC_Init)
    __arm_cp.35_1                            0x08001bd4   Number         4  stm32l0xx_hal_tim.o(.text.HAL_TIM_IC_Init)
    [Anonymous Symbol]                       0x08001bd8   Section        0  stm32l0xx_hal_tim.o(.text.HAL_TIM_IC_MspInit)
    [Anonymous Symbol]                       0x08001bda   Section        0  stm32l0xx_hal_tim.o(.text.HAL_TIM_IRQHandler)
    [Anonymous Symbol]                       0x08001cf0   Section        0  stm32l0xx_hal_tim.o(.text.HAL_TIM_OC_DelayElapsedCallback)
    [Anonymous Symbol]                       0x08001cf4   Section        0  stm32l0xx_hal_tim.o(.text.HAL_TIM_PWM_ConfigChannel)
    [Anonymous Symbol]                       0x08001e44   Section        0  stm32l0xx_hal_tim.o(.text.HAL_TIM_PWM_Init)
    __arm_cp.25_0                            0x08001edc   Number         4  stm32l0xx_hal_tim.o(.text.HAL_TIM_PWM_Init)
    __arm_cp.25_1                            0x08001ee0   Number         4  stm32l0xx_hal_tim.o(.text.HAL_TIM_PWM_Init)
    [Anonymous Symbol]                       0x08001ee4   Section        0  tim.o(.text.HAL_TIM_PWM_MspInit)
    __arm_cp.3_0                             0x08001f28   Number         4  tim.o(.text.HAL_TIM_PWM_MspInit)
    __arm_cp.3_1                             0x08001f2c   Number         4  tim.o(.text.HAL_TIM_PWM_MspInit)
    [Anonymous Symbol]                       0x08001f30   Section        0  stm32l0xx_hal_tim.o(.text.HAL_TIM_PWM_PulseFinishedCallback)
    [Anonymous Symbol]                       0x08001f32   Section        0  stm32l0xx_hal_tim.o(.text.HAL_TIM_PeriodElapsedCallback)
    [Anonymous Symbol]                       0x08001f34   Section        0  stm32l0xx_hal_tim.o(.text.HAL_TIM_TriggerCallback)
    [Anonymous Symbol]                       0x08001f36   Section        0  stm32l0xx_hal_uart_ex.o(.text.HAL_UARTEx_ReceiveToIdle_DMA)
    [Anonymous Symbol]                       0x08001fa4   Section        0  usart.o(.text.HAL_UARTEx_RxEventCallback)
    __arm_cp.5_0                             0x08002008   Number         4  usart.o(.text.HAL_UARTEx_RxEventCallback)
    __arm_cp.5_1                             0x0800200c   Number         4  usart.o(.text.HAL_UARTEx_RxEventCallback)
    __arm_cp.5_2                             0x08002010   Number         4  usart.o(.text.HAL_UARTEx_RxEventCallback)
    __arm_cp.5_3                             0x08002014   Number         4  usart.o(.text.HAL_UARTEx_RxEventCallback)
    __arm_cp.5_4                             0x08002018   Number         4  usart.o(.text.HAL_UARTEx_RxEventCallback)
    [Anonymous Symbol]                       0x08002024   Section        0  stm32l0xx_hal_uart_ex.o(.text.HAL_UARTEx_WakeupCallback)
    [Anonymous Symbol]                       0x08002026   Section        0  stm32l0xx_hal_uart.o(.text.HAL_UART_ErrorCallback)
    [Anonymous Symbol]                       0x08002028   Section        0  stm32l0xx_hal_uart.o(.text.HAL_UART_IRQHandler)
    __arm_cp.40_0                            0x08002400   Number         4  stm32l0xx_hal_uart.o(.text.HAL_UART_IRQHandler)
    __arm_cp.40_1                            0x08002404   Number         4  stm32l0xx_hal_uart.o(.text.HAL_UART_IRQHandler)
    __arm_cp.40_2                            0x08002408   Number         4  stm32l0xx_hal_uart.o(.text.HAL_UART_IRQHandler)
    [Anonymous Symbol]                       0x0800240c   Section        0  stm32l0xx_hal_uart.o(.text.HAL_UART_Init)
    [Anonymous Symbol]                       0x0800247c   Section        0  usart.o(.text.HAL_UART_MspInit)
    __arm_cp.2_2                             0x08002508   Number         4  usart.o(.text.HAL_UART_MspInit)
    __arm_cp.2_3                             0x0800250c   Number         4  usart.o(.text.HAL_UART_MspInit)
    [Anonymous Symbol]                       0x08002510   Section        0  stm32l0xx_hal_uart.o(.text.HAL_UART_RxCpltCallback)
    [Anonymous Symbol]                       0x08002512   Section        0  stm32l0xx_hal_uart.o(.text.HAL_UART_RxHalfCpltCallback)
    [Anonymous Symbol]                       0x08002514   Section        0  stm32l0xx_hal_uart.o(.text.HAL_UART_Transmit)
    __arm_cp.10_0                            0x080025e8   Number         4  stm32l0xx_hal_uart.o(.text.HAL_UART_Transmit)
    [Anonymous Symbol]                       0x080025ec   Section        0  stm32l0xx_hal_uart.o(.text.HAL_UART_TxCpltCallback)
    [Anonymous Symbol]                       0x080025ee   Section        0  stm32l0xx_it.o(.text.HardFault_Handler)
    [Anonymous Symbol]                       0x080025f0   Section        0  dma.o(.text.MX_DMA_Init)
    __arm_cp.0_0                             0x0800261c   Number         4  dma.o(.text.MX_DMA_Init)
    [Anonymous Symbol]                       0x08002620   Section        0  gpio.o(.text.MX_GPIO_Init)
    __arm_cp.0_1                             0x080026ec   Number         4  gpio.o(.text.MX_GPIO_Init)
    [Anonymous Symbol]                       0x080026f0   Section        0  tim.o(.text.MX_TIM2_Init)
    __arm_cp.0_0                             0x080027b4   Number         4  tim.o(.text.MX_TIM2_Init)
    __arm_cp.0_2                             0x080027b8   Number         4  tim.o(.text.MX_TIM2_Init)
    __arm_cp.0_3                             0x080027bc   Number         4  tim.o(.text.MX_TIM2_Init)
    [Anonymous Symbol]                       0x080027c0   Section        0  tim.o(.text.MX_TIM6_Init)
    __arm_cp.2_1                             0x080027fc   Number         4  tim.o(.text.MX_TIM6_Init)
    __arm_cp.2_2                             0x08002800   Number         4  tim.o(.text.MX_TIM6_Init)
    [Anonymous Symbol]                       0x08002804   Section        0  usart.o(.text.MX_USART2_UART_Init)
    __arm_cp.1_0                             0x08002834   Number         4  usart.o(.text.MX_USART2_UART_Init)
    __arm_cp.1_1                             0x08002838   Number         4  usart.o(.text.MX_USART2_UART_Init)
    [Anonymous Symbol]                       0x0800283c   Section        0  stm32l0xx_it.o(.text.NMI_Handler)
    [Anonymous Symbol]                       0x0800283e   Section        0  stm32l0xx_it.o(.text.PendSV_Handler)
    [Anonymous Symbol]                       0x08002840   Section        0  stm32l0xx_it.o(.text.SVC_Handler)
    [Anonymous Symbol]                       0x08002842   Section        0  stm32l0xx_it.o(.text.SysTick_Handler)
    [Anonymous Symbol]                       0x0800284a   Section        0  system_stm32l0xx.o(.text.SystemInit)
    [Anonymous Symbol]                       0x0800284c   Section        0  stm32l0xx_it.o(.text.TIM6_DAC_IRQHandler)
    __arm_cp.7_0                             0x08002858   Number         4  stm32l0xx_it.o(.text.TIM6_DAC_IRQHandler)
    [Anonymous Symbol]                       0x0800285c   Section        0  stm32l0xx_hal_uart.o(.text.UART_AdvFeatureConfig)
    [Anonymous Symbol]                       0x08002930   Section        0  stm32l0xx_hal_uart.o(.text.UART_CheckIdleState)
    __arm_cp.4_0                             0x080029f0   Number         4  stm32l0xx_hal_uart.o(.text.UART_CheckIdleState)
    UART_DMAAbortOnError                     0x080029f5   Thumb Code    22  stm32l0xx_hal_uart.o(.text.UART_DMAAbortOnError)
    [Anonymous Symbol]                       0x080029f4   Section        0  stm32l0xx_hal_uart.o(.text.UART_DMAAbortOnError)
    UART_DMAError                            0x08002a0b   Thumb Code   178  stm32l0xx_hal_uart.o(.text.UART_DMAError)
    [Anonymous Symbol]                       0x08002a0a   Section        0  stm32l0xx_hal_uart.o(.text.UART_DMAError)
    UART_DMAReceiveCplt                      0x08002abd   Thumb Code   144  stm32l0xx_hal_uart.o(.text.UART_DMAReceiveCplt)
    [Anonymous Symbol]                       0x08002abc   Section        0  stm32l0xx_hal_uart.o(.text.UART_DMAReceiveCplt)
    UART_DMARxHalfCplt                       0x08002b4d   Thumb Code    32  stm32l0xx_hal_uart.o(.text.UART_DMARxHalfCplt)
    [Anonymous Symbol]                       0x08002b4c   Section        0  stm32l0xx_hal_uart.o(.text.UART_DMARxHalfCplt)
    [Anonymous Symbol]                       0x08002b6c   Section        0  stm32l0xx_hal_uart.o(.text.UART_SetConfig)
    __arm_cp.2_0                             0x08002d30   Number         4  stm32l0xx_hal_uart.o(.text.UART_SetConfig)
    __arm_cp.2_1                             0x08002d34   Number         4  stm32l0xx_hal_uart.o(.text.UART_SetConfig)
    __arm_cp.2_2                             0x08002d38   Number         4  stm32l0xx_hal_uart.o(.text.UART_SetConfig)
    __arm_cp.2_3                             0x08002d3c   Number         4  stm32l0xx_hal_uart.o(.text.UART_SetConfig)
    __arm_cp.2_4                             0x08002d40   Number         4  stm32l0xx_hal_uart.o(.text.UART_SetConfig)
    __arm_cp.2_5                             0x08002d44   Number         4  stm32l0xx_hal_uart.o(.text.UART_SetConfig)
    __arm_cp.2_7                             0x08002d58   Number         4  stm32l0xx_hal_uart.o(.text.UART_SetConfig)
    __arm_cp.2_8                             0x08002d5c   Number         4  stm32l0xx_hal_uart.o(.text.UART_SetConfig)
    __arm_cp.2_9                             0x08002d60   Number         4  stm32l0xx_hal_uart.o(.text.UART_SetConfig)
    __arm_cp.2_10                            0x08002d64   Number         4  stm32l0xx_hal_uart.o(.text.UART_SetConfig)
    __arm_cp.2_11                            0x08002d68   Number         4  stm32l0xx_hal_uart.o(.text.UART_SetConfig)
    [Anonymous Symbol]                       0x08002d6c   Section        0  stm32l0xx_hal_uart.o(.text.UART_Start_Receive_DMA)
    __arm_cp.23_0                            0x08002e08   Number         4  stm32l0xx_hal_uart.o(.text.UART_Start_Receive_DMA)
    __arm_cp.23_1                            0x08002e0c   Number         4  stm32l0xx_hal_uart.o(.text.UART_Start_Receive_DMA)
    __arm_cp.23_2                            0x08002e10   Number         4  stm32l0xx_hal_uart.o(.text.UART_Start_Receive_DMA)
    [Anonymous Symbol]                       0x08002e14   Section        0  stm32l0xx_hal_uart.o(.text.UART_WaitOnFlagUntilTimeout)
    [Anonymous Symbol]                       0x08002fb8   Section        0  stm32l0xx_it.o(.text.USART2_IRQHandler)
    [Anonymous Symbol]                       0x08002fc4   Section        0  usart.o(.text.fputc)
    __arm_cp.0_1                             0x08002fdc   Number         4  usart.o(.text.fputc)
    [Anonymous Symbol]                       0x08002fe0   Section        0  main.o(.text.main)
    __arm_cp.0_0                             0x080030f4   Number         4  main.o(.text.main)
    __arm_cp.0_1                             0x080030f8   Number         4  main.o(.text.main)
    __arm_cp.0_2                             0x080030fc   Number         4  main.o(.text.main)
    __arm_cp.0_3                             0x08003100   Number         4  main.o(.text.main)
    __arm_cp.0_5                             0x08003114   Number         4  main.o(.text.main)
    __arm_cp.0_6                             0x08003118   Number         4  main.o(.text.main)
    __arm_cp.0_7                             0x0800311c   Number         4  main.o(.text.main)
    i.__0printf                              0x08003134   Section        0  printfa.o(i.__0printf)
    i.__ARM_clz                              0x08003154   Section        0  depilogue.o(i.__ARM_clz)
    i.__scatterload_copy                     0x08003182   Section       14  handlers.o(i.__scatterload_copy)
    i.__scatterload_null                     0x08003190   Section        2  handlers.o(i.__scatterload_null)
    i.__scatterload_zeroinit                 0x08003192   Section       14  handlers.o(i.__scatterload_zeroinit)
    _fp_digits                               0x080031a1   Thumb Code   344  printfa.o(i._fp_digits)
    i._fp_digits                             0x080031a0   Section        0  printfa.o(i._fp_digits)
    _printf_core                             0x08003315   Thumb Code  1754  printfa.o(i._printf_core)
    i._printf_core                           0x08003314   Section        0  printfa.o(i._printf_core)
    _printf_post_padding                     0x08003a01   Thumb Code    32  printfa.o(i._printf_post_padding)
    i._printf_post_padding                   0x08003a00   Section        0  printfa.o(i._printf_post_padding)
    _printf_pre_padding                      0x08003a21   Thumb Code    44  printfa.o(i._printf_pre_padding)
    i._printf_pre_padding                    0x08003a20   Section        0  printfa.o(i._printf_pre_padding)
    i.puts                                   0x08003a4c   Section        0  puts.o(i.puts)
    [Anonymous Symbol]                       0x08003a90   Section        0  stm32l0xx_hal_uart.o(.rodata.cst16)
    .data                                    0x20000000   Section        4  stdout.o(.data)
    [Anonymous Symbol]                       0x20000004   Section        0  stm32l0xx_hal.o(.data..L_MergedGlobals)
    [Anonymous Symbol]                       0x20000028   Section        0  hc-sr04.o(.bss..L_MergedGlobals)
    STACK                                    0x20000390   Section     4096  startup_stm32l053xx.o(STACK)

    Global Symbols

    Symbol Name                              Value     Ov Type        Size  Object(Section)

    BuildAttributes$$THM_ISAv3M$S$PE$A:L22$X:L11$S22$IEEE1$IW$~IW$USESV6$~STKCKD$USESV7$~SHL$OTIME$ROPI$EBA8$MICROLIB$REQ8$PRES8$EABIv2 0x00000000   Number         0  anon$$obj.o ABSOLUTE
    _printf_a                                0x00000000   Number         0  printfstubs.o ABSOLUTE
    _printf_c                                0x00000000   Number         0  printfstubs.o ABSOLUTE
    _printf_charcount                        0x00000000   Number         0  printfstubs.o ABSOLUTE
    _printf_d                                0x00000000   Number         0  printfstubs.o ABSOLUTE
    _printf_e                                0x00000000   Number         0  printfstubs.o ABSOLUTE
    _printf_f                                0x00000000   Number         0  printfstubs.o ABSOLUTE
    _printf_flags                            0x00000000   Number         0  printfstubs.o ABSOLUTE
    _printf_fp_dec                           0x00000000   Number         0  printfstubs.o ABSOLUTE
    _printf_fp_hex                           0x00000000   Number         0  printfstubs.o ABSOLUTE
    _printf_g                                0x00000000   Number         0  printfstubs.o ABSOLUTE
    _printf_i                                0x00000000   Number         0  printfstubs.o ABSOLUTE
    _printf_int_dec                          0x00000000   Number         0  printfstubs.o ABSOLUTE
    _printf_l                                0x00000000   Number         0  printfstubs.o ABSOLUTE
    _printf_lc                               0x00000000   Number         0  printfstubs.o ABSOLUTE
    _printf_ll                               0x00000000   Number         0  printfstubs.o ABSOLUTE
    _printf_lld                              0x00000000   Number         0  printfstubs.o ABSOLUTE
    _printf_lli                              0x00000000   Number         0  printfstubs.o ABSOLUTE
    _printf_llo                              0x00000000   Number         0  printfstubs.o ABSOLUTE
    _printf_llu                              0x00000000   Number         0  printfstubs.o ABSOLUTE
    _printf_llx                              0x00000000   Number         0  printfstubs.o ABSOLUTE
    _printf_longlong_dec                     0x00000000   Number         0  printfstubs.o ABSOLUTE
    _printf_longlong_hex                     0x00000000   Number         0  printfstubs.o ABSOLUTE
    _printf_longlong_oct                     0x00000000   Number         0  printfstubs.o ABSOLUTE
    _printf_ls                               0x00000000   Number         0  printfstubs.o ABSOLUTE
    _printf_mbtowc                           0x00000000   Number         0  printfstubs.o ABSOLUTE
    _printf_n                                0x00000000   Number         0  printfstubs.o ABSOLUTE
    _printf_o                                0x00000000   Number         0  printfstubs.o ABSOLUTE
    _printf_p                                0x00000000   Number         0  printfstubs.o ABSOLUTE
    _printf_percent                          0x00000000   Number         0  printfstubs.o ABSOLUTE
    _printf_pre_padding                      0x00000000   Number         0  printfstubs.o ABSOLUTE
    _printf_return_value                     0x00000000   Number         0  printfstubs.o ABSOLUTE
    _printf_s                                0x00000000   Number         0  printfstubs.o ABSOLUTE
    _printf_sizespec                         0x00000000   Number         0  printfstubs.o ABSOLUTE
    _printf_str                              0x00000000   Number         0  printfstubs.o ABSOLUTE
    _printf_truncate_signed                  0x00000000   Number         0  printfstubs.o ABSOLUTE
    _printf_truncate_unsigned                0x00000000   Number         0  printfstubs.o ABSOLUTE
    _printf_u                                0x00000000   Number         0  printfstubs.o ABSOLUTE
    _printf_wc                               0x00000000   Number         0  printfstubs.o ABSOLUTE
    _printf_wctomb                           0x00000000   Number         0  printfstubs.o ABSOLUTE
    _printf_widthprec                        0x00000000   Number         0  printfstubs.o ABSOLUTE
    _printf_x                                0x00000000   Number         0  printfstubs.o ABSOLUTE
    __cpp_initialize__aeabi_                  - Undefined Weak Reference
    __cxa_finalize                            - Undefined Weak Reference
    __decompress                              - Undefined Weak Reference
    _clock_init                               - Undefined Weak Reference
    _microlib_exit                            - Undefined Weak Reference
    __Vectors_Size                           0x000000c0   Number         0  startup_stm32l053xx.o ABSOLUTE
    __Vectors                                0x08000000   Data           4  startup_stm32l053xx.o(RESET)
    __Vectors_End                            0x080000c0   Data           0  startup_stm32l053xx.o(RESET)
    __main                                   0x080000c1   Thumb Code     0  entry.o(.ARM.Collect$$$$00000000)
    _main_stk                                0x080000c1   Thumb Code     0  entry2.o(.ARM.Collect$$$$00000001)
    _main_scatterload                        0x080000c5   Thumb Code     0  entry5.o(.ARM.Collect$$$$00000004)
    __main_after_scatterload                 0x080000c9   Thumb Code     0  entry5.o(.ARM.Collect$$$$00000004)
    _main_clock                              0x080000c9   Thumb Code     0  entry7b.o(.ARM.Collect$$$$00000008)
    _main_cpp_init                           0x080000c9   Thumb Code     0  entry8b.o(.ARM.Collect$$$$0000000A)
    _main_init                               0x080000c9   Thumb Code     0  entry9a.o(.ARM.Collect$$$$0000000B)
    __rt_final_cpp                           0x080000d1   Thumb Code     0  entry10a.o(.ARM.Collect$$$$0000000D)
    __rt_final_exit                          0x080000d1   Thumb Code     0  entry11a.o(.ARM.Collect$$$$0000000F)
    Reset_Handler                            0x080000d5   Thumb Code     8  startup_stm32l053xx.o(.text)
    ADC1_COMP_IRQHandler                     0x080000e7   Thumb Code     0  startup_stm32l053xx.o(.text)
    DMA1_Channel1_IRQHandler                 0x080000e7   Thumb Code     0  startup_stm32l053xx.o(.text)
    DMA1_Channel2_3_IRQHandler               0x080000e7   Thumb Code     0  startup_stm32l053xx.o(.text)
    EXTI0_1_IRQHandler                       0x080000e7   Thumb Code     0  startup_stm32l053xx.o(.text)
    EXTI2_3_IRQHandler                       0x080000e7   Thumb Code     0  startup_stm32l053xx.o(.text)
    FLASH_IRQHandler                         0x080000e7   Thumb Code     0  startup_stm32l053xx.o(.text)
    I2C1_IRQHandler                          0x080000e7   Thumb Code     0  startup_stm32l053xx.o(.text)
    I2C2_IRQHandler                          0x080000e7   Thumb Code     0  startup_stm32l053xx.o(.text)
    LCD_IRQHandler                           0x080000e7   Thumb Code     0  startup_stm32l053xx.o(.text)
    LPTIM1_IRQHandler                        0x080000e7   Thumb Code     0  startup_stm32l053xx.o(.text)
    PVD_IRQHandler                           0x080000e7   Thumb Code     0  startup_stm32l053xx.o(.text)
    RCC_CRS_IRQHandler                       0x080000e7   Thumb Code     0  startup_stm32l053xx.o(.text)
    RNG_LPUART1_IRQHandler                   0x080000e7   Thumb Code     0  startup_stm32l053xx.o(.text)
    RTC_IRQHandler                           0x080000e7   Thumb Code     0  startup_stm32l053xx.o(.text)
    SPI1_IRQHandler                          0x080000e7   Thumb Code     0  startup_stm32l053xx.o(.text)
    SPI2_IRQHandler                          0x080000e7   Thumb Code     0  startup_stm32l053xx.o(.text)
    TIM21_IRQHandler                         0x080000e7   Thumb Code     0  startup_stm32l053xx.o(.text)
    TIM22_IRQHandler                         0x080000e7   Thumb Code     0  startup_stm32l053xx.o(.text)
    TIM2_IRQHandler                          0x080000e7   Thumb Code     0  startup_stm32l053xx.o(.text)
    TSC_IRQHandler                           0x080000e7   Thumb Code     0  startup_stm32l053xx.o(.text)
    USART1_IRQHandler                        0x080000e7   Thumb Code     0  startup_stm32l053xx.o(.text)
    USB_IRQHandler                           0x080000e7   Thumb Code     0  startup_stm32l053xx.o(.text)
    WWDG_IRQHandler                          0x080000e7   Thumb Code     0  startup_stm32l053xx.o(.text)
    __aeabi_uldivmod                         0x080000f1   Thumb Code    96  uldiv.o(.text)
    __aeabi_memcpy                           0x08000151   Thumb Code    36  memcpya.o(.text)
    __aeabi_memcpy4                          0x08000151   Thumb Code     0  memcpya.o(.text)
    __aeabi_memcpy8                          0x08000151   Thumb Code     0  memcpya.o(.text)
    __aeabi_memset                           0x08000175   Thumb Code    14  memseta.o(.text)
    __aeabi_memset4                          0x08000175   Thumb Code     0  memseta.o(.text)
    __aeabi_memset8                          0x08000175   Thumb Code     0  memseta.o(.text)
    __aeabi_memclr                           0x08000183   Thumb Code     4  memseta.o(.text)
    __aeabi_memclr4                          0x08000183   Thumb Code     0  memseta.o(.text)
    __aeabi_memclr8                          0x08000183   Thumb Code     0  memseta.o(.text)
    _memset$wrapper                          0x08000187   Thumb Code    18  memseta.o(.text)
    strlen                                   0x08000199   Thumb Code    14  strlen.o(.text)
    __aeabi_dmul                             0x080001a9   Thumb Code   202  dmul.o(.text)
    __aeabi_ui2d                             0x08000279   Thumb Code    24  dfltui.o(.text)
    __aeabi_f2d                              0x08000295   Thumb Code    40  f2d.o(.text)
    __aeabi_d2f                              0x080002bd   Thumb Code    56  d2f.o(.text)
    __aeabi_uidiv                            0x080002f5   Thumb Code     0  uidiv_div0.o(.text)
    __aeabi_uidivmod                         0x080002f5   Thumb Code    62  uidiv_div0.o(.text)
    __aeabi_llsl                             0x08000333   Thumb Code    32  llshl.o(.text)
    _ll_shift_l                              0x08000333   Thumb Code     0  llshl.o(.text)
    __aeabi_llsr                             0x08000353   Thumb Code    34  llushr.o(.text)
    _ll_ushift_r                             0x08000353   Thumb Code     0  llushr.o(.text)
    __I$use$fp                               0x08000375   Thumb Code     0  iusefp.o(.text)
    _float_round                             0x08000375   Thumb Code    16  fepilogue.o(.text)
    _float_epilogue                          0x08000385   Thumb Code   114  fepilogue.o(.text)
    _double_round                            0x080003f7   Thumb Code    26  depilogue.o(.text)
    _double_epilogue                         0x08000411   Thumb Code   164  depilogue.o(.text)
    __aeabi_dadd                             0x080004b5   Thumb Code   328  dadd.o(.text)
    __aeabi_dsub                             0x080005fd   Thumb Code    12  dadd.o(.text)
    __aeabi_drsub                            0x08000609   Thumb Code    12  dadd.o(.text)
    __aeabi_ddiv                             0x08000619   Thumb Code   234  ddiv.o(.text)
    __aeabi_d2ulz                            0x08000709   Thumb Code    54  dfixul.o(.text)
    __aeabi_cdrcmple                         0x08000749   Thumb Code    38  cdrcmple.o(.text)
    __scatterload                            0x08000771   Thumb Code    38  init.o(.text)
    __scatterload_rt2                        0x08000771   Thumb Code     0  init.o(.text)
    __aeabi_lasr                             0x080007a1   Thumb Code    38  llsshr.o(.text)
    _ll_sshift_r                             0x080007a1   Thumb Code     0  llsshr.o(.text)
    DMA1_Channel4_5_6_7_IRQHandler           0x080007c9   Thumb Code    12  stm32l0xx_it.o(.text.DMA1_Channel4_5_6_7_IRQHandler)
    EXTI4_15_IRQHandler                      0x080007d9   Thumb Code    18  stm32l0xx_it.o(.text.EXTI4_15_IRQHandler)
    Error_Handler                            0x080007eb   Thumb Code     8  main.o(.text.Error_Handler)
    HAL_DMA_Abort                            0x080007f3   Thumb Code    66  stm32l0xx_hal_dma.o(.text.HAL_DMA_Abort)
    HAL_DMA_Abort_IT                         0x08000835   Thumb Code    70  stm32l0xx_hal_dma.o(.text.HAL_DMA_Abort_IT)
    HAL_DMA_IRQHandler                       0x0800087b   Thumb Code   212  stm32l0xx_hal_dma.o(.text.HAL_DMA_IRQHandler)
    HAL_DMA_Init                             0x08000951   Thumb Code   148  stm32l0xx_hal_dma.o(.text.HAL_DMA_Init)
    HAL_DMA_Start_IT                         0x080009f5   Thumb Code   132  stm32l0xx_hal_dma.o(.text.HAL_DMA_Start_IT)
    HAL_Delay                                0x08000a79   Thumb Code    32  stm32l0xx_hal.o(.text.HAL_Delay)
    HAL_GPIO_EXTI_Callback                   0x08000a99   Thumb Code   108  hc-sr04.o(.text.HAL_GPIO_EXTI_Callback)
    HAL_GPIO_EXTI_IRQHandler                 0x08000b21   Thumb Code    20  stm32l0xx_hal_gpio.o(.text.HAL_GPIO_EXTI_IRQHandler)
    HAL_GPIO_Init                            0x08000b39   Thumb Code   380  stm32l0xx_hal_gpio.o(.text.HAL_GPIO_Init)
    HAL_GPIO_ReadPin                         0x08000cc1   Thumb Code    10  stm32l0xx_hal_gpio.o(.text.HAL_GPIO_ReadPin)
    HAL_GPIO_WritePin                        0x08000ccb   Thumb Code    16  stm32l0xx_hal_gpio.o(.text.HAL_GPIO_WritePin)
    HAL_GetTick                              0x08000cdd   Thumb Code     8  stm32l0xx_hal.o(.text.HAL_GetTick)
    HAL_IncTick                              0x08000ce5   Thumb Code    16  stm32l0xx_hal.o(.text.HAL_IncTick)
    HAL_Init                                 0x08000cf9   Thumb Code    36  stm32l0xx_hal.o(.text.HAL_Init)
    HAL_InitTick                             0x08000d21   Thumb Code    60  stm32l0xx_hal.o(.text.HAL_InitTick)
    HAL_MspInit                              0x08000d65   Thumb Code    20  stm32l0xx_hal_msp.o(.text.HAL_MspInit)
    HAL_NVIC_EnableIRQ                       0x08000d7d   Thumb Code    20  stm32l0xx_hal_cortex.o(.text.HAL_NVIC_EnableIRQ)
    HAL_NVIC_SetPriority                     0x08000d95   Thumb Code    48  stm32l0xx_hal_cortex.o(.text.HAL_NVIC_SetPriority)
    HAL_RCCEx_PeriphCLKConfig                0x08000dcd   Thumb Code   520  stm32l0xx_hal_rcc_ex.o(.text.HAL_RCCEx_PeriphCLKConfig)
    HAL_RCC_ClockConfig                      0x08000fdd   Thumb Code   536  stm32l0xx_hal_rcc.o(.text.HAL_RCC_ClockConfig)
    HAL_RCC_GetPCLK1Freq                     0x08001205   Thumb Code    20  stm32l0xx_hal_rcc.o(.text.HAL_RCC_GetPCLK1Freq)
    HAL_RCC_GetPCLK2Freq                     0x08001219   Thumb Code    20  stm32l0xx_hal_rcc.o(.text.HAL_RCC_GetPCLK2Freq)
    HAL_RCC_GetSysClockFreq                  0x08001239   Thumb Code   100  stm32l0xx_hal_rcc.o(.text.HAL_RCC_GetSysClockFreq)
    HAL_RCC_OscConfig                        0x080012ad   Thumb Code  1372  stm32l0xx_hal_rcc.o(.text.HAL_RCC_OscConfig)
    HAL_SYSTICK_Config                       0x08001831   Thumb Code    40  stm32l0xx_hal_cortex.o(.text.HAL_SYSTICK_Config)
    HAL_TIMEx_MasterConfigSynchronization    0x08001865   Thumb Code    76  stm32l0xx_hal_tim_ex.o(.text.HAL_TIMEx_MasterConfigSynchronization)
    HAL_TIM_Base_Init                        0x080018b1   Thumb Code   152  stm32l0xx_hal_tim.o(.text.HAL_TIM_Base_Init)
    HAL_TIM_Base_MspInit                     0x08001949   Thumb Code    44  tim.o(.text.HAL_TIM_Base_MspInit)
    HAL_TIM_Base_Start                       0x0800197d   Thumb Code    64  stm32l0xx_hal_tim.o(.text.HAL_TIM_Base_Start)
    HAL_TIM_IC_CaptureCallback               0x080019bd   Thumb Code     2  stm32l0xx_hal_tim.o(.text.HAL_TIM_IC_CaptureCallback)
    HAL_TIM_IC_ConfigChannel                 0x080019c1   Thumb Code   372  stm32l0xx_hal_tim.o(.text.HAL_TIM_IC_ConfigChannel)
    HAL_TIM_IC_Init                          0x08001b39   Thumb Code   152  stm32l0xx_hal_tim.o(.text.HAL_TIM_IC_Init)
    HAL_TIM_IC_MspInit                       0x08001bd9   Thumb Code     2  stm32l0xx_hal_tim.o(.text.HAL_TIM_IC_MspInit)
    HAL_TIM_IRQHandler                       0x08001bdb   Thumb Code   278  stm32l0xx_hal_tim.o(.text.HAL_TIM_IRQHandler)
    HAL_TIM_OC_DelayElapsedCallback          0x08001cf1   Thumb Code     2  stm32l0xx_hal_tim.o(.text.HAL_TIM_OC_DelayElapsedCallback)
    HAL_TIM_PWM_ConfigChannel                0x08001cf5   Thumb Code   336  stm32l0xx_hal_tim.o(.text.HAL_TIM_PWM_ConfigChannel)
    HAL_TIM_PWM_Init                         0x08001e45   Thumb Code   152  stm32l0xx_hal_tim.o(.text.HAL_TIM_PWM_Init)
    HAL_TIM_PWM_MspInit                      0x08001ee5   Thumb Code    68  tim.o(.text.HAL_TIM_PWM_MspInit)
    HAL_TIM_PWM_PulseFinishedCallback        0x08001f31   Thumb Code     2  stm32l0xx_hal_tim.o(.text.HAL_TIM_PWM_PulseFinishedCallback)
    HAL_TIM_PeriodElapsedCallback            0x08001f33   Thumb Code     2  stm32l0xx_hal_tim.o(.text.HAL_TIM_PeriodElapsedCallback)
    HAL_TIM_TriggerCallback                  0x08001f35   Thumb Code     2  stm32l0xx_hal_tim.o(.text.HAL_TIM_TriggerCallback)
    HAL_UARTEx_ReceiveToIdle_DMA             0x08001f37   Thumb Code   108  stm32l0xx_hal_uart_ex.o(.text.HAL_UARTEx_ReceiveToIdle_DMA)
    HAL_UARTEx_RxEventCallback               0x08001fa5   Thumb Code   100  usart.o(.text.HAL_UARTEx_RxEventCallback)
    HAL_UARTEx_WakeupCallback                0x08002025   Thumb Code     2  stm32l0xx_hal_uart_ex.o(.text.HAL_UARTEx_WakeupCallback)
    HAL_UART_ErrorCallback                   0x08002027   Thumb Code     2  stm32l0xx_hal_uart.o(.text.HAL_UART_ErrorCallback)
    HAL_UART_IRQHandler                      0x08002029   Thumb Code   984  stm32l0xx_hal_uart.o(.text.HAL_UART_IRQHandler)
    HAL_UART_Init                            0x0800240d   Thumb Code   110  stm32l0xx_hal_uart.o(.text.HAL_UART_Init)
    HAL_UART_MspInit                         0x0800247d   Thumb Code   140  usart.o(.text.HAL_UART_MspInit)
    HAL_UART_RxCpltCallback                  0x08002511   Thumb Code     2  stm32l0xx_hal_uart.o(.text.HAL_UART_RxCpltCallback)
    HAL_UART_RxHalfCpltCallback              0x08002513   Thumb Code     2  stm32l0xx_hal_uart.o(.text.HAL_UART_RxHalfCpltCallback)
    HAL_UART_Transmit                        0x08002515   Thumb Code   212  stm32l0xx_hal_uart.o(.text.HAL_UART_Transmit)
    HAL_UART_TxCpltCallback                  0x080025ed   Thumb Code     2  stm32l0xx_hal_uart.o(.text.HAL_UART_TxCpltCallback)
    HardFault_Handler                        0x080025ef   Thumb Code     2  stm32l0xx_it.o(.text.HardFault_Handler)
    MX_DMA_Init                              0x080025f1   Thumb Code    44  dma.o(.text.MX_DMA_Init)
    MX_GPIO_Init                             0x08002621   Thumb Code   204  gpio.o(.text.MX_GPIO_Init)
    MX_TIM2_Init                             0x080026f1   Thumb Code   196  tim.o(.text.MX_TIM2_Init)
    MX_TIM6_Init                             0x080027c1   Thumb Code    60  tim.o(.text.MX_TIM6_Init)
    MX_USART2_UART_Init                      0x08002805   Thumb Code    48  usart.o(.text.MX_USART2_UART_Init)
    NMI_Handler                              0x0800283d   Thumb Code     2  stm32l0xx_it.o(.text.NMI_Handler)
    PendSV_Handler                           0x0800283f   Thumb Code     2  stm32l0xx_it.o(.text.PendSV_Handler)
    SVC_Handler                              0x08002841   Thumb Code     2  stm32l0xx_it.o(.text.SVC_Handler)
    SysTick_Handler                          0x08002843   Thumb Code     8  stm32l0xx_it.o(.text.SysTick_Handler)
    SystemInit                               0x0800284b   Thumb Code     2  system_stm32l0xx.o(.text.SystemInit)
    TIM6_DAC_IRQHandler                      0x0800284d   Thumb Code    12  stm32l0xx_it.o(.text.TIM6_DAC_IRQHandler)
    UART_AdvFeatureConfig                    0x0800285d   Thumb Code   210  stm32l0xx_hal_uart.o(.text.UART_AdvFeatureConfig)
    UART_CheckIdleState                      0x08002931   Thumb Code   192  stm32l0xx_hal_uart.o(.text.UART_CheckIdleState)
    UART_SetConfig                           0x08002b6d   Thumb Code   452  stm32l0xx_hal_uart.o(.text.UART_SetConfig)
    UART_Start_Receive_DMA                   0x08002d6d   Thumb Code   156  stm32l0xx_hal_uart.o(.text.UART_Start_Receive_DMA)
    UART_WaitOnFlagUntilTimeout              0x08002e15   Thumb Code   418  stm32l0xx_hal_uart.o(.text.UART_WaitOnFlagUntilTimeout)
    USART2_IRQHandler                        0x08002fb9   Thumb Code    12  stm32l0xx_it.o(.text.USART2_IRQHandler)
    fputc                                    0x08002fc5   Thumb Code    24  usart.o(.text.fputc)
    main                                     0x08002fe1   Thumb Code   276  main.o(.text.main)
    __0printf                                0x08003135   Thumb Code    24  printfa.o(i.__0printf)
    __1printf                                0x08003135   Thumb Code     0  printfa.o(i.__0printf)
    __2printf                                0x08003135   Thumb Code     0  printfa.o(i.__0printf)
    __c89printf                              0x08003135   Thumb Code     0  printfa.o(i.__0printf)
    printf                                   0x08003135   Thumb Code     0  printfa.o(i.__0printf)
    __ARM_clz                                0x08003155   Thumb Code    46  depilogue.o(i.__ARM_clz)
    __scatterload_copy                       0x08003183   Thumb Code    14  handlers.o(i.__scatterload_copy)
    __scatterload_null                       0x08003191   Thumb Code     2  handlers.o(i.__scatterload_null)
    __scatterload_zeroinit                   0x08003193   Thumb Code    14  handlers.o(i.__scatterload_zeroinit)
    puts                                     0x08003a4d   Thumb Code    28  puts.o(i.puts)
    AHBPrescTable                            0x08003a6c   Data          16  system_stm32l0xx.o(.rodata.AHBPrescTable)
    APBPrescTable                            0x08003a7c   Data           8  system_stm32l0xx.o(.rodata.APBPrescTable)
    PLLMulTable                              0x08003a84   Data           9  system_stm32l0xx.o(.rodata.PLLMulTable)
    Region$$Table$$Base                      0x08003aa0   Number         0  anon$$obj.o(Region$$Table)
    Region$$Table$$Limit                     0x08003ac0   Number         0  anon$$obj.o(Region$$Table)
    __stdout                                 0x20000000   Data           4  stdout.o(.data)
    uwTickFreq                               0x20000004   Data           1  stm32l0xx_hal.o(.data..L_MergedGlobals)
    uwTickPrio                               0x20000008   Data           4  stm32l0xx_hal.o(.data..L_MergedGlobals)
    SystemCoreClock                          0x2000000c   Data           4  system_stm32l0xx.o(.data.SystemCoreClock)
    hc_sr04                                  0x20000010   Data          24  hc-sr04.o(.data.hc_sr04)
    pulseDetected                            0x20000028   Data           1  hc-sr04.o(.bss..L_MergedGlobals)
    pulseStart                               0x2000002c   Data           4  hc-sr04.o(.bss..L_MergedGlobals)
    pulseEnd                                 0x20000030   Data           4  hc-sr04.o(.bss..L_MergedGlobals)
    overflow_count                           0x20000034   Data           4  hc-sr04.o(.bss..L_MergedGlobals)
    MainBuf                                  0x20000038   Data         256  usart.o(.bss.MainBuf)
    RxBuf                                    0x20000138   Data         256  usart.o(.bss.RxBuf)
    hdma_usart2_rx                           0x20000238   Data          72  usart.o(.bss.hdma_usart2_rx)
    htim2                                    0x20000280   Data          64  tim.o(.bss.htim2)
    htim6                                    0x200002c0   Data          64  tim.o(.bss.htim6)
    huart2                                   0x20000300   Data         136  usart.o(.bss.huart2)
    uwTick                                   0x20000388   Data           4  stm32l0xx_hal.o(.bss.uwTick)
    __initial_sp                             0x20001390   Data           0  startup_stm32l053xx.o(STACK)



==============================================================================

Memory Map of the image

  Image Entry point : 0x080000c1

  Load Region LR_IROM1 (Base: 0x08000000, Size: 0x00003ae8, Max: 0x00010000, ABSOLUTE)

    Execution Region ER_IROM1 (Exec base: 0x08000000, Load base: 0x08000000, Size: 0x00003ac0, Max: 0x00010000, ABSOLUTE)

    Exec Addr    Load Addr    Size         Type   Attr      Idx    E Section Name        Object

    0x08000000   0x08000000   0x000000c0   Data   RO            3    RESET               startup_stm32l053xx.o
    0x080000c0   0x080000c0   0x00000000   Code   RO         1170  * .ARM.Collect$$$$00000000  mc_p.l(entry.o)
    0x080000c0   0x080000c0   0x00000004   Code   RO         1470    .ARM.Collect$$$$00000001  mc_p.l(entry2.o)
    0x080000c4   0x080000c4   0x00000004   Code   RO         1473    .ARM.Collect$$$$00000004  mc_p.l(entry5.o)
    0x080000c8   0x080000c8   0x00000000   Code   RO         1475    .ARM.Collect$$$$00000008  mc_p.l(entry7b.o)
    0x080000c8   0x080000c8   0x00000000   Code   RO         1477    .ARM.Collect$$$$0000000A  mc_p.l(entry8b.o)
    0x080000c8   0x080000c8   0x00000008   Code   RO         1478    .ARM.Collect$$$$0000000B  mc_p.l(entry9a.o)
    0x080000d0   0x080000d0   0x00000000   Code   RO         1480    .ARM.Collect$$$$0000000D  mc_p.l(entry10a.o)
    0x080000d0   0x080000d0   0x00000000   Code   RO         1482    .ARM.Collect$$$$0000000F  mc_p.l(entry11a.o)
    0x080000d0   0x080000d0   0x00000004   Code   RO         1471    .ARM.Collect$$$$00002712  mc_p.l(entry2.o)
    0x080000d4   0x080000d4   0x0000001c   Code   RO            4    .text               startup_stm32l053xx.o
    0x080000f0   0x080000f0   0x00000060   Code   RO         1183    .text               mc_p.l(uldiv.o)
    0x08000150   0x08000150   0x00000024   Code   RO         1185    .text               mc_p.l(memcpya.o)
    0x08000174   0x08000174   0x00000024   Code   RO         1187    .text               mc_p.l(memseta.o)
    0x08000198   0x08000198   0x0000000e   Code   RO         1189    .text               mc_p.l(strlen.o)
    0x080001a6   0x080001a6   0x00000002   PAD
    0x080001a8   0x080001a8   0x000000d0   Code   RO         1458    .text               mf_p.l(dmul.o)
    0x08000278   0x08000278   0x0000001c   Code   RO         1462    .text               mf_p.l(dfltui.o)
    0x08000294   0x08000294   0x00000028   Code   RO         1466    .text               mf_p.l(f2d.o)
    0x080002bc   0x080002bc   0x00000038   Code   RO         1468    .text               mf_p.l(d2f.o)
    0x080002f4   0x080002f4   0x0000003e   Code   RO         1489    .text               mc_p.l(uidiv_div0.o)
    0x08000332   0x08000332   0x00000020   Code   RO         1495    .text               mc_p.l(llshl.o)
    0x08000352   0x08000352   0x00000022   Code   RO         1497    .text               mc_p.l(llushr.o)
    0x08000374   0x08000374   0x00000000   Code   RO         1499    .text               mc_p.l(iusefp.o)
    0x08000374   0x08000374   0x00000082   Code   RO         1500    .text               mf_p.l(fepilogue.o)
    0x080003f6   0x080003f6   0x000000be   Code   RO         1502    .text               mf_p.l(depilogue.o)
    0x080004b4   0x080004b4   0x00000164   Code   RO         1506    .text               mf_p.l(dadd.o)
    0x08000618   0x08000618   0x000000f0   Code   RO         1508    .text               mf_p.l(ddiv.o)
    0x08000708   0x08000708   0x00000040   Code   RO         1510    .text               mf_p.l(dfixul.o)
    0x08000748   0x08000748   0x00000028   Code   RO         1512    .text               mf_p.l(cdrcmple.o)
    0x08000770   0x08000770   0x00000030   Code   RO         1514    .text               mc_p.l(init.o)
    0x080007a0   0x080007a0   0x00000026   Code   RO         1516    .text               mc_p.l(llsshr.o)
    0x080007c6   0x080007c6   0x00000002   PAD
    0x080007c8   0x080007c8   0x00000010   Code   RO          103    .text.DMA1_Channel4_5_6_7_IRQHandler  stm32l0xx_it.o
    0x080007d8   0x080007d8   0x00000012   Code   RO          101    .text.EXTI4_15_IRQHandler  stm32l0xx_it.o
    0x080007ea   0x080007ea   0x00000008   Code   RO           15    .text.Error_Handler  main.o
    0x080007f2   0x080007f2   0x00000042   Code   RO          804    .text.HAL_DMA_Abort  stm32l0xx_hal_dma.o
    0x08000834   0x08000834   0x00000046   Code   RO          806    .text.HAL_DMA_Abort_IT  stm32l0xx_hal_dma.o
    0x0800087a   0x0800087a   0x000000d4   Code   RO          810    .text.HAL_DMA_IRQHandler  stm32l0xx_hal_dma.o
    0x0800094e   0x0800094e   0x00000002   PAD
    0x08000950   0x08000950   0x000000a4   Code   RO          796    .text.HAL_DMA_Init  stm32l0xx_hal_dma.o
    0x080009f4   0x080009f4   0x00000084   Code   RO          802    .text.HAL_DMA_Start_IT  stm32l0xx_hal_dma.o
    0x08000a78   0x08000a78   0x00000020   Code   RO          375    .text.HAL_Delay     stm32l0xx_hal.o
    0x08000a98   0x08000a98   0x00000088   Code   RO         1141    .text.HAL_GPIO_EXTI_Callback  hc-sr04.o
    0x08000b20   0x08000b20   0x00000018   Code   RO          784    .text.HAL_GPIO_EXTI_IRQHandler  stm32l0xx_hal_gpio.o
    0x08000b38   0x08000b38   0x00000188   Code   RO          772    .text.HAL_GPIO_Init  stm32l0xx_hal_gpio.o
    0x08000cc0   0x08000cc0   0x0000000a   Code   RO          776    .text.HAL_GPIO_ReadPin  stm32l0xx_hal_gpio.o
    0x08000cca   0x08000cca   0x00000010   Code   RO          778    .text.HAL_GPIO_WritePin  stm32l0xx_hal_gpio.o
    0x08000cda   0x08000cda   0x00000002   PAD
    0x08000cdc   0x08000cdc   0x00000008   Code   RO          367    .text.HAL_GetTick   stm32l0xx_hal.o
    0x08000ce4   0x08000ce4   0x00000014   Code   RO          365    .text.HAL_IncTick   stm32l0xx_hal.o
    0x08000cf8   0x08000cf8   0x00000028   Code   RO          355    .text.HAL_Init      stm32l0xx_hal.o
    0x08000d20   0x08000d20   0x00000044   Code   RO          357    .text.HAL_InitTick  stm32l0xx_hal.o
    0x08000d64   0x08000d64   0x00000018   Code   RO          116    .text.HAL_MspInit   stm32l0xx_hal_msp.o
    0x08000d7c   0x08000d7c   0x00000018   Code   RO          894    .text.HAL_NVIC_EnableIRQ  stm32l0xx_hal_cortex.o
    0x08000d94   0x08000d94   0x00000038   Code   RO          892    .text.HAL_NVIC_SetPriority  stm32l0xx_hal_cortex.o
    0x08000dcc   0x08000dcc   0x00000210   Code   RO          635    .text.HAL_RCCEx_PeriphCLKConfig  stm32l0xx_hal_rcc_ex.o
    0x08000fdc   0x08000fdc   0x00000228   Code   RO          607    .text.HAL_RCC_ClockConfig  stm32l0xx_hal_rcc.o
    0x08001204   0x08001204   0x00000014   Code   RO          615    .text.HAL_RCC_GetPCLK1Freq  stm32l0xx_hal_rcc.o
    0x08001218   0x08001218   0x00000020   Code   RO          617    .text.HAL_RCC_GetPCLK2Freq  stm32l0xx_hal_rcc.o
    0x08001238   0x08001238   0x00000074   Code   RO          605    .text.HAL_RCC_GetSysClockFreq  stm32l0xx_hal_rcc.o
    0x080012ac   0x080012ac   0x00000584   Code   RO          603    .text.HAL_RCC_OscConfig  stm32l0xx_hal_rcc.o
    0x08001830   0x08001830   0x00000034   Code   RO          900    .text.HAL_SYSTICK_Config  stm32l0xx_hal_cortex.o
    0x08001864   0x08001864   0x0000004c   Code   RO          343    .text.HAL_TIMEx_MasterConfigSynchronization  stm32l0xx_hal_tim_ex.o
    0x080018b0   0x080018b0   0x00000098   Code   RO          124    .text.HAL_TIM_Base_Init  stm32l0xx_hal_tim.o
    0x08001948   0x08001948   0x00000034   Code   RO           51    .text.HAL_TIM_Base_MspInit  tim.o
    0x0800197c   0x0800197c   0x00000040   Code   RO          132    .text.HAL_TIM_Base_Start  stm32l0xx_hal_tim.o
    0x080019bc   0x080019bc   0x00000002   Code   RO          256    .text.HAL_TIM_IC_CaptureCallback  stm32l0xx_hal_tim.o
    0x080019be   0x080019be   0x00000002   PAD
    0x080019c0   0x080019c0   0x00000178   Code   RO          268    .text.HAL_TIM_IC_ConfigChannel  stm32l0xx_hal_tim.o
    0x08001b38   0x08001b38   0x000000a0   Code   RO          194    .text.HAL_TIM_IC_Init  stm32l0xx_hal_tim.o
    0x08001bd8   0x08001bd8   0x00000002   Code   RO          196    .text.HAL_TIM_IC_MspInit  stm32l0xx_hal_tim.o
    0x08001bda   0x08001bda   0x00000116   Code   RO          254    .text.HAL_TIM_IRQHandler  stm32l0xx_hal_tim.o
    0x08001cf0   0x08001cf0   0x00000002   Code   RO          258    .text.HAL_TIM_OC_DelayElapsedCallback  stm32l0xx_hal_tim.o
    0x08001cf2   0x08001cf2   0x00000002   PAD
    0x08001cf4   0x08001cf4   0x00000150   Code   RO          270    .text.HAL_TIM_PWM_ConfigChannel  stm32l0xx_hal_tim.o
    0x08001e44   0x08001e44   0x000000a0   Code   RO          174    .text.HAL_TIM_PWM_Init  stm32l0xx_hal_tim.o
    0x08001ee4   0x08001ee4   0x0000004c   Code   RO           49    .text.HAL_TIM_PWM_MspInit  tim.o
    0x08001f30   0x08001f30   0x00000002   Code   RO          260    .text.HAL_TIM_PWM_PulseFinishedCallback  stm32l0xx_hal_tim.o
    0x08001f32   0x08001f32   0x00000002   Code   RO          262    .text.HAL_TIM_PeriodElapsedCallback  stm32l0xx_hal_tim.o
    0x08001f34   0x08001f34   0x00000002   Code   RO          264    .text.HAL_TIM_TriggerCallback  stm32l0xx_hal_tim.o
    0x08001f36   0x08001f36   0x0000006c   Code   RO         1111    .text.HAL_UARTEx_ReceiveToIdle_DMA  stm32l0xx_hal_uart_ex.o
    0x08001fa2   0x08001fa2   0x00000002   PAD
    0x08001fa4   0x08001fa4   0x00000080   Code   RO           77    .text.HAL_UARTEx_RxEventCallback  usart.o
    0x08002024   0x08002024   0x00000002   Code   RO         1093    .text.HAL_UARTEx_WakeupCallback  stm32l0xx_hal_uart_ex.o
    0x08002026   0x08002026   0x00000002   Code   RO         1040    .text.HAL_UART_ErrorCallback  stm32l0xx_hal_uart.o
    0x08002028   0x08002028   0x000003e4   Code   RO         1036    .text.HAL_UART_IRQHandler  stm32l0xx_hal_uart.o
    0x0800240c   0x0800240c   0x0000006e   Code   RO          956    .text.HAL_UART_Init  stm32l0xx_hal_uart.o
    0x0800247a   0x0800247a   0x00000002   PAD
    0x0800247c   0x0800247c   0x00000094   Code   RO           71    .text.HAL_UART_MspInit  usart.o
    0x08002510   0x08002510   0x00000002   Code   RO         1048    .text.HAL_UART_RxCpltCallback  stm32l0xx_hal_uart.o
    0x08002512   0x08002512   0x00000002   Code   RO         1050    .text.HAL_UART_RxHalfCpltCallback  stm32l0xx_hal_uart.o
    0x08002514   0x08002514   0x000000d8   Code   RO          976    .text.HAL_UART_Transmit  stm32l0xx_hal_uart.o
    0x080025ec   0x080025ec   0x00000002   Code   RO         1044    .text.HAL_UART_TxCpltCallback  stm32l0xx_hal_uart.o
    0x080025ee   0x080025ee   0x00000002   Code   RO           93    .text.HardFault_Handler  stm32l0xx_it.o
    0x080025f0   0x080025f0   0x00000030   Code   RO           35    .text.MX_DMA_Init   dma.o
    0x08002620   0x08002620   0x000000d0   Code   RO           26    .text.MX_GPIO_Init  gpio.o
    0x080026f0   0x080026f0   0x000000d0   Code   RO           43    .text.MX_TIM2_Init  tim.o
    0x080027c0   0x080027c0   0x00000044   Code   RO           47    .text.MX_TIM6_Init  tim.o
    0x08002804   0x08002804   0x00000038   Code   RO           69    .text.MX_USART2_UART_Init  usart.o
    0x0800283c   0x0800283c   0x00000002   Code   RO           91    .text.NMI_Handler   stm32l0xx_it.o
    0x0800283e   0x0800283e   0x00000002   Code   RO           97    .text.PendSV_Handler  stm32l0xx_it.o
    0x08002840   0x08002840   0x00000002   Code   RO           95    .text.SVC_Handler   stm32l0xx_it.o
    0x08002842   0x08002842   0x00000008   Code   RO           99    .text.SysTick_Handler  stm32l0xx_it.o
    0x0800284a   0x0800284a   0x00000002   Code   RO         1123    .text.SystemInit    system_stm32l0xx.o
    0x0800284c   0x0800284c   0x00000010   Code   RO          105    .text.TIM6_DAC_IRQHandler  stm32l0xx_it.o
    0x0800285c   0x0800285c   0x000000d2   Code   RO          962    .text.UART_AdvFeatureConfig  stm32l0xx_hal_uart.o
    0x0800292e   0x0800292e   0x00000002   PAD
    0x08002930   0x08002930   0x000000c4   Code   RO          964    .text.UART_CheckIdleState  stm32l0xx_hal_uart.o
    0x080029f4   0x080029f4   0x00000016   Code   RO         1038    .text.UART_DMAAbortOnError  stm32l0xx_hal_uart.o
    0x08002a0a   0x08002a0a   0x000000b2   Code   RO          998    .text.UART_DMAError  stm32l0xx_hal_uart.o
    0x08002abc   0x08002abc   0x00000090   Code   RO         1078    .text.UART_DMAReceiveCplt  stm32l0xx_hal_uart.o
    0x08002b4c   0x08002b4c   0x00000020   Code   RO         1080    .text.UART_DMARxHalfCplt  stm32l0xx_hal_uart.o
    0x08002b6c   0x08002b6c   0x00000200   Code   RO          960    .text.UART_SetConfig  stm32l0xx_hal_uart.o
    0x08002d6c   0x08002d6c   0x000000a8   Code   RO         1002    .text.UART_Start_Receive_DMA  stm32l0xx_hal_uart.o
    0x08002e14   0x08002e14   0x000001a2   Code   RO          978    .text.UART_WaitOnFlagUntilTimeout  stm32l0xx_hal_uart.o
    0x08002fb6   0x08002fb6   0x00000002   PAD
    0x08002fb8   0x08002fb8   0x0000000c   Code   RO          107    .text.USART2_IRQHandler  stm32l0xx_it.o
    0x08002fc4   0x08002fc4   0x0000001c   Code   RO           67    .text.fputc         usart.o
    0x08002fe0   0x08002fe0   0x00000154   Code   RO           11    .text.main          main.o
    0x08003134   0x08003134   0x00000020   Code   RO         1426    i.__0printf         mc_p.l(printfa.o)
    0x08003154   0x08003154   0x0000002e   Code   RO         1504    i.__ARM_clz         mf_p.l(depilogue.o)
    0x08003182   0x08003182   0x0000000e   Code   RO         1520    i.__scatterload_copy  mc_p.l(handlers.o)
    0x08003190   0x08003190   0x00000002   Code   RO         1521    i.__scatterload_null  mc_p.l(handlers.o)
    0x08003192   0x08003192   0x0000000e   Code   RO         1522    i.__scatterload_zeroinit  mc_p.l(handlers.o)
    0x080031a0   0x080031a0   0x00000174   Code   RO         1433    i._fp_digits        mc_p.l(printfa.o)
    0x08003314   0x08003314   0x000006ec   Code   RO         1434    i._printf_core      mc_p.l(printfa.o)
    0x08003a00   0x08003a00   0x00000020   Code   RO         1435    i._printf_post_padding  mc_p.l(printfa.o)
    0x08003a20   0x08003a20   0x0000002c   Code   RO         1436    i._printf_pre_padding  mc_p.l(printfa.o)
    0x08003a4c   0x08003a4c   0x00000020   Code   RO         1173    i.puts              mc_p.l(puts.o)
    0x08003a6c   0x08003a6c   0x00000010   Data   RO         1128    .rodata.AHBPrescTable  system_stm32l0xx.o
    0x08003a7c   0x08003a7c   0x00000008   Data   RO         1129    .rodata.APBPrescTable  system_stm32l0xx.o
    0x08003a84   0x08003a84   0x00000009   Data   RO         1130    .rodata.PLLMulTable  system_stm32l0xx.o
    0x08003a8d   0x08003a8d   0x00000003   PAD
    0x08003a90   0x08003a90   0x00000010   Data   RO         1082    .rodata.cst16       stm32l0xx_hal_uart.o
    0x08003aa0   0x08003aa0   0x00000020   Data   RO         1519    Region$$Table       anon$$obj.o


    Execution Region RW_IRAM1 (Exec base: 0x20000000, Load base: 0x08003ac0, Size: 0x00001390, Max: 0x00002000, ABSOLUTE)

    Exec Addr    Load Addr    Size         Type   Attr      Idx    E Section Name        Object

    0x20000000   0x08003ac0   0x00000004   Data   RW         1484    .data               mc_p.l(stdout.o)
    0x20000004   0x08003ac4   0x00000008   Data   RW          418    .data..L_MergedGlobals  stm32l0xx_hal.o
    0x2000000c   0x08003acc   0x00000004   Data   RW         1127    .data.SystemCoreClock  system_stm32l0xx.o
    0x20000010   0x08003ad0   0x00000018   Data   RW         1143    .data.hc_sr04       hc-sr04.o
    0x20000028        -       0x00000010   Zero   RW         1144    .bss..L_MergedGlobals  hc-sr04.o
    0x20000038        -       0x00000100   Zero   RW           82    .bss.MainBuf        usart.o
    0x20000138        -       0x00000100   Zero   RW           81    .bss.RxBuf          usart.o
    0x20000238        -       0x00000048   Zero   RW           80    .bss.hdma_usart2_rx  usart.o
    0x20000280        -       0x00000040   Zero   RW           57    .bss.htim2          tim.o
    0x200002c0        -       0x00000040   Zero   RW           58    .bss.htim6          tim.o
    0x20000300        -       0x00000088   Zero   RW           79    .bss.huart2         usart.o
    0x20000388        -       0x00000004   Zero   RW          417    .bss.uwTick         stm32l0xx_hal.o
    0x2000038c   0x08003ae8   0x00000004   PAD
    0x20000390        -       0x00001000   Zero   RW            1    STACK               startup_stm32l053xx.o


==============================================================================

Image component sizes


      Code (inc. data)   RO Data    RW Data    ZI Data      Debug   Object Name

        48          4          0          0          0       1819   dma.o
       208          4          0          0          0       2818   gpio.o
       136         28          0         24         16       2286   hc-sr04.o
       348         64          0          0          0       4900   main.o
        28          8        192          0       4096        656   startup_stm32l053xx.o
       168         16          0          8          4       6738   stm32l0xx_hal.o
       132         24          0          0          0       6576   stm32l0xx_hal_cortex.o
       644         16          0          0          0       7989   stm32l0xx_hal_dma.o
       442         16          0          0          0       5129   stm32l0xx_hal_gpio.o
        24          4          0          0          0       1125   stm32l0xx_hal_msp.o
      2132        104          0          0          0       9746   stm32l0xx_hal_rcc.o
       528          8          0          0          0       8539   stm32l0xx_hal_rcc_ex.o
      1538         28          0          0          0      55037   stm32l0xx_hal_tim.o
        76          0          0          0          0       4428   stm32l0xx_hal_tim_ex.o
      3210        122         16          0          0      41617   stm32l0xx_hal_uart.o
       110          0          0          0          0       9747   stm32l0xx_hal_uart_ex.o
        78          8          0          0          0       2020   stm32l0xx_it.o
         2          0         33          4          0       2118   system_stm32l0xx.o
       404         36          0          0        128       7852   tim.o
       360         48          0          0        720       6779   usart.o

    ----------------------------------------------------------------------
     10632        538        276         36       4968     187919   Object Totals
         0          0         32          0          0          0   (incl. Generated)
        16          0          3          0          4          0   (incl. Padding)

    ----------------------------------------------------------------------

      Code (inc. data)   RO Data    RW Data    ZI Data      Debug   Library Member Name

         0          0          0          0          0          0   entry.o
         0          0          0          0          0          0   entry10a.o
         0          0          0          0          0          0   entry11a.o
         8          4          0          0          0          0   entry2.o
         4          0          0          0          0          0   entry5.o
         0          0          0          0          0          0   entry7b.o
         0          0          0          0          0          0   entry8b.o
         8          4          0          0          0          0   entry9a.o
        30          0          0          0          0          0   handlers.o
        48         10          0          0          0         68   init.o
         0          0          0          0          0          0   iusefp.o
        32          0          0          0          0         68   llshl.o
        38          0          0          0          0         68   llsshr.o
        34          0          0          0          0         68   llushr.o
        36          0          0          0          0         60   memcpya.o
        36          0          0          0          0        100   memseta.o
      2252         98          0          0          0        412   printfa.o
        32          4          0          0          0         68   puts.o
         0          0          0          4          0          0   stdout.o
        14          0          0          0          0         60   strlen.o
        62          0          0          0          0         72   uidiv_div0.o
        96          0          0          0          0         84   uldiv.o
        40          2          0          0          0         68   cdrcmple.o
        56          0          0          0          0         68   d2f.o
       356          4          0          0          0        140   dadd.o
       240          6          0          0          0         84   ddiv.o
       236          0          0          0          0        216   depilogue.o
        64         10          0          0          0         68   dfixul.o
        28          4          0          0          0         68   dfltui.o
       208          6          0          0          0         88   dmul.o
        40          0          0          0          0         60   f2d.o
       130          0          0          0          0        144   fepilogue.o

    ----------------------------------------------------------------------
      4132        152          0          4          0       2132   Library Totals
         4          0          0          0          0          0   (incl. Padding)

    ----------------------------------------------------------------------

      Code (inc. data)   RO Data    RW Data    ZI Data      Debug   Library Name

      2730        120          0          4          0       1128   mc_p.l
      1398         32          0          0          0       1004   mf_p.l

    ----------------------------------------------------------------------
      4132        152          0          4          0       2132   Library Totals

    ----------------------------------------------------------------------

==============================================================================


      Code (inc. data)   RO Data    RW Data    ZI Data      Debug   

     14764        690        276         40       4968     188823   Grand Totals
     14764        690        276         40       4968     188823   ELF Image Totals
     14764        690        276         40          0          0   ROM Totals

==============================================================================

    Total RO  Size (Code + RO Data)                15040 (  14.69kB)
    Total RW  Size (RW Data + ZI Data)              5008 (   4.89kB)
    Total ROM Size (Code + RO Data + RW Data)      15080 (  14.73kB)

==============================================================================

