Component: ARM Compiler 5.06 update 7 (build 960) Tool: armlink [4d3601]

==============================================================================

Section Cross References

    startup_stm32f042x6.o(RESET) refers to startup_stm32f042x6.o(STACK) for __initial_sp
    startup_stm32f042x6.o(RESET) refers to startup_stm32f042x6.o(.text) for Reset_Handler
    startup_stm32f042x6.o(RESET) refers to stm32f0xx_it.o(i.NMI_Handler) for NMI_Handler
    startup_stm32f042x6.o(RESET) refers to stm32f0xx_it.o(i.HardFault_Handler) for HardFault_Handler
    startup_stm32f042x6.o(RESET) refers to stm32f0xx_it.o(i.SVC_Handler) for SVC_Handler
    startup_stm32f042x6.o(RESET) refers to stm32f0xx_it.o(i.PendSV_Handler) for PendSV_Handler
    startup_stm32f042x6.o(RESET) refers to stm32f0xx_it.o(i.SysTick_Handler) for SysTick_Handler
    startup_stm32f042x6.o(RESET) refers to stm32f0xx_it.o(i.EXTI0_1_IRQHandler) for EXTI0_1_IRQHandler
    startup_stm32f042x6.o(RESET) refers to stm32f0xx_it.o(i.EXTI2_3_IRQHandler) for EXTI2_3_IRQHandler
    startup_stm32f042x6.o(RESET) refers to stm32f0xx_it.o(i.EXTI4_15_IRQHandler) for EXTI4_15_IRQHandler
    startup_stm32f042x6.o(RESET) refers to stm32f0xx_it.o(i.DMA1_Channel4_5_IRQHandler) for DMA1_Channel4_5_IRQHandler
    startup_stm32f042x6.o(RESET) refers to stm32f0xx_it.o(i.USART2_IRQHandler) for USART2_IRQHandler
    startup_stm32f042x6.o(.text) refers to startup_stm32f042x6.o(STACK) for __initial_sp
    startup_stm32f042x6.o(.text) refers to system_stm32f0xx.o(i.SystemInit) for SystemInit
    startup_stm32f042x6.o(.text) refers to entry.o(.ARM.Collect$$$$00000000) for __main
    main.o(i.SystemClock_Config) refers to memseta.o(.text) for __aeabi_memclr4
    main.o(i.SystemClock_Config) refers to stm32f0xx_hal_rcc.o(i.HAL_RCC_OscConfig) for HAL_RCC_OscConfig
    main.o(i.SystemClock_Config) refers to stm32f0xx_hal_rcc.o(i.HAL_RCC_ClockConfig) for HAL_RCC_ClockConfig
    main.o(i.SystemClock_Config) refers to stm32f0xx_hal_rcc_ex.o(i.HAL_RCCEx_PeriphCLKConfig) for HAL_RCCEx_PeriphCLKConfig
    main.o(i.main) refers to stm32f0xx_hal.o(i.HAL_Init) for HAL_Init
    main.o(i.main) refers to main.o(i.SystemClock_Config) for SystemClock_Config
    main.o(i.main) refers to gpio.o(i.MX_GPIO_Init) for MX_GPIO_Init
    main.o(i.main) refers to dma.o(i.MX_DMA_Init) for MX_DMA_Init
    main.o(i.main) refers to tim.o(i.MX_TIM2_Init) for MX_TIM2_Init
    main.o(i.main) refers to tim.o(i.MX_TIM3_Init) for MX_TIM3_Init
    main.o(i.main) refers to tim.o(i.MX_TIM14_Init) for MX_TIM14_Init
    main.o(i.main) refers to tim.o(i.MX_TIM16_Init) for MX_TIM16_Init
    main.o(i.main) refers to tim.o(i.MX_TIM17_Init) for MX_TIM17_Init
    main.o(i.main) refers to usart.o(i.MX_USART2_UART_Init) for MX_USART2_UART_Init
    main.o(i.main) refers to i2c.o(i.MX_I2C1_Init) for MX_I2C1_Init
    main.o(i.main) refers to stm32f0xx_hal_uart_ex.o(i.HAL_UARTEx_ReceiveToIdle_DMA) for HAL_UARTEx_ReceiveToIdle_DMA
    main.o(i.main) refers to memcpya.o(.text) for __aeabi_memcpy4
    main.o(i.main) refers to servo.o(i.servo_constructor) for servo_constructor
    main.o(i.main) refers to printfa.o(i.__0printf) for __2printf
    main.o(i.main) refers to servo.o(i.servo_pwm_set) for servo_pwm_set
    main.o(i.main) refers to usart.o(.bss) for RxBuf
    main.o(i.main) refers to main.o(.constdata) for .constdata
    main.o(i.main) refers to main.o(.bss) for .bss
    main.o(i.main) refers to main.o(.data) for .data
    main.o(.constdata) refers to tim.o(.bss) for htim2
    gpio.o(i.MX_GPIO_Init) refers to memseta.o(.text) for __aeabi_memclr4
    gpio.o(i.MX_GPIO_Init) refers to stm32f0xx_hal_gpio.o(i.HAL_GPIO_WritePin) for HAL_GPIO_WritePin
    gpio.o(i.MX_GPIO_Init) refers to stm32f0xx_hal_gpio.o(i.HAL_GPIO_Init) for HAL_GPIO_Init
    gpio.o(i.MX_GPIO_Init) refers to stm32f0xx_hal_cortex.o(i.HAL_NVIC_SetPriority) for HAL_NVIC_SetPriority
    gpio.o(i.MX_GPIO_Init) refers to stm32f0xx_hal_cortex.o(i.HAL_NVIC_EnableIRQ) for HAL_NVIC_EnableIRQ
    dma.o(i.MX_DMA_Init) refers to stm32f0xx_hal_cortex.o(i.HAL_NVIC_SetPriority) for HAL_NVIC_SetPriority
    dma.o(i.MX_DMA_Init) refers to stm32f0xx_hal_cortex.o(i.HAL_NVIC_EnableIRQ) for HAL_NVIC_EnableIRQ
    i2c.o(i.HAL_I2C_MspDeInit) refers to stm32f0xx_hal_gpio.o(i.HAL_GPIO_DeInit) for HAL_GPIO_DeInit
    i2c.o(i.HAL_I2C_MspInit) refers to memseta.o(.text) for __aeabi_memclr4
    i2c.o(i.HAL_I2C_MspInit) refers to stm32f0xx_hal_gpio.o(i.HAL_GPIO_Init) for HAL_GPIO_Init
    i2c.o(i.MX_I2C1_Init) refers to stm32f0xx_hal_i2c.o(i.HAL_I2C_Init) for HAL_I2C_Init
    i2c.o(i.MX_I2C1_Init) refers to main.o(i.Error_Handler) for Error_Handler
    i2c.o(i.MX_I2C1_Init) refers to stm32f0xx_hal_i2c_ex.o(i.HAL_I2CEx_ConfigAnalogFilter) for HAL_I2CEx_ConfigAnalogFilter
    i2c.o(i.MX_I2C1_Init) refers to stm32f0xx_hal_i2c_ex.o(i.HAL_I2CEx_ConfigDigitalFilter) for HAL_I2CEx_ConfigDigitalFilter
[...]
    ../clib/microlib/longlong.c              0x00000000   Number         0  llsshr.o ABSOLUTE
    ../clib/microlib/longlong.c              0x00000000   Number         0  llushr.o ABSOLUTE
    ../clib/microlib/longlong.c              0x00000000   Number         0  llmul.o ABSOLUTE
    ../clib/microlib/longlong.c              0x00000000   Number         0  llshl.o ABSOLUTE
    ../clib/microlib/malloc/malloc.c         0x00000000   Number         0  mallocra.o ABSOLUTE
    ../clib/microlib/malloc/malloc.c         0x00000000   Number         0  malloca.o ABSOLUTE
    ../clib/microlib/malloc/malloc.c         0x00000000   Number         0  mallocr.o ABSOLUTE
    ../clib/microlib/malloc/malloc.c         0x00000000   Number         0  malloc.o ABSOLUTE
    ../clib/microlib/malloc/mvars.c          0x00000000   Number         0  mvars.o ABSOLUTE
    ../clib/microlib/printf/printf.c         0x00000000   Number         0  printf4.o ABSOLUTE
    ../clib/microlib/printf/printf.c         0x00000000   Number         0  printf3.o ABSOLUTE
    ../clib/microlib/printf/printf.c         0x00000000   Number         0  printf2.o ABSOLUTE
    ../clib/microlib/printf/printf.c         0x00000000   Number         0  printf1.o ABSOLUTE
    ../clib/microlib/printf/printf.c         0x00000000   Number         0  printf0.o ABSOLUTE
    ../clib/microlib/printf/printf.c         0x00000000   Number         0  printf8.o ABSOLUTE
    ../clib/microlib/printf/printf.c         0x00000000   Number         0  printfb.o ABSOLUTE
    ../clib/microlib/printf/printf.c         0x00000000   Number         0  printf5.o ABSOLUTE
    ../clib/microlib/printf/printf.c         0x00000000   Number         0  printf7.o ABSOLUTE
    ../clib/microlib/printf/printf.c         0x00000000   Number         0  printf6.o ABSOLUTE
    ../clib/microlib/printf/printf.c         0x00000000   Number         0  printfa.o ABSOLUTE
    ../clib/microlib/printf/stubs.s          0x00000000   Number         0  stubs.o ABSOLUTE
    ../clib/microlib/stdio/streams.c         0x00000000   Number         0  stdout.o ABSOLUTE
    ../clib/microlib/string/memcpy.c         0x00000000   Number         0  memcpya.o ABSOLUTE
    ../clib/microlib/string/memcpy.c         0x00000000   Number         0  memcpyb.o ABSOLUTE
    ../clib/microlib/string/memset.c         0x00000000   Number         0  memseta.o ABSOLUTE
    ../clib/microlib/string/strcmp.c         0x00000000   Number         0  strcmp.o ABSOLUTE
    ../clib/microlib/string/strcpy.c         0x00000000   Number         0  strcpy.o ABSOLUTE
    ../clib/microlib/string/strlen.c         0x00000000   Number         0  strlen.o ABSOLUTE
    ../clib/microlib/string/strncmp.c        0x00000000   Number         0  strncmp.o ABSOLUTE
    ../clib/microlib/string/strncpy.c        0x00000000   Number         0  strncpy.o ABSOLUTE
    ../clib/microlib/stubs.s                 0x00000000   Number         0  iusefp.o ABSOLUTE
    ../clib/scanf.c                          0x00000000   Number         0  atoi.o ABSOLUTE
    ../clib/scanf.c                          0x00000000   Number         0  scanf_fp.o ABSOLUTE
    ../clib/scanf.c                          0x00000000   Number         0  __0sscanf.o ABSOLUTE
    ../clib/scanf.c                          0x00000000   Number         0  _sgetc.o ABSOLUTE
    ../clib/scanf.c                          0x00000000   Number         0  _strtoul.o ABSOLUTE
    ../clib/scanf.c                          0x00000000   Number         0  _chval.o ABSOLUTE
    ../clib/scanf.c                          0x00000000   Number         0  _scanf.o ABSOLUTE
    ../clib/scanf.c                          0x00000000   Number         0  scanf_char.o ABSOLUTE
    ../clib/scanf.c                          0x00000000   Number         0  strtol.o ABSOLUTE
    ../clib/scanf.c                          0x00000000   Number         0  strtod.o ABSOLUTE
    ../fplib/microlib/d2f.c                  0x00000000   Number         0  d2f.o ABSOLUTE
    ../fplib/microlib/f2d.c                  0x00000000   Number         0  f2d.o ABSOLUTE
    ../fplib/microlib/fpadd.c                0x00000000   Number         0  dadd.o ABSOLUTE
    ../fplib/microlib/fpdiv.c                0x00000000   Number         0  ddiv.o ABSOLUTE
    ../fplib/microlib/fpepilogue.c           0x00000000   Number         0  depilogue.o ABSOLUTE
    ../fplib/microlib/fpepilogue.c           0x00000000   Number         0  fepilogue.o ABSOLUTE
    ../fplib/microlib/fpfix.c                0x00000000   Number         0  dfixul.o ABSOLUTE
    ../fplib/microlib/fpfix.c                0x00000000   Number         0  dfixi.o ABSOLUTE
    ../fplib/microlib/fpflt.c                0x00000000   Number         0  dflti.o ABSOLUTE
    ../fplib/microlib/fpflt.c                0x00000000   Number         0  dfltul.o ABSOLUTE
    ../fplib/microlib/fpmul.c                0x00000000   Number         0  dmul.o ABSOLUTE
    ../fplib/microlib/fpscalb.c              0x00000000   Number         0  dscalb.o ABSOLUTE
    ../mathlib/strtod.c                      0x00000000   Number         0  strtod.o ABSOLUTE
    ..\..\..\..\Application_Library\Source\cJSON.c 0x00000000   Number         0  cjson.o ABSOLUTE
    ..\..\..\..\Application_Library\Source\servo.c 0x00000000   Number         0  servo.o ABSOLUTE
    ..\Core\Src\dma.c                        0x00000000   Number         0  dma.o ABSOLUTE
    ..\Core\Src\gpio.c                       0x00000000   Number         0  gpio.o ABSOLUTE
    ..\Core\Src\i2c.c                        0x00000000   Number         0  i2c.o ABSOLUTE
    ..\Core\Src\main.c                       0x00000000   Number         0  main.o ABSOLUTE
    ..\Core\Src\stm32f0xx_hal_msp.c          0x00000000   Number         0  stm32f0xx_hal_msp.o ABSOLUTE
    ..\Core\Src\stm32f0xx_it.c               0x00000000   Number         0  stm32f0xx_it.o ABSOLUTE
    ..\Core\Src\system_stm32f0xx.c           0x00000000   Number         0  system_stm32f0xx.o ABSOLUTE
    ..\Core\Src\tim.c                        0x00000000   Number         0  tim.o ABSOLUTE
    ..\Core\Src\usart.c                      0x00000000   Number         0  usart.o ABSOLUTE
    ..\Drivers\STM32F0xx_HAL_Driver\Src\stm32f0xx_hal.c 0x00000000   Number         0  stm32f0xx_hal.o ABSOLUTE
    ..\Drivers\STM32F0xx_HAL_Driver\Src\stm32f0xx_hal_cortex.c 0x00000000   Number         0  stm32f0xx_hal_cortex.o ABSOLUTE
    ..\Drivers\STM32F0xx_HAL_Driver\Src\stm32f0xx_hal_dma.c 0x00000000   Number         0  stm32f0xx_hal_dma.o ABSOLUTE
    ..\Drivers\STM32F0xx_HAL_Driver\Src\stm32f0xx_hal_exti.c 0x00000000   Number         0  stm32f0xx_hal_exti.o ABSOLUTE
    ..\Drivers\STM32F0xx_HAL_Driver\Src\stm32f0xx_hal_flash.c 0x00000000   Number         0  stm32f0xx_hal_flash.o ABSOLUTE
    ..\Drivers\STM32F0xx_HAL_Driver\Src\stm32f0xx_hal_flash_ex.c 0x00000000   Number         0  stm32f0xx_hal_flash_ex.o ABSOLUTE
    ..\Drivers\STM32F0xx_HAL_Driver\Src\stm32f0xx_hal_gpio.c 0x00000000   Number         0  stm32f0xx_hal_gpio.o ABSOLUTE
    ..\Drivers\STM32F0xx_HAL_Driver\Src\stm32f0xx_hal_i2c.c 0x00000000   Number         0  stm32f0xx_hal_i2c.o ABSOLUTE
    ..\Drivers\STM32F0xx_HAL_Driver\Src\stm32f0xx_hal_i2c_ex.c 0x00000000   Number         0  stm32f0xx_hal_i2c_ex.o ABSOLUTE
    ..\Drivers\STM32F0xx_HAL_Driver\Src\stm32f0xx_hal_pwr.c 0x00000000   Number         0  stm32f0xx_hal_pwr.o ABSOLUTE
    ..\Drivers\STM32F0xx_HAL_Driver\Src\stm32f0xx_hal_pwr_ex.c 0x00000000   Number         0  stm32f0xx_hal_pwr_ex.o ABSOLUTE
    ..\Drivers\STM32F0xx_HAL_Driver\Src\stm32f0xx_hal_rcc.c 0x00000000   Number         0  stm32f0xx_hal_rcc.o ABSOLUTE
    ..\Drivers\STM32F0xx_HAL_Driver\Src\stm32f0xx_hal_rcc_ex.c 0x00000000   Number         0  stm32f0xx_hal_rcc_ex.o ABSOLUTE
    ..\Drivers\STM32F0xx_HAL_Driver\Src\stm32f0xx_hal_tim.c 0x00000000   Number         0  stm32f0xx_hal_tim.o ABSOLUTE
    ..\Drivers\STM32F0xx_HAL_Driver\Src\stm32f0xx_hal_tim_ex.c 0x00000000   Number         0  stm32f0xx_hal_tim_ex.o ABSOLUTE
    ..\Drivers\STM32F0xx_HAL_Driver\Src\stm32f0xx_hal_uart.c 0x00000000   Number         0  stm32f0xx_hal_uart.o ABSOLUTE
    ..\Drivers\STM32F0xx_HAL_Driver\Src\stm32f0xx_hal_uart_ex.c 0x00000000   Number         0  stm32f0xx_hal_uart_ex.o ABSOLUTE
    ..\\..\\..\\..\\Application_Library\\Source\\servo.c 0x00000000   Number         0  servo.o ABSOLUTE
    cdcmple.s                                0x00000000   Number         0  cdcmple.o ABSOLUTE
    cdrcmple.s                               0x00000000   Number         0  cdrcmple.o ABSOLUTE
    dc.s                                     0x00000000   Number         0  dc.o ABSOLUTE
    handlers.s                               0x00000000   Number         0  handlers.o ABSOLUTE
    init.s                                   0x00000000   Number         0  init.o ABSOLUTE
    startup_stm32f042x6.s                    0x00000000   Number         0  startup_stm32f042x6.o ABSOLUTE
    RESET                                    0x08000000   Section      192  startup_stm32f042x6.o(RESET)
    .ARM.Collect$$$$00000000                 0x080000c0   Section        0  entry.o(.ARM.Collect$$$$00000000)
    .ARM.Collect$$$$00000001                 0x080000c0   Section        4  entry2.o(.ARM.Collect$$$$00000001)
    .ARM.Collect$$$$00000004                 0x080000c4   Section        4  entry5.o(.ARM.Collect$$$$00000004)
    .ARM.Collect$$$$00000008                 0x080000c8   Section        0  entry7b.o(.ARM.Collect$$$$00000008)
    .ARM.Collect$$$$0000000A                 0x080000c8   Section        0  entry8b.o(.ARM.Collect$$$$0000000A)
    .ARM.Collect$$$$0000000B                 0x080000c8   Section        8  entry9a.o(.ARM.Collect$$$$0000000B)
    .ARM.Collect$$$$0000000E                 0x080000d0   Section        4  entry12b.o(.ARM.Collect$$$$0000000E)
    .ARM.Collect$$$$0000000F                 0x080000d4   Section        0  entry10a.o(.ARM.Collect$$$$0000000F)
    .ARM.Collect$$$$00000011                 0x080000d4   Section        0  entry11a.o(.ARM.Collect$$$$00000011)
    .ARM.Collect$$$$00002712                 0x080000d4   Section        4  entry2.o(.ARM.Collect$$$$00002712)
    __lit__00000000                          0x080000d4   Data           4  entry2.o(.ARM.Collect$$$$00002712)
    .text                                    0x080000d8   Section       88  startup_stm32f042x6.o(.text)
    .text                                    0x08000130   Section        0  uidiv.o(.text)
    .text                                    0x0800015c   Section        0  uldiv.o(.text)
    .text                                    0x080001bc   Section        0  llushr.o(.text)
    .text                                    0x080001de   Section        0  tolower.o(.text)
    .text                                    0x080001ea   Section        0  memcpya.o(.text)
    .text                                    0x0800020e   Section        0  memseta.o(.text)
    .text                                    0x08000232   Section        0  strlen.o(.text)
    .text                                    0x08000240   Section        0  strcmp.o(.text)
    .text                                    0x0800025c   Section        0  strncmp.o(.text)
    .text                                    0x0800027c   Section        0  scanf_fp.o(.text)
    _fp_value                                0x0800027d   Thumb Code   286  scanf_fp.o(.text)
    .text                                    0x080005f0   Section        0  atoi.o(.text)
    .text                                    0x0800060c   Section        0  dadd.o(.text)
    .text                                    0x08000774   Section        0  dfixi.o(.text)
    .text                                    0x080007bc   Section        0  f2d.o(.text)
    .text                                    0x080007e4   Section       40  cdcmple.o(.text)
    .text                                    0x0800080c   Section       40  cdrcmple.o(.text)
    .text                                    0x08000834   Section        0  d2f.o(.text)
    .text                                    0x0800086c   Section        0  llmul.o(.text)
    .text                                    0x080008e6   Section        0  llshl.o(.text)
    .text                                    0x08000906   Section        0  llsshr.o(.text)
    .text                                    0x0800092c   Section        0  _sgetc.o(.text)
    .text                                    0x08000970   Section        0  strtod.o(.text)
    _local_sscanf                            0x08000971   Thumb Code    54  strtod.o(.text)
    .text                                    0x08000a14   Section        0  strtol.o(.text)
    .text                                    0x08000a84   Section        0  fepilogue.o(.text)
    .text                                    0x08000a84   Section        0  iusefp.o(.text)
    .text                                    0x08000b06   Section        0  depilogue.o(.text)
    .text                                    0x08000bc4   Section        0  dmul.o(.text)
    .text                                    0x08000c94   Section        0  ddiv.o(.text)
    .text                                    0x08000d84   Section        0  dfltul.o(.text)
    .text                                    0x08000da0   Section        0  dfixul.o(.text)
    .text                                    0x08000de0   Section       36  init.o(.text)
    .text                                    0x08000e04   Section        0  ctype_o.o(.text)
    .text                                    0x08000e0c   Section        0  isspace_o.o(.text)
    .text                                    0x08000e1e   Section        0  _strtoul.o(.text)
    .text                                    0x08000ec4   Section        0  _chval.o(.text)
    i.DMA1_Channel4_5_IRQHandler             0x08000ee4   Section        0  stm32f0xx_it.o(i.DMA1_Channel4_5_IRQHandler)
    i.DMA_CalcBaseAndBitshift                0x08000ef4   Section        0  stm32f0xx_hal_dma.o(i.DMA_CalcBaseAndBitshift)
    DMA_CalcBaseAndBitshift                  0x08000ef5   Thumb Code    26  stm32f0xx_hal_dma.o(i.DMA_CalcBaseAndBitshift)
    i.DMA_SetConfig                          0x08000f18   Section        0  stm32f0xx_hal_dma.o(i.DMA_SetConfig)
    DMA_SetConfig                            0x08000f19   Thumb Code    40  stm32f0xx_hal_dma.o(i.DMA_SetConfig)
    i.EXTI0_1_IRQHandler                     0x08000f40   Section        0  stm32f0xx_it.o(i.EXTI0_1_IRQHandler)
    i.EXTI2_3_IRQHandler                     0x08000f4a   Section        0  stm32f0xx_it.o(i.EXTI2_3_IRQHandler)
    i.EXTI4_15_IRQHandler                    0x08000f54   Section        0  stm32f0xx_it.o(i.EXTI4_15_IRQHandler)
    i.Error_Handler                          0x08000f78   Section        0  main.o(i.Error_Handler)
    i.HAL_DMA_Abort                          0x08000f7c   Section        0  stm32f0xx_hal_dma.o(i.HAL_DMA_Abort)
    i.HAL_DMA_Abort_IT                       0x08000fbc   Section        0  stm32f0xx_hal_dma.o(i.HAL_DMA_Abort_IT)
    i.HAL_DMA_IRQHandler                     0x08001004   Section        0  stm32f0xx_hal_dma.o(i.HAL_DMA_IRQHandler)
    i.HAL_DMA_Init                           0x080010a0   Section        0  stm32f0xx_hal_dma.o(i.HAL_DMA_Init)
    i.HAL_DMA_Start_IT                       0x080010f4   Section        0  stm32f0xx_hal_dma.o(i.HAL_DMA_Start_IT)
    i.HAL_GPIO_EXTI_Callback                 0x08001160   Section        0  servo.o(i.HAL_GPIO_EXTI_Callback)
    i.HAL_GPIO_EXTI_IRQHandler               0x08001280   Section        0  stm32f0xx_hal_gpio.o(i.HAL_GPIO_EXTI_IRQHandler)
    i.HAL_GPIO_Init                          0x08001298   Section        0  stm32f0xx_hal_gpio.o(i.HAL_GPIO_Init)
    i.HAL_GPIO_ReadPin                       0x08001430   Section        0  stm32f0xx_hal_gpio.o(i.HAL_GPIO_ReadPin)
    i.HAL_GPIO_WritePin                      0x0800143a   Section        0  stm32f0xx_hal_gpio.o(i.HAL_GPIO_WritePin)
    i.HAL_GetTick                            0x08001448   Section        0  stm32f0xx_hal.o(i.HAL_GetTick)
    i.HAL_I2CEx_ConfigAnalogFilter           0x08001454   Section        0  stm32f0xx_hal_i2c_ex.o(i.HAL_I2CEx_ConfigAnalogFilter)
    i.HAL_I2CEx_ConfigDigitalFilter          0x0800149e   Section        0  stm32f0xx_hal_i2c_ex.o(i.HAL_I2CEx_ConfigDigitalFilter)
    i.HAL_I2C_Init                           0x080014e8   Section        0  stm32f0xx_hal_i2c.o(i.HAL_I2C_Init)
    i.HAL_I2C_MspInit                        0x0800159c   Section        0  i2c.o(i.HAL_I2C_MspInit)
    i.HAL_IncTick                            0x0800161c   Section        0  stm32f0xx_hal.o(i.HAL_IncTick)
    i.HAL_Init                               0x0800162c   Section        0  stm32f0xx_hal.o(i.HAL_Init)
    i.HAL_InitTick                           0x0800164c   Section        0  stm32f0xx_hal.o(i.HAL_InitTick)
    i.HAL_MspInit                            0x08001690   Section        0  stm32f0xx_hal_msp.o(i.HAL_MspInit)
    i.HAL_NVIC_EnableIRQ                     0x080016b8   Section        0  stm32f0xx_hal_cortex.o(i.HAL_NVIC_EnableIRQ)
    i.HAL_NVIC_SetPriority                   0x080016d0   Section        0  stm32f0xx_hal_cortex.o(i.HAL_NVIC_SetPriority)
    i.HAL_RCCEx_PeriphCLKConfig              0x080016d8   Section        0  stm32f0xx_hal_rcc_ex.o(i.HAL_RCCEx_PeriphCLKConfig)
    i.HAL_RCC_ClockConfig                    0x080017e4   Section        0  stm32f0xx_hal_rcc.o(i.HAL_RCC_ClockConfig)
    i.HAL_RCC_GetPCLK1Freq                   0x080018f8   Section        0  stm32f0xx_hal_rcc.o(i.HAL_RCC_GetPCLK1Freq)
    i.HAL_RCC_GetSysClockFreq                0x08001918   Section        0  stm32f0xx_hal_rcc.o(i.HAL_RCC_GetSysClockFreq)
    i.HAL_RCC_OscConfig                      0x080019ac   Section        0  stm32f0xx_hal_rcc.o(i.HAL_RCC_OscConfig)
    i.HAL_SYSTICK_Config                     0x08001db0   Section        0  stm32f0xx_hal_cortex.o(i.HAL_SYSTICK_Config)
    i.HAL_TIMEx_ConfigBreakDeadTime          0x08001de0   Section        0  stm32f0xx_hal_tim_ex.o(i.HAL_TIMEx_ConfigBreakDeadTime)
    i.HAL_TIMEx_MasterConfigSynchronization  0x08001e40   Section        0  stm32f0xx_hal_tim_ex.o(i.HAL_TIMEx_MasterConfigSynchronization)
    i.HAL_TIM_Base_Init                      0x08001e98   Section        0  stm32f0xx_hal_tim.o(i.HAL_TIM_Base_Init)
    i.HAL_TIM_Base_MspInit                   0x08001ee0   Section        0  tim.o(i.HAL_TIM_Base_MspInit)
    i.HAL_TIM_MspPostInit                    0x08001f30   Section        0  tim.o(i.HAL_TIM_MspPostInit)
    i.HAL_TIM_PWM_ConfigChannel              0x08002030   Section        0  stm32f0xx_hal_tim.o(i.HAL_TIM_PWM_ConfigChannel)
    i.HAL_TIM_PWM_Init                       0x08002100   Section        0  stm32f0xx_hal_tim.o(i.HAL_TIM_PWM_Init)
    i.HAL_TIM_PWM_MspInit                    0x08002148   Section        0  tim.o(i.HAL_TIM_PWM_MspInit)
    i.HAL_TIM_PWM_Start                      0x08002184   Section        0  stm32f0xx_hal_tim.o(i.HAL_TIM_PWM_Start)
    i.HAL_UARTEx_ReceiveToIdle_DMA           0x08002224   Section        0  stm32f0xx_hal_uart_ex.o(i.HAL_UARTEx_ReceiveToIdle_DMA)
    i.HAL_UARTEx_RxEventCallback             0x08002298   Section        0  usart.o(i.HAL_UARTEx_RxEventCallback)
    i.HAL_UARTEx_WakeupCallback              0x0800230c   Section        0  stm32f0xx_hal_uart_ex.o(i.HAL_UARTEx_WakeupCallback)
    i.HAL_UART_ErrorCallback                 0x0800230e   Section        0  stm32f0xx_hal_uart.o(i.HAL_UART_ErrorCallback)
    i.HAL_UART_IRQHandler                    0x08002310   Section        0  stm32f0xx_hal_uart.o(i.HAL_UART_IRQHandler)
    i.HAL_UART_Init                          0x080025b4   Section        0  stm32f0xx_hal_uart.o(i.HAL_UART_Init)
    i.HAL_UART_MspInit                       0x08002620   Section        0  usart.o(i.HAL_UART_MspInit)
    i.HAL_UART_RxCpltCallback                0x080026c4   Section        0  stm32f0xx_hal_uart.o(i.HAL_UART_RxCpltCallback)
    i.HAL_UART_RxHalfCpltCallback            0x080026c6   Section        0  stm32f0xx_hal_uart.o(i.HAL_UART_RxHalfCpltCallback)
    i.HAL_UART_Transmit                      0x080026c8   Section        0  stm32f0xx_hal_uart.o(i.HAL_UART_Transmit)
    i.HAL_UART_TxCpltCallback                0x0800279a   Section        0  stm32f0xx_hal_uart.o(i.HAL_UART_TxCpltCallback)
    i.HardFault_Handler                      0x0800279c   Section        0  stm32f0xx_it.o(i.HardFault_Handler)
    i.MX_DMA_Init                            0x080027a0   Section        0  dma.o(i.MX_DMA_Init)
    i.MX_GPIO_Init                           0x080027c8   Section        0  gpio.o(i.MX_GPIO_Init)
    i.MX_I2C1_Init                           0x080028a0   Section        0  i2c.o(i.MX_I2C1_Init)
    i.MX_TIM14_Init                          0x080028f8   Section        0  tim.o(i.MX_TIM14_Init)
    i.MX_TIM16_Init                          0x08002968   Section        0  tim.o(i.MX_TIM16_Init)
    i.MX_TIM17_Init                          0x08002a0c   Section        0  tim.o(i.MX_TIM17_Init)
    i.MX_TIM2_Init                           0x08002ab0   Section        0  tim.o(i.MX_TIM2_Init)
    i.MX_TIM3_Init                           0x08002b4c   Section        0  tim.o(i.MX_TIM3_Init)
    i.MX_USART2_UART_Init                    0x08002bfc   Section        0  usart.o(i.MX_USART2_UART_Init)
    i.NMI_Handler                            0x08002c34   Section        0  stm32f0xx_it.o(i.NMI_Handler)
    i.PendSV_Handler                         0x08002c36   Section        0  stm32f0xx_it.o(i.PendSV_Handler)
    i.SVC_Handler                            0x08002c38   Section        0  stm32f0xx_it.o(i.SVC_Handler)
    i.SysTick_Handler                        0x08002c3a   Section        0  stm32f0xx_it.o(i.SysTick_Handler)
    i.SystemClock_Config                     0x08002c42   Section        0  main.o(i.SystemClock_Config)
    i.SystemInit                             0x08002cc2   Section        0  system_stm32f0xx.o(i.SystemInit)
    i.TIM_Base_SetConfig                     0x08002cc4   Section        0  stm32f0xx_hal_tim.o(i.TIM_Base_SetConfig)
    i.TIM_CCxChannelCmd                      0x08002d48   Section        0  stm32f0xx_hal_tim.o(i.TIM_CCxChannelCmd)
    i.TIM_OC1_SetConfig                      0x08002d64   Section        0  stm32f0xx_hal_tim.o(i.TIM_OC1_SetConfig)
    TIM_OC1_SetConfig                        0x08002d65   Thumb Code   108  stm32f0xx_hal_tim.o(i.TIM_OC1_SetConfig)
    i.TIM_OC2_SetConfig                      0x08002ddc   Section        0  stm32f0xx_hal_tim.o(i.TIM_OC2_SetConfig)
    i.TIM_OC3_SetConfig                      0x08002e50   Section        0  stm32f0xx_hal_tim.o(i.TIM_OC3_SetConfig)
    TIM_OC3_SetConfig                        0x08002e51   Thumb Code   106  stm32f0xx_hal_tim.o(i.TIM_OC3_SetConfig)
    i.TIM_OC4_SetConfig                      0x08002ec8   Section        0  stm32f0xx_hal_tim.o(i.TIM_OC4_SetConfig)
    TIM_OC4_SetConfig                        0x08002ec9   Thumb Code    84  stm32f0xx_hal_tim.o(i.TIM_OC4_SetConfig)
    i.UART_AdvFeatureConfig                  0x08002f28   Section        0  stm32f0xx_hal_uart.o(i.UART_AdvFeatureConfig)
    i.UART_CheckIdleState                    0x08002ff4   Section        0  stm32f0xx_hal_uart.o(i.UART_CheckIdleState)
    i.UART_DMAAbortOnError                   0x08003058   Section        0  stm32f0xx_hal_uart.o(i.UART_DMAAbortOnError)
    UART_DMAAbortOnError                     0x08003059   Thumb Code    20  stm32f0xx_hal_uart.o(i.UART_DMAAbortOnError)
    i.UART_DMAError                          0x0800306c   Section        0  stm32f0xx_hal_uart.o(i.UART_DMAError)
    UART_DMAError                            0x0800306d   Thumb Code    76  stm32f0xx_hal_uart.o(i.UART_DMAError)
    i.UART_DMAReceiveCplt                    0x080030b8   Section        0  stm32f0xx_hal_uart.o(i.UART_DMAReceiveCplt)
    UART_DMAReceiveCplt                      0x080030b9   Thumb Code   148  stm32f0xx_hal_uart.o(i.UART_DMAReceiveCplt)
    i.UART_DMARxHalfCplt                     0x0800314c   Section        0  stm32f0xx_hal_uart.o(i.UART_DMARxHalfCplt)
    UART_DMARxHalfCplt                       0x0800314d   Thumb Code    28  stm32f0xx_hal_uart.o(i.UART_DMARxHalfCplt)
    i.UART_EndRxTransfer                     0x08003168   Section        0  stm32f0xx_hal_uart.o(i.UART_EndRxTransfer)
    UART_EndRxTransfer                       0x08003169   Thumb Code    94  stm32f0xx_hal_uart.o(i.UART_EndRxTransfer)
    i.UART_EndTxTransfer                     0x080031c6   Section        0  stm32f0xx_hal_uart.o(i.UART_EndTxTransfer)
    UART_EndTxTransfer                       0x080031c7   Thumb Code    32  stm32f0xx_hal_uart.o(i.UART_EndTxTransfer)
    i.UART_SetConfig                         0x080031e8   Section        0  stm32f0xx_hal_uart.o(i.UART_SetConfig)
    i.UART_Start_Receive_DMA                 0x0800331c   Section        0  stm32f0xx_hal_uart.o(i.UART_Start_Receive_DMA)
    i.UART_WaitOnFlagUntilTimeout            0x080033cc   Section        0  stm32f0xx_hal_uart.o(i.UART_WaitOnFlagUntilTimeout)
    i.USART2_IRQHandler                      0x080034a0   Section        0  stm32f0xx_it.o(i.USART2_IRQHandler)
    i.__0printf                              0x080034b0   Section        0  printfa.o(i.__0printf)
    i.__ARM_clz                              0x080034d0   Section        0  depilogue.o(i.__ARM_clz)
    i.__ARM_common_ll_muluu                  0x080034fe   Section        0  stm32f0xx_hal_rcc.o(i.__ARM_common_ll_muluu)
    i.__ARM_common_switch8                   0x0800352e   Section        0  cjson.o(i.__ARM_common_switch8)
    i.__NVIC_SetPriority                     0x08003548   Section        0  stm32f0xx_hal_cortex.o(i.__NVIC_SetPriority)
    __NVIC_SetPriority                       0x08003549   Thumb Code    60  stm32f0xx_hal_cortex.o(i.__NVIC_SetPriority)
    i.__aeabi_errno_addr                     0x0800358c   Section        0  errno.o(i.__aeabi_errno_addr)
    i.__free$realloc                         0x08003594   Section        0  mallocr.o(i.__free$realloc)
    i.__malloc$realloc                       0x080035f8   Section        0  mallocr.o(i.__malloc$realloc)
    i.__scatterload_copy                     0x08003640   Section       14  handlers.o(i.__scatterload_copy)
    i.__scatterload_null                     0x0800364e   Section        2  handlers.o(i.__scatterload_null)
    i.__scatterload_zeroinit                 0x08003650   Section       14  handlers.o(i.__scatterload_zeroinit)
    i._fp_digits                             0x08003660   Section        0  printfa.o(i._fp_digits)
    _fp_digits                               0x08003661   Thumb Code   344  printfa.o(i._fp_digits)
    i._is_digit                              0x080037d4   Section        0  scanf_fp.o(i._is_digit)
    i._printf_core                           0x080037e4   Section        0  printfa.o(i._printf_core)
    _printf_core                             0x080037e5   Thumb Code  1760  printfa.o(i._printf_core)
    i._printf_post_padding                   0x08003ed4   Section        0  printfa.o(i._printf_post_padding)
    _printf_post_padding                     0x08003ed5   Thumb Code    32  printfa.o(i._printf_post_padding)
    i._printf_pre_padding                    0x08003ef4   Section        0  printfa.o(i._printf_pre_padding)
    _printf_pre_padding                      0x08003ef5   Thumb Code    44  printfa.o(i._printf_pre_padding)
    i.buffer_skip_whitespace                 0x08003f20   Section        0  cjson.o(i.buffer_skip_whitespace)
    buffer_skip_whitespace                   0x08003f21   Thumb Code    54  cjson.o(i.buffer_skip_whitespace)
    i.cJSON_Delete                           0x08003f58   Section        0  cjson.o(i.cJSON_Delete)
    i.cJSON_GetObjectItem                    0x08003fa4   Section        0  cjson.o(i.cJSON_GetObjectItem)
    i.cJSON_IsNumber                         0x08003fae   Section        0  cjson.o(i.cJSON_IsNumber)
    i.cJSON_IsObject                         0x08003fc0   Section        0  cjson.o(i.cJSON_IsObject)
    i.cJSON_IsString                         0x08003fd2   Section        0  cjson.o(i.cJSON_IsString)
    i.cJSON_New_Item                         0x08003fe4   Section        0  cjson.o(i.cJSON_New_Item)
    cJSON_New_Item                           0x08003fe5   Thumb Code    22  cjson.o(i.cJSON_New_Item)
    i.cJSON_ParseWithLength                  0x08003ffa   Section        0  cjson.o(i.cJSON_ParseWithLength)
    i.cJSON_ParseWithLengthOpts              0x08004008   Section        0  cjson.o(i.cJSON_ParseWithLengthOpts)
    i.fputc                                  0x080040e4   Section        0  usart.o(i.fputc)
    i.get_object_item                        0x08004100   Section        0  cjson.o(i.get_object_item)
    get_object_item                          0x08004101   Thumb Code   130  cjson.o(i.get_object_item)
    i.internal_alloc                         0x08004184   Section        0  mallocr.o(i.internal_alloc)
    internal_alloc                           0x08004185   Thumb Code    74  mallocr.o(i.internal_alloc)
    i.json2servo                             0x080041d4   Section        0  servo.o(i.json2servo)
    i.main                                   0x080043c0   Section        0  main.o(i.main)
    i.parse_array                            0x0800454c   Section        0  cjson.o(i.parse_array)
    parse_array                              0x0800454d   Thumb Code   222  cjson.o(i.parse_array)
    i.parse_hex4                             0x0800462a   Section        0  cjson.o(i.parse_hex4)
    parse_hex4                               0x0800462b   Thumb Code    64  cjson.o(i.parse_hex4)
    i.parse_number                           0x0800466c   Section        0  cjson.o(i.parse_number)
    parse_number                             0x0800466d   Thumb Code   222  cjson.o(i.parse_number)
    i.parse_object                           0x0800475c   Section        0  cjson.o(i.parse_object)
    parse_object                             0x0800475d   Thumb Code   280  cjson.o(i.parse_object)
    i.parse_string                           0x08004874   Section        0  cjson.o(i.parse_string)
    parse_string                             0x08004875   Thumb Code   280  cjson.o(i.parse_string)
    i.parse_value                            0x0800498c   Section        0  cjson.o(i.parse_value)
    parse_value                              0x0800498d   Thumb Code   224  cjson.o(i.parse_value)
    i.realloc                                0x08004a84   Section        0  mallocr.o(i.realloc)
    i.servo_constructor                      0x08004af8   Section        0  servo.o(i.servo_constructor)
    i.servo_pwm_set                          0x08004b18   Section        0  servo.o(i.servo_pwm_set)
    i.strtod                                 0x08004b26   Section        0  strtod.o(i.strtod)
    i.timer_ch2ccr                           0x08004b42   Section        0  servo.o(i.timer_ch2ccr)
    i.utf16_literal_to_utf8                  0x08004b64   Section        0  cjson.o(i.utf16_literal_to_utf8)
    utf16_literal_to_utf8                    0x08004b65   Thumb Code   216  cjson.o(i.utf16_literal_to_utf8)
    .constdata                               0x08004c44   Section      168  main.o(.constdata)
    .constdata                               0x08004cec   Section       16  system_stm32f0xx.o(.constdata)
    .constdata                               0x08004cfc   Section        8  system_stm32f0xx.o(.constdata)
    .constdata                               0x08004d04   Section      129  ctype_o.o(.constdata)
    .constdata                               0x08004d88   Section        4  ctype_o.o(.constdata)
    table                                    0x08004d88   Data           4  ctype_o.o(.constdata)
    .data                                    0x20000000   Section        4  main.o(.data)
    .data                                    0x20000004   Section        4  main.o(.data)
    .data                                    0x20000008   Section        1  main.o(.data)
    .data                                    0x20000009   Section        1  main.o(.data)
    .data                                    0x2000000a   Section        1  main.o(.data)
    .data                                    0x2000000c   Section       20  cjson.o(.data)
    global_error                             0x2000000c   Data           8  cjson.o(.data)
    global_hooks                             0x20000014   Data          12  cjson.o(.data)
    .data                                    0x20000020   Section       12  stm32f0xx_hal.o(.data)
    .data                                    0x2000002c   Section        4  system_stm32f0xx.o(.data)
    .data                                    0x20000030   Section        4  stdout.o(.data)
    .data                                    0x20000034   Section        4  mvars.o(.data)
    .data                                    0x20000038   Section        4  mvars.o(.data)
    .data                                    0x2000003c   Section        4  errno.o(.data)
    _errno                                   0x2000003c   Data           4  errno.o(.data)
    .bss                                     0x20000040   Section      168  main.o(.bss)
    .bss                                     0x200000e8   Section       76  i2c.o(.bss)
    .bss                                     0x20000134   Section      360  tim.o(.bss)
    .bss                                     0x2000029c   Section      712  usart.o(.bss)
    HEAP                                     0x20000568   Section      512  startup_stm32f042x6.o(HEAP)
    STACK                                    0x20000768   Section     1024  startup_stm32f042x6.o(STACK)

    Global Symbols

    Symbol Name                              Value     Ov Type        Size  Object(Section)

    BuildAttributes$$THM_ISAv3M$S$PE$A:L22$X:L11$S22$IEEE1$IW$USESV6$~STKCKD$USESV7$~SHL$OTIME$ROPI$IEEEJ$EBA8$MICROLIB$REQ8$PRES8$EABIv2 0x00000000   Number         0  anon$$obj.o ABSOLUTE
    __ARM_use_no_argv                        0x00000000   Number         0  main.o ABSOLUTE
    _printf_a                                0x00000000   Number         0  stubs.o ABSOLUTE
    _printf_c                                0x00000000   Number         0  stubs.o ABSOLUTE
    _printf_charcount                        0x00000000   Number         0  stubs.o ABSOLUTE
    _printf_d                                0x00000000   Number         0  stubs.o ABSOLUTE
    _printf_e                                0x00000000   Number         0  stubs.o ABSOLUTE
    _printf_f                                0x00000000   Number         0  stubs.o ABSOLUTE
    _printf_flags                            0x00000000   Number         0  stubs.o ABSOLUTE
    _printf_fp_dec                           0x00000000   Number         0  stubs.o ABSOLUTE
    _printf_fp_hex                           0x00000000   Number         0  stubs.o ABSOLUTE
    _printf_g                                0x00000000   Number         0  stubs.o ABSOLUTE
    _printf_i                                0x00000000   Number         0  stubs.o ABSOLUTE
    _printf_int_dec                          0x00000000   Number         0  stubs.o ABSOLUTE
    _printf_l                                0x00000000   Number         0  stubs.o ABSOLUTE
    _printf_lc                               0x00000000   Number         0  stubs.o ABSOLUTE
    _printf_ll                               0x00000000   Number         0  stubs.o ABSOLUTE
    _printf_lld                              0x00000000   Number         0  stubs.o ABSOLUTE
    _printf_lli                              0x00000000   Number         0  stubs.o ABSOLUTE
    _printf_llo                              0x00000000   Number         0  stubs.o ABSOLUTE
    _printf_llu                              0x00000000   Number         0  stubs.o ABSOLUTE
    _printf_llx                              0x00000000   Number         0  stubs.o ABSOLUTE
    _printf_longlong_dec                     0x00000000   Number         0  stubs.o ABSOLUTE
    _printf_longlong_hex                     0x00000000   Number         0  stubs.o ABSOLUTE
    _printf_longlong_oct                     0x00000000   Number         0  stubs.o ABSOLUTE
    _printf_ls                               0x00000000   Number         0  stubs.o ABSOLUTE
    _printf_mbtowc                           0x00000000   Number         0  stubs.o ABSOLUTE
    _printf_n                                0x00000000   Number         0  stubs.o ABSOLUTE
    _printf_o                                0x00000000   Number         0  stubs.o ABSOLUTE
    _printf_p                                0x00000000   Number         0  stubs.o ABSOLUTE
    _printf_percent                          0x00000000   Number         0  stubs.o ABSOLUTE
    _printf_pre_padding                      0x00000000   Number         0  stubs.o ABSOLUTE
    _printf_return_value                     0x00000000   Number         0  stubs.o ABSOLUTE
    _printf_s                                0x00000000   Number         0  stubs.o ABSOLUTE
    _printf_sizespec                         0x00000000   Number         0  stubs.o ABSOLUTE
    _printf_str                              0x00000000   Number         0  stubs.o ABSOLUTE
    _printf_truncate_signed                  0x00000000   Number         0  stubs.o ABSOLUTE
    _printf_truncate_unsigned                0x00000000   Number         0  stubs.o ABSOLUTE
    _printf_u                                0x00000000   Number         0  stubs.o ABSOLUTE
    _printf_wc                               0x00000000   Number         0  stubs.o ABSOLUTE
    _printf_wctomb                           0x00000000   Number         0  stubs.o ABSOLUTE
    _printf_widthprec                        0x00000000   Number         0  stubs.o ABSOLUTE
    _printf_x                                0x00000000   Number         0  stubs.o ABSOLUTE
    __arm_fini_                               - Undefined Weak Reference
    __cpp_initialize__aeabi_                  - Undefined Weak Reference
    __cxa_finalize                            - Undefined Weak Reference
    __decompress                              - Undefined Weak Reference
    _clock_init                               - Undefined Weak Reference
    _microlib_exit                            - Undefined Weak Reference
    _scanf_int                                - Undefined Weak Reference
    _scanf_longlong                           - Undefined Weak Reference
    _scanf_string                             - Undefined Weak Reference
    __Vectors_Size                           0x000000c0   Number         0  startup_stm32f042x6.o ABSOLUTE
    __Vectors                                0x08000000   Data           4  startup_stm32f042x6.o(RESET)
    __Vectors_End                            0x080000c0   Data           0  startup_stm32f042x6.o(RESET)
    __main                                   0x080000c1   Thumb Code     0  entry.o(.ARM.Collect$$$$00000000)
    _main_stk                                0x080000c1   Thumb Code     0  entry2.o(.ARM.Collect$$$$00000001)
    _main_scatterload                        0x080000c5   Thumb Code     0  entry5.o(.ARM.Collect$$$$00000004)
    __main_after_scatterload                 0x080000c9   Thumb Code     0  entry5.o(.ARM.Collect$$$$00000004)
    _main_clock                              0x080000c9   Thumb Code     0  entry7b.o(.ARM.Collect$$$$00000008)
    _main_cpp_init                           0x080000c9   Thumb Code     0  entry8b.o(.ARM.Collect$$$$0000000A)
    _main_init                               0x080000c9   Thumb Code     0  entry9a.o(.ARM.Collect$$$$0000000B)
    __rt_lib_shutdown_fini                   0x080000d1   Thumb Code     0  entry12b.o(.ARM.Collect$$$$0000000E)
    __rt_final_cpp                           0x080000d5   Thumb Code     0  entry10a.o(.ARM.Collect$$$$0000000F)
    __rt_final_exit                          0x080000d5   Thumb Code     0  entry11a.o(.ARM.Collect$$$$00000011)
    Reset_Handler                            0x080000d9   Thumb Code    38  startup_stm32f042x6.o(.text)
    ADC1_IRQHandler                          0x08000109   Thumb Code     0  startup_stm32f042x6.o(.text)
    CEC_CAN_IRQHandler                       0x08000109   Thumb Code     0  startup_stm32f042x6.o(.text)
    DMA1_Channel1_IRQHandler                 0x08000109   Thumb Code     0  startup_stm32f042x6.o(.text)
    DMA1_Channel2_3_IRQHandler               0x08000109   Thumb Code     0  startup_stm32f042x6.o(.text)
    FLASH_IRQHandler                         0x08000109   Thumb Code     0  startup_stm32f042x6.o(.text)
    I2C1_IRQHandler                          0x08000109   Thumb Code     0  startup_stm32f042x6.o(.text)
    PVD_VDDIO2_IRQHandler                    0x08000109   Thumb Code     0  startup_stm32f042x6.o(.text)
    RCC_CRS_IRQHandler                       0x08000109   Thumb Code     0  startup_stm32f042x6.o(.text)
    RTC_IRQHandler                           0x08000109   Thumb Code     0  startup_stm32f042x6.o(.text)
    SPI1_IRQHandler                          0x08000109   Thumb Code     0  startup_stm32f042x6.o(.text)
    SPI2_IRQHandler                          0x08000109   Thumb Code     0  startup_stm32f042x6.o(.text)
    TIM14_IRQHandler                         0x08000109   Thumb Code     0  startup_stm32f042x6.o(.text)
    TIM16_IRQHandler                         0x08000109   Thumb Code     0  startup_stm32f042x6.o(.text)
    TIM17_IRQHandler                         0x08000109   Thumb Code     0  startup_stm32f042x6.o(.text)
    TIM1_BRK_UP_TRG_COM_IRQHandler           0x08000109   Thumb Code     0  startup_stm32f042x6.o(.text)
    TIM1_CC_IRQHandler                       0x08000109   Thumb Code     0  startup_stm32f042x6.o(.text)
    TIM2_IRQHandler                          0x08000109   Thumb Code     0  startup_stm32f042x6.o(.text)
    TIM3_IRQHandler                          0x08000109   Thumb Code     0  startup_stm32f042x6.o(.text)
    TSC_IRQHandler                           0x08000109   Thumb Code     0  startup_stm32f042x6.o(.text)
    USART1_IRQHandler                        0x08000109   Thumb Code     0  startup_stm32f042x6.o(.text)
    USB_IRQHandler                           0x08000109   Thumb Code     0  startup_stm32f042x6.o(.text)
    WWDG_IRQHandler                          0x08000109   Thumb Code     0  startup_stm32f042x6.o(.text)
    __aeabi_uidiv                            0x08000131   Thumb Code     0  uidiv.o(.text)
    __aeabi_uidivmod                         0x08000131   Thumb Code    44  uidiv.o(.text)
    __aeabi_uldivmod                         0x0800015d   Thumb Code    96  uldiv.o(.text)
    __aeabi_llsr                             0x080001bd   Thumb Code    34  llushr.o(.text)
    _ll_ushift_r                             0x080001bd   Thumb Code     0  llushr.o(.text)
    tolower                                  0x080001df   Thumb Code    12  tolower.o(.text)
    __aeabi_memcpy                           0x080001eb   Thumb Code    36  memcpya.o(.text)
    __aeabi_memcpy4                          0x080001eb   Thumb Code     0  memcpya.o(.text)
    __aeabi_memcpy8                          0x080001eb   Thumb Code     0  memcpya.o(.text)
    __aeabi_memset                           0x0800020f   Thumb Code    14  memseta.o(.text)
    __aeabi_memset4                          0x0800020f   Thumb Code     0  memseta.o(.text)
    __aeabi_memset8                          0x0800020f   Thumb Code     0  memseta.o(.text)
    __aeabi_memclr                           0x0800021d   Thumb Code     4  memseta.o(.text)
    __aeabi_memclr4                          0x0800021d   Thumb Code     0  memseta.o(.text)
    __aeabi_memclr8                          0x0800021d   Thumb Code     0  memseta.o(.text)
    _memset$wrapper                          0x08000221   Thumb Code    18  memseta.o(.text)
    strlen                                   0x08000233   Thumb Code    14  strlen.o(.text)
    strcmp                                   0x08000241   Thumb Code    28  strcmp.o(.text)
    strncmp                                  0x0800025d   Thumb Code    30  strncmp.o(.text)
    _scanf_real                              0x0800039b   Thumb Code     0  scanf_fp.o(.text)
    _scanf_really_real                       0x0800039b   Thumb Code   586  scanf_fp.o(.text)
    atoi                                     0x080005f1   Thumb Code    26  atoi.o(.text)
    __aeabi_dadd                             0x0800060d   Thumb Code   330  dadd.o(.text)
    __aeabi_dsub                             0x08000757   Thumb Code    12  dadd.o(.text)
    __aeabi_drsub                            0x08000763   Thumb Code    12  dadd.o(.text)
    __aeabi_d2iz                             0x08000775   Thumb Code    62  dfixi.o(.text)
    __aeabi_f2d                              0x080007bd   Thumb Code    40  f2d.o(.text)
    __aeabi_cdcmpeq                          0x080007e5   Thumb Code     0  cdcmple.o(.text)
    __aeabi_cdcmple                          0x080007e5   Thumb Code    38  cdcmple.o(.text)
    __aeabi_cdrcmple                         0x0800080d   Thumb Code    38  cdrcmple.o(.text)
    __aeabi_d2f                              0x08000835   Thumb Code    56  d2f.o(.text)
    __aeabi_lmul                             0x0800086d   Thumb Code   122  llmul.o(.text)
    _ll_mul                                  0x0800086d   Thumb Code     0  llmul.o(.text)
    __aeabi_llsl                             0x080008e7   Thumb Code    32  llshl.o(.text)
    _ll_shift_l                              0x080008e7   Thumb Code     0  llshl.o(.text)
    __aeabi_lasr                             0x08000907   Thumb Code    38  llsshr.o(.text)
    _ll_sshift_r                             0x08000907   Thumb Code     0  llsshr.o(.text)
    _sgetc                                   0x0800092d   Thumb Code    32  _sgetc.o(.text)
    _sbackspace                              0x0800094d   Thumb Code    36  _sgetc.o(.text)
    __strtod_int                             0x080009a7   Thumb Code    94  strtod.o(.text)
    strtol                                   0x08000a15   Thumb Code   108  strtol.o(.text)
    __I$use$fp                               0x08000a85   Thumb Code     0  iusefp.o(.text)
    _float_round                             0x08000a85   Thumb Code    16  fepilogue.o(.text)
    _float_epilogue                          0x08000a95   Thumb Code   114  fepilogue.o(.text)
    _double_round                            0x08000b07   Thumb Code    26  depilogue.o(.text)
    _double_epilogue                         0x08000b21   Thumb Code   164  depilogue.o(.text)
    __aeabi_dmul                             0x08000bc5   Thumb Code   202  dmul.o(.text)
    __aeabi_ddiv                             0x08000c95   Thumb Code   234  ddiv.o(.text)
    __aeabi_ul2d                             0x08000d85   Thumb Code    22  dfltul.o(.text)
    __aeabi_d2ulz                            0x08000da1   Thumb Code    54  dfixul.o(.text)
    __scatterload                            0x08000de1   Thumb Code    28  init.o(.text)
    __scatterload_rt2                        0x08000de1   Thumb Code     0  init.o(.text)
    __rt_ctype_table                         0x08000e05   Thumb Code     4  ctype_o.o(.text)
    isspace                                  0x08000e0d   Thumb Code    18  isspace_o.o(.text)
    _strtoul                                 0x08000e1f   Thumb Code   166  _strtoul.o(.text)
    _chval                                   0x08000ec5   Thumb Code    30  _chval.o(.text)
    DMA1_Channel4_5_IRQHandler               0x08000ee5   Thumb Code    10  stm32f0xx_it.o(i.DMA1_Channel4_5_IRQHandler)
    EXTI0_1_IRQHandler                       0x08000f41   Thumb Code    10  stm32f0xx_it.o(i.EXTI0_1_IRQHandler)
    EXTI2_3_IRQHandler                       0x08000f4b   Thumb Code    10  stm32f0xx_it.o(i.EXTI2_3_IRQHandler)
    EXTI4_15_IRQHandler                      0x08000f55   Thumb Code    36  stm32f0xx_it.o(i.EXTI4_15_IRQHandler)
    Error_Handler                            0x08000f79   Thumb Code     4  main.o(i.Error_Handler)
    HAL_DMA_Abort                            0x08000f7d   Thumb Code    64  stm32f0xx_hal_dma.o(i.HAL_DMA_Abort)
    HAL_DMA_Abort_IT                         0x08000fbd   Thumb Code    72  stm32f0xx_hal_dma.o(i.HAL_DMA_Abort_IT)
    HAL_DMA_IRQHandler                       0x08001005   Thumb Code   156  stm32f0xx_hal_dma.o(i.HAL_DMA_IRQHandler)
    HAL_DMA_Init                             0x080010a1   Thumb Code    78  stm32f0xx_hal_dma.o(i.HAL_DMA_Init)
    HAL_DMA_Start_IT                         0x080010f5   Thumb Code   106  stm32f0xx_hal_dma.o(i.HAL_DMA_Start_IT)
    HAL_GPIO_EXTI_Callback                   0x08001161   Thumb Code   238  servo.o(i.HAL_GPIO_EXTI_Callback)
    HAL_GPIO_EXTI_IRQHandler                 0x08001281   Thumb Code    18  stm32f0xx_hal_gpio.o(i.HAL_GPIO_EXTI_IRQHandler)
    HAL_GPIO_Init                            0x08001299   Thumb Code   386  stm32f0xx_hal_gpio.o(i.HAL_GPIO_Init)
    HAL_GPIO_ReadPin                         0x08001431   Thumb Code    10  stm32f0xx_hal_gpio.o(i.HAL_GPIO_ReadPin)
    HAL_GPIO_WritePin                        0x0800143b   Thumb Code    12  stm32f0xx_hal_gpio.o(i.HAL_GPIO_WritePin)
    HAL_GetTick                              0x08001449   Thumb Code     6  stm32f0xx_hal.o(i.HAL_GetTick)
    HAL_I2CEx_ConfigAnalogFilter             0x08001455   Thumb Code    74  stm32f0xx_hal_i2c_ex.o(i.HAL_I2CEx_ConfigAnalogFilter)
    HAL_I2CEx_ConfigDigitalFilter            0x0800149f   Thumb Code    72  stm32f0xx_hal_i2c_ex.o(i.HAL_I2CEx_ConfigDigitalFilter)
    HAL_I2C_Init                             0x080014e9   Thumb Code   176  stm32f0xx_hal_i2c.o(i.HAL_I2C_Init)
    HAL_I2C_MspInit                          0x0800159d   Thumb Code   114  i2c.o(i.HAL_I2C_MspInit)
    HAL_IncTick                              0x0800161d   Thumb Code    12  stm32f0xx_hal.o(i.HAL_IncTick)
    HAL_Init                                 0x0800162d   Thumb Code    26  stm32f0xx_hal.o(i.HAL_Init)
    HAL_InitTick                             0x0800164d   Thumb Code    58  stm32f0xx_hal.o(i.HAL_InitTick)
    HAL_MspInit                              0x08001691   Thumb Code    34  stm32f0xx_hal_msp.o(i.HAL_MspInit)
    HAL_NVIC_EnableIRQ                       0x080016b9   Thumb Code    18  stm32f0xx_hal_cortex.o(i.HAL_NVIC_EnableIRQ)
    HAL_NVIC_SetPriority                     0x080016d1   Thumb Code     8  stm32f0xx_hal_cortex.o(i.HAL_NVIC_SetPriority)
    HAL_RCCEx_PeriphCLKConfig                0x080016d9   Thumb Code   254  stm32f0xx_hal_rcc_ex.o(i.HAL_RCCEx_PeriphCLKConfig)
    HAL_RCC_ClockConfig                      0x080017e5   Thumb Code   254  stm32f0xx_hal_rcc.o(i.HAL_RCC_ClockConfig)
    HAL_RCC_GetPCLK1Freq                     0x080018f9   Thumb Code    20  stm32f0xx_hal_rcc.o(i.HAL_RCC_GetPCLK1Freq)
    HAL_RCC_GetSysClockFreq                  0x08001919   Thumb Code   102  stm32f0xx_hal_rcc.o(i.HAL_RCC_GetSysClockFreq)
    HAL_RCC_OscConfig                        0x080019ad   Thumb Code  1028  stm32f0xx_hal_rcc.o(i.HAL_RCC_OscConfig)
    HAL_SYSTICK_Config                       0x08001db1   Thumb Code    38  stm32f0xx_hal_cortex.o(i.HAL_SYSTICK_Config)
    HAL_TIMEx_ConfigBreakDeadTime            0x08001de1   Thumb Code    94  stm32f0xx_hal_tim_ex.o(i.HAL_TIMEx_ConfigBreakDeadTime)
    HAL_TIMEx_MasterConfigSynchronization    0x08001e41   Thumb Code    78  stm32f0xx_hal_tim_ex.o(i.HAL_TIMEx_MasterConfigSynchronization)
    HAL_TIM_Base_Init                        0x08001e99   Thumb Code    72  stm32f0xx_hal_tim.o(i.HAL_TIM_Base_Init)
    HAL_TIM_Base_MspInit                     0x08001ee1   Thumb Code    64  tim.o(i.HAL_TIM_Base_MspInit)
    HAL_TIM_MspPostInit                      0x08001f31   Thumb Code   230  tim.o(i.HAL_TIM_MspPostInit)
    HAL_TIM_PWM_ConfigChannel                0x08002031   Thumb Code   208  stm32f0xx_hal_tim.o(i.HAL_TIM_PWM_ConfigChannel)
    HAL_TIM_PWM_Init                         0x08002101   Thumb Code    72  stm32f0xx_hal_tim.o(i.HAL_TIM_PWM_Init)
    HAL_TIM_PWM_MspInit                      0x08002149   Thumb Code    50  tim.o(i.HAL_TIM_PWM_MspInit)
    HAL_TIM_PWM_Start                        0x08002185   Thumb Code   144  stm32f0xx_hal_tim.o(i.HAL_TIM_PWM_Start)
    HAL_UARTEx_ReceiveToIdle_DMA             0x08002225   Thumb Code   114  stm32f0xx_hal_uart_ex.o(i.HAL_UARTEx_ReceiveToIdle_DMA)
    HAL_UARTEx_RxEventCallback               0x08002299   Thumb Code    90  usart.o(i.HAL_UARTEx_RxEventCallback)
    HAL_UARTEx_WakeupCallback                0x0800230d   Thumb Code     2  stm32f0xx_hal_uart_ex.o(i.HAL_UARTEx_WakeupCallback)
    HAL_UART_ErrorCallback                   0x0800230f   Thumb Code     2  stm32f0xx_hal_uart.o(i.HAL_UART_ErrorCallback)
    HAL_UART_IRQHandler                      0x08002311   Thumb Code   662  stm32f0xx_hal_uart.o(i.HAL_UART_IRQHandler)
    HAL_UART_Init                            0x080025b5   Thumb Code   106  stm32f0xx_hal_uart.o(i.HAL_UART_Init)
    HAL_UART_MspInit                         0x08002621   Thumb Code   142  usart.o(i.HAL_UART_MspInit)
    HAL_UART_RxCpltCallback                  0x080026c5   Thumb Code     2  stm32f0xx_hal_uart.o(i.HAL_UART_RxCpltCallback)
    HAL_UART_RxHalfCpltCallback              0x080026c7   Thumb Code     2  stm32f0xx_hal_uart.o(i.HAL_UART_RxHalfCpltCallback)
    HAL_UART_Transmit                        0x080026c9   Thumb Code   210  stm32f0xx_hal_uart.o(i.HAL_UART_Transmit)
    HAL_UART_TxCpltCallback                  0x0800279b   Thumb Code     2  stm32f0xx_hal_uart.o(i.HAL_UART_TxCpltCallback)
    HardFault_Handler                        0x0800279d   Thumb Code     2  stm32f0xx_it.o(i.HardFault_Handler)
    MX_DMA_Init                              0x080027a1   Thumb Code    36  dma.o(i.MX_DMA_Init)
    MX_GPIO_Init                             0x080027c9   Thumb Code   202  gpio.o(i.MX_GPIO_Init)
    MX_I2C1_Init                             0x080028a1   Thumb Code    76  i2c.o(i.MX_I2C1_Init)
    MX_TIM14_Init                            0x080028f9   Thumb Code   100  tim.o(i.MX_TIM14_Init)
    MX_TIM16_Init                            0x08002969   Thumb Code   150  tim.o(i.MX_TIM16_Init)
    MX_TIM17_Init                            0x08002a0d   Thumb Code   150  tim.o(i.MX_TIM17_Init)
    MX_TIM2_Init                             0x08002ab1   Thumb Code   148  tim.o(i.MX_TIM2_Init)
    MX_TIM3_Init                             0x08002b4d   Thumb Code   164  tim.o(i.MX_TIM3_Init)
    MX_USART2_UART_Init                      0x08002bfd   Thumb Code    48  usart.o(i.MX_USART2_UART_Init)
    NMI_Handler                              0x08002c35   Thumb Code     2  stm32f0xx_it.o(i.NMI_Handler)
    PendSV_Handler                           0x08002c37   Thumb Code     2  stm32f0xx_it.o(i.PendSV_Handler)
    SVC_Handler                              0x08002c39   Thumb Code     2  stm32f0xx_it.o(i.SVC_Handler)
    SysTick_Handler                          0x08002c3b   Thumb Code     8  stm32f0xx_it.o(i.SysTick_Handler)
    SystemClock_Config                       0x08002c43   Thumb Code   128  main.o(i.SystemClock_Config)
    SystemInit                               0x08002cc3   Thumb Code     2  system_stm32f0xx.o(i.SystemInit)
    TIM_Base_SetConfig                       0x08002cc5   Thumb Code   112  stm32f0xx_hal_tim.o(i.TIM_Base_SetConfig)
    TIM_CCxChannelCmd                        0x08002d49   Thumb Code    26  stm32f0xx_hal_tim.o(i.TIM_CCxChannelCmd)
    TIM_OC2_SetConfig                        0x08002ddd   Thumb Code   104  stm32f0xx_hal_tim.o(i.TIM_OC2_SetConfig)
    UART_AdvFeatureConfig                    0x08002f29   Thumb Code   202  stm32f0xx_hal_uart.o(i.UART_AdvFeatureConfig)
    UART_CheckIdleState                      0x08002ff5   Thumb Code    94  stm32f0xx_hal_uart.o(i.UART_CheckIdleState)
    UART_SetConfig                           0x080031e9   Thumb Code   282  stm32f0xx_hal_uart.o(i.UART_SetConfig)
    UART_Start_Receive_DMA                   0x0800331d   Thumb Code   164  stm32f0xx_hal_uart.o(i.UART_Start_Receive_DMA)
    UART_WaitOnFlagUntilTimeout              0x080033cd   Thumb Code   212  stm32f0xx_hal_uart.o(i.UART_WaitOnFlagUntilTimeout)
    USART2_IRQHandler                        0x080034a1   Thumb Code    10  stm32f0xx_it.o(i.USART2_IRQHandler)
    __0printf                                0x080034b1   Thumb Code    24  printfa.o(i.__0printf)
    __1printf                                0x080034b1   Thumb Code     0  printfa.o(i.__0printf)
    __2printf                                0x080034b1   Thumb Code     0  printfa.o(i.__0printf)
    __c89printf                              0x080034b1   Thumb Code     0  printfa.o(i.__0printf)
    printf                                   0x080034b1   Thumb Code     0  printfa.o(i.__0printf)
    __ARM_clz                                0x080034d1   Thumb Code    46  depilogue.o(i.__ARM_clz)
    __ARM_common_ll_muluu                    0x080034ff   Thumb Code    48  stm32f0xx_hal_rcc.o(i.__ARM_common_ll_muluu)
    __ARM_common_switch8                     0x0800352f   Thumb Code    26  cjson.o(i.__ARM_common_switch8)
    __aeabi_errno_addr                       0x0800358d   Thumb Code     4  errno.o(i.__aeabi_errno_addr)
    __rt_errno_addr                          0x0800358d   Thumb Code     0  errno.o(i.__aeabi_errno_addr)
    free                                     0x08003595   Thumb Code    94  mallocr.o(i.__free$realloc)
    malloc                                   0x080035f9   Thumb Code    54  mallocr.o(i.__malloc$realloc)
    __scatterload_copy                       0x08003641   Thumb Code    14  handlers.o(i.__scatterload_copy)
    __scatterload_null                       0x0800364f   Thumb Code     2  handlers.o(i.__scatterload_null)
    __scatterload_zeroinit                   0x08003651   Thumb Code    14  handlers.o(i.__scatterload_zeroinit)
    _is_digit                                0x080037d5   Thumb Code    14  scanf_fp.o(i._is_digit)
    cJSON_Delete                             0x08003f59   Thumb Code    72  cjson.o(i.cJSON_Delete)
    cJSON_GetObjectItem                      0x08003fa5   Thumb Code    10  cjson.o(i.cJSON_GetObjectItem)
    cJSON_IsNumber                           0x08003faf   Thumb Code    18  cjson.o(i.cJSON_IsNumber)
    cJSON_IsObject                           0x08003fc1   Thumb Code    18  cjson.o(i.cJSON_IsObject)
    cJSON_IsString                           0x08003fd3   Thumb Code    18  cjson.o(i.cJSON_IsString)
    cJSON_ParseWithLength                    0x08003ffb   Thumb Code    12  cjson.o(i.cJSON_ParseWithLength)
    cJSON_ParseWithLengthOpts                0x08004009   Thumb Code   212  cjson.o(i.cJSON_ParseWithLengthOpts)
    fputc                                    0x080040e5   Thumb Code    18  usart.o(i.fputc)
    json2servo                               0x080041d5   Thumb Code   320  servo.o(i.json2servo)
    main                                     0x080043c1   Thumb Code   354  main.o(i.main)
    realloc                                  0x08004a85   Thumb Code   110  mallocr.o(i.realloc)
    servo_constructor                        0x08004af9   Thumb Code    32  servo.o(i.servo_constructor)
    servo_pwm_set                            0x08004b19   Thumb Code    14  servo.o(i.servo_pwm_set)
    strtod                                   0x08004b27   Thumb Code    28  strtod.o(i.strtod)
    timer_ch2ccr                             0x08004b43   Thumb Code    34  servo.o(i.timer_ch2ccr)
    AHBPrescTable                            0x08004cec   Data          16  system_stm32f0xx.o(.constdata)
    APBPrescTable                            0x08004cfc   Data           8  system_stm32f0xx.o(.constdata)
    __ctype_table                            0x08004d04   Data         129  ctype_o.o(.constdata)
    Region$$Table$$Base                      0x08004d8c   Number         0  anon$$obj.o(Region$$Table)
    Region$$Table$$Limit                     0x08004dac   Number         0  anon$$obj.o(Region$$Table)
    last_time                                0x20000000   Data           4  main.o(.data)
    sub_last_time                            0x20000004   Data           4  main.o(.data)
    selected_servo_prev                      0x20000008   Data           1  main.o(.data)
    rotate_dir                               0x20000009   Data           1  main.o(.data)
    selected_servo                           0x2000000a   Data           1  main.o(.data)
    uwTickFreq                               0x20000020   Data           1  stm32f0xx_hal.o(.data)
    uwTickPrio                               0x20000024   Data           4  stm32f0xx_hal.o(.data)
    uwTick                                   0x20000028   Data           4  stm32f0xx_hal.o(.data)
    SystemCoreClock                          0x2000002c   Data           4  system_stm32f0xx.o(.data)
    __stdout                                 0x20000030   Data           4  stdout.o(.data)
    __microlib_freelist                      0x20000034   Data           4  mvars.o(.data)
    __microlib_freelist_initialised          0x20000038   Data           4  mvars.o(.data)
    servo                                    0x20000040   Data         168  main.o(.bss)
    hi2c1                                    0x200000e8   Data          76  i2c.o(.bss)
    htim2                                    0x20000134   Data          72  tim.o(.bss)
    htim3                                    0x2000017c   Data          72  tim.o(.bss)
    htim14                                   0x200001c4   Data          72  tim.o(.bss)
    htim16                                   0x2000020c   Data          72  tim.o(.bss)
    htim17                                   0x20000254   Data          72  tim.o(.bss)
    RxBuf                                    0x2000029c   Data         256  usart.o(.bss)
    MainBuf                                  0x2000039c   Data         256  usart.o(.bss)
    huart2                                   0x2000049c   Data         132  usart.o(.bss)
    hdma_usart2_rx                           0x20000520   Data          68  usart.o(.bss)
    __heap_base                              0x20000568   Data           0  startup_stm32f042x6.o(HEAP)
    __heap_limit                             0x20000768   Data           0  startup_stm32f042x6.o(HEAP)
    __initial_sp                             0x20000b68   Data           0  startup_stm32f042x6.o(STACK)



==============================================================================

Memory Map of the image

  Image Entry point : 0x080000c1

  Load Region LR_IROM1 (Base: 0x08000000, Size: 0x00004dec, Max: 0x00008000, ABSOLUTE)

    Execution Region ER_IROM1 (Exec base: 0x08000000, Load base: 0x08000000, Size: 0x00004dac, Max: 0x00008000, ABSOLUTE)

    Exec Addr    Load Addr    Size         Type   Attr      Idx    E Section Name        Object

    0x08000000   0x08000000   0x000000c0   Data   RO            3    RESET               startup_stm32f042x6.o
    0x080000c0   0x080000c0   0x00000000   Code   RO         4146  * .ARM.Collect$$$$00000000  mc_p.l(entry.o)
    0x080000c0   0x080000c0   0x00000004   Code   RO         4486    .ARM.Collect$$$$00000001  mc_p.l(entry2.o)
    0x080000c4   0x080000c4   0x00000004   Code   RO         4489    .ARM.Collect$$$$00000004  mc_p.l(entry5.o)
    0x080000c8   0x080000c8   0x00000000   Code   RO         4491    .ARM.Collect$$$$00000008  mc_p.l(entry7b.o)
    0x080000c8   0x080000c8   0x00000000   Code   RO         4493    .ARM.Collect$$$$0000000A  mc_p.l(entry8b.o)
    0x080000c8   0x080000c8   0x00000008   Code   RO         4494    .ARM.Collect$$$$0000000B  mc_p.l(entry9a.o)
    0x080000d0   0x080000d0   0x00000004   Code   RO         4501    .ARM.Collect$$$$0000000E  mc_p.l(entry12b.o)
    0x080000d4   0x080000d4   0x00000000   Code   RO         4496    .ARM.Collect$$$$0000000F  mc_p.l(entry10a.o)
    0x080000d4   0x080000d4   0x00000000   Code   RO         4498    .ARM.Collect$$$$00000011  mc_p.l(entry11a.o)
    0x080000d4   0x080000d4   0x00000004   Code   RO         4487    .ARM.Collect$$$$00002712  mc_p.l(entry2.o)
    0x080000d8   0x080000d8   0x00000058   Code   RO            4    .text               startup_stm32f042x6.o
    0x08000130   0x08000130   0x0000002c   Code   RO         4149    .text               mc_p.l(uidiv.o)
    0x0800015c   0x0800015c   0x00000060   Code   RO         4151    .text               mc_p.l(uldiv.o)
    0x080001bc   0x080001bc   0x00000022   Code   RO         4153    .text               mc_p.l(llushr.o)
    0x080001de   0x080001de   0x0000000c   Code   RO         4155    .text               mc_p.l(tolower.o)
    0x080001ea   0x080001ea   0x00000024   Code   RO         4157    .text               mc_p.l(memcpya.o)
    0x0800020e   0x0800020e   0x00000024   Code   RO         4159    .text               mc_p.l(memseta.o)
    0x08000232   0x08000232   0x0000000e   Code   RO         4163    .text               mc_p.l(strlen.o)
    0x08000240   0x08000240   0x0000001c   Code   RO         4165    .text               mc_p.l(strcmp.o)
    0x0800025c   0x0800025c   0x0000001e   Code   RO         4169    .text               mc_p.l(strncmp.o)
    0x0800027a   0x0800027a   0x00000002   PAD
    0x0800027c   0x0800027c   0x00000374   Code   RO         4464    .text               mc_p.l(scanf_fp.o)
    0x080005f0   0x080005f0   0x0000001a   Code   RO         4468    .text               mc_p.l(atoi.o)
    0x0800060a   0x0800060a   0x00000002   PAD
    0x0800060c   0x0800060c   0x00000168   Code   RO         4470    .text               mf_p.l(dadd.o)
    0x08000774   0x08000774   0x00000048   Code   RO         4476    .text               mf_p.l(dfixi.o)
    0x080007bc   0x080007bc   0x00000028   Code   RO         4478    .text               mf_p.l(f2d.o)
    0x080007e4   0x080007e4   0x00000028   Code   RO         4480    .text               mf_p.l(cdcmple.o)
    0x0800080c   0x0800080c   0x00000028   Code   RO         4482    .text               mf_p.l(cdrcmple.o)
    0x08000834   0x08000834   0x00000038   Code   RO         4484    .text               mf_p.l(d2f.o)
    0x0800086c   0x0800086c   0x0000007a   Code   RO         4503    .text               mc_p.l(llmul.o)
    0x080008e6   0x080008e6   0x00000020   Code   RO         4505    .text               mc_p.l(llshl.o)
    0x08000906   0x08000906   0x00000026   Code   RO         4507    .text               mc_p.l(llsshr.o)
    0x0800092c   0x0800092c   0x00000044   Code   RO         4520    .text               mc_p.l(_sgetc.o)
    0x08000970   0x08000970   0x000000a4   Code   RO         4522    .text               mc_p.l(strtod.o)
    0x08000a14   0x08000a14   0x00000070   Code   RO         4524    .text               mc_p.l(strtol.o)
    0x08000a84   0x08000a84   0x00000000   Code   RO         4526    .text               mc_p.l(iusefp.o)
    0x08000a84   0x08000a84   0x00000082   Code   RO         4527    .text               mf_p.l(fepilogue.o)
    0x08000b06   0x08000b06   0x000000be   Code   RO         4529    .text               mf_p.l(depilogue.o)
    0x08000bc4   0x08000bc4   0x000000d0   Code   RO         4533    .text               mf_p.l(dmul.o)
    0x08000c94   0x08000c94   0x000000f0   Code   RO         4535    .text               mf_p.l(ddiv.o)
    0x08000d84   0x08000d84   0x0000001c   Code   RO         4537    .text               mf_p.l(dfltul.o)
    0x08000da0   0x08000da0   0x00000040   Code   RO         4539    .text               mf_p.l(dfixul.o)
    0x08000de0   0x08000de0   0x00000024   Code   RO         4541    .text               mc_p.l(init.o)
    0x08000e04   0x08000e04   0x00000008   Code   RO         4545    .text               mc_p.l(ctype_o.o)
    0x08000e0c   0x08000e0c   0x00000012   Code   RO         4567    .text               mc_p.l(isspace_o.o)
    0x08000e1e   0x08000e1e   0x000000a6   Code   RO         4575    .text               mc_p.l(_strtoul.o)
    0x08000ec4   0x08000ec4   0x0000001e   Code   RO         4580    .text               mc_p.l(_chval.o)
    0x08000ee2   0x08000ee2   0x00000002   PAD
    0x08000ee4   0x08000ee4   0x00000010   Code   RO          414    i.DMA1_Channel4_5_IRQHandler  stm32f0xx_it.o
    0x08000ef4   0x08000ef4   0x00000024   Code   RO         2104    i.DMA_CalcBaseAndBitshift  stm32f0xx_hal_dma.o
    0x08000f18   0x08000f18   0x00000028   Code   RO         2105    i.DMA_SetConfig     stm32f0xx_hal_dma.o
    0x08000f40   0x08000f40   0x0000000a   Code   RO          415    i.EXTI0_1_IRQHandler  stm32f0xx_it.o
    0x08000f4a   0x08000f4a   0x0000000a   Code   RO          416    i.EXTI2_3_IRQHandler  stm32f0xx_it.o
    0x08000f54   0x08000f54   0x00000024   Code   RO          417    i.EXTI4_15_IRQHandler  stm32f0xx_it.o
    0x08000f78   0x08000f78   0x00000004   Code   RO           12    i.Error_Handler     main.o
    0x08000f7c   0x08000f7c   0x00000040   Code   RO         2106    i.HAL_DMA_Abort     stm32f0xx_hal_dma.o
    0x08000fbc   0x08000fbc   0x00000048   Code   RO         2107    i.HAL_DMA_Abort_IT  stm32f0xx_hal_dma.o
    0x08001004   0x08001004   0x0000009c   Code   RO         2111    i.HAL_DMA_IRQHandler  stm32f0xx_hal_dma.o
    0x080010a0   0x080010a0   0x00000054   Code   RO         2112    i.HAL_DMA_Init      stm32f0xx_hal_dma.o
    0x080010f4   0x080010f4   0x0000006a   Code   RO         2116    i.HAL_DMA_Start_IT  stm32f0xx_hal_dma.o
    0x0800115e   0x0800115e   0x00000002   PAD
    0x08001160   0x08001160   0x00000120   Code   RO          512    i.HAL_GPIO_EXTI_Callback  servo.o
    0x08001280   0x08001280   0x00000018   Code   RO         2044    i.HAL_GPIO_EXTI_IRQHandler  stm32f0xx_hal_gpio.o
    0x08001298   0x08001298   0x00000198   Code   RO         2045    i.HAL_GPIO_Init     stm32f0xx_hal_gpio.o
    0x08001430   0x08001430   0x0000000a   Code   RO         2047    i.HAL_GPIO_ReadPin  stm32f0xx_hal_gpio.o
    0x0800143a   0x0800143a   0x0000000c   Code   RO         2049    i.HAL_GPIO_WritePin  stm32f0xx_hal_gpio.o
    0x08001446   0x08001446   0x00000002   PAD
    0x08001448   0x08001448   0x0000000c   Code   RO         1893    i.HAL_GetTick       stm32f0xx_hal.o
    0x08001454   0x08001454   0x0000004a   Code   RO         1654    i.HAL_I2CEx_ConfigAnalogFilter  stm32f0xx_hal_i2c_ex.o
    0x0800149e   0x0800149e   0x00000048   Code   RO         1655    i.HAL_I2CEx_ConfigDigitalFilter  stm32f0xx_hal_i2c_ex.o
    0x080014e6   0x080014e6   0x00000002   PAD
    0x080014e8   0x080014e8   0x000000b4   Code   RO         1207    i.HAL_I2C_Init      stm32f0xx_hal_i2c.o
    0x0800159c   0x0800159c   0x00000080   Code   RO          238    i.HAL_I2C_MspInit   i2c.o
    0x0800161c   0x0800161c   0x00000010   Code   RO         1899    i.HAL_IncTick       stm32f0xx_hal.o
    0x0800162c   0x0800162c   0x00000020   Code   RO         1900    i.HAL_Init          stm32f0xx_hal.o
    0x0800164c   0x0800164c   0x00000044   Code   RO         1901    i.HAL_InitTick      stm32f0xx_hal.o
    0x08001690   0x08001690   0x00000028   Code   RO          492    i.HAL_MspInit       stm32f0xx_hal_msp.o
    0x080016b8   0x080016b8   0x00000018   Code   RO         2202    i.HAL_NVIC_EnableIRQ  stm32f0xx_hal_cortex.o
    0x080016d0   0x080016d0   0x00000008   Code   RO         2206    i.HAL_NVIC_SetPriority  stm32f0xx_hal_cortex.o
    0x080016d8   0x080016d8   0x0000010c   Code   RO         1809    i.HAL_RCCEx_PeriphCLKConfig  stm32f0xx_hal_rcc_ex.o
    0x080017e4   0x080017e4   0x00000114   Code   RO         1705    i.HAL_RCC_ClockConfig  stm32f0xx_hal_rcc.o
    0x080018f8   0x080018f8   0x00000020   Code   RO         1712    i.HAL_RCC_GetPCLK1Freq  stm32f0xx_hal_rcc.o
    0x08001918   0x08001918   0x00000094   Code   RO         1713    i.HAL_RCC_GetSysClockFreq  stm32f0xx_hal_rcc.o
    0x080019ac   0x080019ac   0x00000404   Code   RO         1716    i.HAL_RCC_OscConfig  stm32f0xx_hal_rcc.o
    0x08001db0   0x08001db0   0x00000030   Code   RO         2210    i.HAL_SYSTICK_Config  stm32f0xx_hal_cortex.o
    0x08001de0   0x08001de0   0x0000005e   Code   RO         3391    i.HAL_TIMEx_ConfigBreakDeadTime  stm32f0xx_hal_tim_ex.o
    0x08001e3e   0x08001e3e   0x00000002   PAD
    0x08001e40   0x08001e40   0x00000058   Code   RO         3407    i.HAL_TIMEx_MasterConfigSynchronization  stm32f0xx_hal_tim_ex.o
    0x08001e98   0x08001e98   0x00000048   Code   RO         2688    i.HAL_TIM_Base_Init  stm32f0xx_hal_tim.o
    0x08001ee0   0x08001ee0   0x00000050   Code   RO          276    i.HAL_TIM_Base_MspInit  tim.o
    0x08001f30   0x08001f30   0x00000100   Code   RO          277    i.HAL_TIM_MspPostInit  tim.o
    0x08002030   0x08002030   0x000000d0   Code   RO         2760    i.HAL_TIM_PWM_ConfigChannel  stm32f0xx_hal_tim.o
    0x08002100   0x08002100   0x00000048   Code   RO         2763    i.HAL_TIM_PWM_Init  stm32f0xx_hal_tim.o
    0x08002148   0x08002148   0x0000003c   Code   RO          279    i.HAL_TIM_PWM_MspInit  tim.o
    0x08002184   0x08002184   0x000000a0   Code   RO         2768    i.HAL_TIM_PWM_Start  stm32f0xx_hal_tim.o
    0x08002224   0x08002224   0x00000072   Code   RO         4047    i.HAL_UARTEx_ReceiveToIdle_DMA  stm32f0xx_hal_uart_ex.o
    0x08002296   0x08002296   0x00000002   PAD
    0x08002298   0x08002298   0x00000074   Code   RO          355    i.HAL_UARTEx_RxEventCallback  usart.o
    0x0800230c   0x0800230c   0x00000002   Code   RO         4050    i.HAL_UARTEx_WakeupCallback  stm32f0xx_hal_uart_ex.o
    0x0800230e   0x0800230e   0x00000002   Code   RO         3676    i.HAL_UART_ErrorCallback  stm32f0xx_hal_uart.o
    0x08002310   0x08002310   0x000002a4   Code   RO         3679    i.HAL_UART_IRQHandler  stm32f0xx_hal_uart.o
    0x080025b4   0x080025b4   0x0000006a   Code   RO         3680    i.HAL_UART_Init     stm32f0xx_hal_uart.o
    0x0800261e   0x0800261e   0x00000002   PAD
    0x08002620   0x08002620   0x000000a4   Code   RO          357    i.HAL_UART_MspInit  usart.o
    0x080026c4   0x080026c4   0x00000002   Code   RO         3687    i.HAL_UART_RxCpltCallback  stm32f0xx_hal_uart.o
    0x080026c6   0x080026c6   0x00000002   Code   RO         3688    i.HAL_UART_RxHalfCpltCallback  stm32f0xx_hal_uart.o
    0x080026c8   0x080026c8   0x000000d2   Code   RO         3689    i.HAL_UART_Transmit  stm32f0xx_hal_uart.o
    0x0800279a   0x0800279a   0x00000002   Code   RO         3692    i.HAL_UART_TxCpltCallback  stm32f0xx_hal_uart.o
    0x0800279c   0x0800279c   0x00000002   Code   RO          418    i.HardFault_Handler  stm32f0xx_it.o
    0x0800279e   0x0800279e   0x00000002   PAD
    0x080027a0   0x080027a0   0x00000028   Code   RO          217    i.MX_DMA_Init       dma.o
    0x080027c8   0x080027c8   0x000000d8   Code   RO          193    i.MX_GPIO_Init      gpio.o
    0x080028a0   0x080028a0   0x00000058   Code   RO          239    i.MX_I2C1_Init      i2c.o
    0x080028f8   0x080028f8   0x00000070   Code   RO          280    i.MX_TIM14_Init     tim.o
    0x08002968   0x08002968   0x000000a4   Code   RO          281    i.MX_TIM16_Init     tim.o
    0x08002a0c   0x08002a0c   0x000000a4   Code   RO          282    i.MX_TIM17_Init     tim.o
    0x08002ab0   0x08002ab0   0x0000009c   Code   RO          283    i.MX_TIM2_Init      tim.o
    0x08002b4c   0x08002b4c   0x000000b0   Code   RO          284    i.MX_TIM3_Init      tim.o
    0x08002bfc   0x08002bfc   0x00000038   Code   RO          358    i.MX_USART2_UART_Init  usart.o
    0x08002c34   0x08002c34   0x00000002   Code   RO          419    i.NMI_Handler       stm32f0xx_it.o
    0x08002c36   0x08002c36   0x00000002   Code   RO          420    i.PendSV_Handler    stm32f0xx_it.o
    0x08002c38   0x08002c38   0x00000002   Code   RO          421    i.SVC_Handler       stm32f0xx_it.o
    0x08002c3a   0x08002c3a   0x00000008   Code   RO          422    i.SysTick_Handler   stm32f0xx_it.o
    0x08002c42   0x08002c42   0x00000080   Code   RO           13    i.SystemClock_Config  main.o
    0x08002cc2   0x08002cc2   0x00000002   Code   RO         4111    i.SystemInit        system_stm32f0xx.o
    0x08002cc4   0x08002cc4   0x00000084   Code   RO         2781    i.TIM_Base_SetConfig  stm32f0xx_hal_tim.o
    0x08002d48   0x08002d48   0x0000001a   Code   RO         2782    i.TIM_CCxChannelCmd  stm32f0xx_hal_tim.o
    0x08002d62   0x08002d62   0x00000002   PAD
    0x08002d64   0x08002d64   0x00000078   Code   RO         2794    i.TIM_OC1_SetConfig  stm32f0xx_hal_tim.o
    0x08002ddc   0x08002ddc   0x00000074   Code   RO         2795    i.TIM_OC2_SetConfig  stm32f0xx_hal_tim.o
    0x08002e50   0x08002e50   0x00000078   Code   RO         2796    i.TIM_OC3_SetConfig  stm32f0xx_hal_tim.o
    0x08002ec8   0x08002ec8   0x00000060   Code   RO         2797    i.TIM_OC4_SetConfig  stm32f0xx_hal_tim.o
    0x08002f28   0x08002f28   0x000000ca   Code   RO         3694    i.UART_AdvFeatureConfig  stm32f0xx_hal_uart.o
    0x08002ff2   0x08002ff2   0x00000002   PAD
    0x08002ff4   0x08002ff4   0x00000064   Code   RO         3695    i.UART_CheckIdleState  stm32f0xx_hal_uart.o
    0x08003058   0x08003058   0x00000014   Code   RO         3696    i.UART_DMAAbortOnError  stm32f0xx_hal_uart.o
    0x0800306c   0x0800306c   0x0000004c   Code   RO         3697    i.UART_DMAError     stm32f0xx_hal_uart.o
    0x080030b8   0x080030b8   0x00000094   Code   RO         3698    i.UART_DMAReceiveCplt  stm32f0xx_hal_uart.o
    0x0800314c   0x0800314c   0x0000001c   Code   RO         3700    i.UART_DMARxHalfCplt  stm32f0xx_hal_uart.o
    0x08003168   0x08003168   0x0000005e   Code   RO         3706    i.UART_EndRxTransfer  stm32f0xx_hal_uart.o
    0x080031c6   0x080031c6   0x00000020   Code   RO         3707    i.UART_EndTxTransfer  stm32f0xx_hal_uart.o
    0x080031e6   0x080031e6   0x00000002   PAD
    0x080031e8   0x080031e8   0x00000134   Code   RO         3710    i.UART_SetConfig    stm32f0xx_hal_uart.o
    0x0800331c   0x0800331c   0x000000b0   Code   RO         3711    i.UART_Start_Receive_DMA  stm32f0xx_hal_uart.o
    0x080033cc   0x080033cc   0x000000d4   Code   RO         3715    i.UART_WaitOnFlagUntilTimeout  stm32f0xx_hal_uart.o
    0x080034a0   0x080034a0   0x00000010   Code   RO          423    i.USART2_IRQHandler  stm32f0xx_it.o
    0x080034b0   0x080034b0   0x00000020   Code   RO         4406    i.__0printf         mc_p.l(printfa.o)
    0x080034d0   0x080034d0   0x0000002e   Code   RO         4531    i.__ARM_clz         mf_p.l(depilogue.o)
    0x080034fe   0x080034fe   0x00000030   Code   RO         1790    i.__ARM_common_ll_muluu  stm32f0xx_hal_rcc.o
    0x0800352e   0x0800352e   0x0000001a   Code   RO         1159    i.__ARM_common_switch8  cjson.o
    0x08003548   0x08003548   0x00000044   Code   RO         2212    i.__NVIC_SetPriority  stm32f0xx_hal_cortex.o
    0x0800358c   0x0800358c   0x00000008   Code   RO         4511    i.__aeabi_errno_addr  mc_p.l(errno.o)
    0x08003594   0x08003594   0x00000064   Code   RO         4438    i.__free$realloc    mc_p.l(mallocr.o)
    0x080035f8   0x080035f8   0x00000048   Code   RO         4439    i.__malloc$realloc  mc_p.l(mallocr.o)
    0x08003640   0x08003640   0x0000000e   Code   RO         4584    i.__scatterload_copy  mc_p.l(handlers.o)
    0x0800364e   0x0800364e   0x00000002   Code   RO         4585    i.__scatterload_null  mc_p.l(handlers.o)
    0x08003650   0x08003650   0x0000000e   Code   RO         4586    i.__scatterload_zeroinit  mc_p.l(handlers.o)
    0x0800365e   0x0800365e   0x00000002   PAD
    0x08003660   0x08003660   0x00000174   Code   RO         4413    i._fp_digits        mc_p.l(printfa.o)
    0x080037d4   0x080037d4   0x0000000e   Code   RO         4466    i._is_digit         mc_p.l(scanf_fp.o)
    0x080037e2   0x080037e2   0x00000002   PAD
    0x080037e4   0x080037e4   0x000006f0   Code   RO         4414    i._printf_core      mc_p.l(printfa.o)
    0x08003ed4   0x08003ed4   0x00000020   Code   RO         4415    i._printf_post_padding  mc_p.l(printfa.o)
    0x08003ef4   0x08003ef4   0x0000002c   Code   RO         4416    i._printf_pre_padding  mc_p.l(printfa.o)
    0x08003f20   0x08003f20   0x00000036   Code   RO          572    i.buffer_skip_whitespace  cjson.o
    0x08003f56   0x08003f56   0x00000002   PAD
    0x08003f58   0x08003f58   0x0000004c   Code   RO          604    i.cJSON_Delete      cjson.o
    0x08003fa4   0x08003fa4   0x0000000a   Code   RO          617    i.cJSON_GetObjectItem  cjson.o
    0x08003fae   0x08003fae   0x00000012   Code   RO          628    i.cJSON_IsNumber    cjson.o
    0x08003fc0   0x08003fc0   0x00000012   Code   RO          629    i.cJSON_IsObject    cjson.o
    0x08003fd2   0x08003fd2   0x00000012   Code   RO          631    i.cJSON_IsString    cjson.o
    0x08003fe4   0x08003fe4   0x00000016   Code   RO          634    i.cJSON_New_Item    cjson.o
    0x08003ffa   0x08003ffa   0x0000000c   Code   RO          636    i.cJSON_ParseWithLength  cjson.o
    0x08004006   0x08004006   0x00000002   PAD
    0x08004008   0x08004008   0x000000dc   Code   RO          637    i.cJSON_ParseWithLengthOpts  cjson.o
    0x080040e4   0x080040e4   0x0000001c   Code   RO          359    i.fputc             usart.o
    0x08004100   0x08004100   0x00000082   Code   RO          657    i.get_object_item   cjson.o
    0x08004182   0x08004182   0x00000002   PAD
    0x08004184   0x08004184   0x00000050   Code   RO         4440    i.internal_alloc    mc_p.l(mallocr.o)
    0x080041d4   0x080041d4   0x000001ec   Code   RO          513    i.json2servo        servo.o
    0x080043c0   0x080043c0   0x0000018c   Code   RO           14    i.main              main.o
    0x0800454c   0x0800454c   0x000000de   Code   RO          659    i.parse_array       cjson.o
    0x0800462a   0x0800462a   0x00000040   Code   RO          660    i.parse_hex4        cjson.o
    0x0800466a   0x0800466a   0x00000002   PAD
    0x0800466c   0x0800466c   0x000000f0   Code   RO          661    i.parse_number      cjson.o
    0x0800475c   0x0800475c   0x00000118   Code   RO          662    i.parse_object      cjson.o
    0x08004874   0x08004874   0x00000118   Code   RO          663    i.parse_string      cjson.o
    0x0800498c   0x0800498c   0x000000f8   Code   RO          664    i.parse_value       cjson.o
    0x08004a84   0x08004a84   0x00000074   Code   RO         4441    i.realloc           mc_p.l(mallocr.o)
    0x08004af8   0x08004af8   0x00000020   Code   RO          514    i.servo_constructor  servo.o
    0x08004b18   0x08004b18   0x0000000e   Code   RO          515    i.servo_pwm_set     servo.o
    0x08004b26   0x08004b26   0x0000001c   Code   RO         4143    i.strtod            m_ps.l(strtod.o)
    0x08004b42   0x08004b42   0x00000022   Code   RO          516    i.timer_ch2ccr      servo.o
    0x08004b64   0x08004b64   0x000000e0   Code   RO          673    i.utf16_literal_to_utf8  cjson.o
    0x08004c44   0x08004c44   0x000000a8   Data   RO           16    .constdata          main.o
    0x08004cec   0x08004cec   0x00000010   Data   RO         4112    .constdata          system_stm32f0xx.o
    0x08004cfc   0x08004cfc   0x00000008   Data   RO         4113    .constdata          system_stm32f0xx.o
    0x08004d04   0x08004d04   0x00000081   Data   RO         4546    .constdata          mc_p.l(ctype_o.o)
    0x08004d85   0x08004d85   0x00000003   PAD
    0x08004d88   0x08004d88   0x00000004   Data   RO         4547    .constdata          mc_p.l(ctype_o.o)
    0x08004d8c   0x08004d8c   0x00000020   Data   RO         4582    Region$$Table       anon$$obj.o


    Execution Region RW_IRAM1 (Exec base: 0x20000000, Load base: 0x08004dac, Size: 0x00000b68, Max: 0x00001800, ABSOLUTE)

    Exec Addr    Load Addr    Size         Type   Attr      Idx    E Section Name        Object

    0x20000000   0x08004dac   0x00000004   Data   RW           17    .data               main.o
    0x20000004   0x08004db0   0x00000004   Data   RW           18    .data               main.o
    0x20000008   0x08004db4   0x00000001   Data   RW           19    .data               main.o
    0x20000009   0x08004db5   0x00000001   Data   RW           20    .data               main.o
    0x2000000a   0x08004db6   0x00000001   Data   RW           21    .data               main.o
    0x2000000b   0x08004db7   0x00000001   PAD
    0x2000000c   0x08004db8   0x00000014   Data   RW          675    .data               cjson.o
    0x20000020   0x08004dcc   0x0000000c   Data   RW         1907    .data               stm32f0xx_hal.o
    0x2000002c   0x08004dd8   0x00000004   Data   RW         4114    .data               system_stm32f0xx.o
    0x20000030   0x08004ddc   0x00000004   Data   RW         4502    .data               mc_p.l(stdout.o)
    0x20000034   0x08004de0   0x00000004   Data   RW         4509    .data               mc_p.l(mvars.o)
    0x20000038   0x08004de4   0x00000004   Data   RW         4510    .data               mc_p.l(mvars.o)
    0x2000003c   0x08004de8   0x00000004   Data   RW         4514    .data               mc_p.l(errno.o)
    0x20000040        -       0x000000a8   Zero   RW           15    .bss                main.o
    0x200000e8        -       0x0000004c   Zero   RW          240    .bss                i2c.o
    0x20000134        -       0x00000168   Zero   RW          285    .bss                tim.o
    0x2000029c        -       0x000002c8   Zero   RW          361    .bss                usart.o
    0x20000564   0x08004dec   0x00000004   PAD
    0x20000568        -       0x00000200   Zero   RW            2    HEAP                startup_stm32f042x6.o
    0x20000768        -       0x00000400   Zero   RW            1    STACK               startup_stm32f042x6.o


==============================================================================

Image component sizes


      Code (inc. data)   RO Data    RW Data    ZI Data      Debug   Object Name

      2162         74          0         20          0      21439   cjson.o
        40          4          0          0          0        830   dma.o
       216         14          0          0          0       2161   gpio.o
       216         26          0          0         76       1857   i2c.o
       528         42        168         11        168     481222   main.o
       860        222          0          0          0       7533   servo.o
        88         38        192          0       1536        692   startup_stm32f042x6.o
       128         26          0         12          0       8381   stm32f0xx_hal.o
       148         24          0          0          0      10541   stm32f0xx_hal_cortex.o
       558         16          0          0          0       5814   stm32f0xx_hal_dma.o
       454         28          0          0          0       3562   stm32f0xx_hal_gpio.o
       180          4          0          0          0       2927   stm32f0xx_hal_i2c.o
       146          0          0          0          0       2039   stm32f0xx_hal_i2c_ex.o
        40          6          0          0          0        918   stm32f0xx_hal_msp.o
      1532         96          0          0          0       5113   stm32f0xx_hal_rcc.o
       268         14          0          0          0       1580   stm32f0xx_hal_rcc_ex.o
      1122         86          0          0          0       9046   stm32f0xx_hal_tim.o
       182         10          0          0          0       2244   stm32f0xx_hal_tim_ex.o
      2396         58          0          0          0      21839   stm32f0xx_hal_uart.o
       116          0          0          0          0       2255   stm32f0xx_hal_uart_ex.o
       104         12          0          0          0       4916   stm32f0xx_it.o
         2          0         24          4          0       1255   system_stm32f0xx.o
      1168        112          0          0        360       6328   tim.o
       364         66          0          0        712       3200   usart.o

    ----------------------------------------------------------------------
     13046        978        416         48       2856     607692   Object Totals
         0          0         32          0          0          0   (incl. Generated)
        28          0          0          1          4          0   (incl. Padding)

    ----------------------------------------------------------------------

      Code (inc. data)   RO Data    RW Data    ZI Data      Debug   Library Member Name

        28          0          0          0          0         72   strtod.o
        30          0          0          0          0         60   _chval.o
        68          0          0          0          0         76   _sgetc.o
       166          0          0          0          0         84   _strtoul.o
        26          0          0          0          0         72   atoi.o
         8          4        133          0          0         60   ctype_o.o
         0          0          0          0          0          0   entry.o
         0          0          0          0          0          0   entry10a.o
         0          0          0          0          0          0   entry11a.o
         4          0          0          0          0          0   entry12b.o
         8          4          0          0          0          0   entry2.o
         4          0          0          0          0          0   entry5.o
         0          0          0          0          0          0   entry7b.o
         0          0          0          0          0          0   entry8b.o
         8          4          0          0          0          0   entry9a.o
         8          4          0          4          0         60   errno.o
        30          0          0          0          0          0   handlers.o
        36          8          0          0          0         68   init.o
        18          0          0          0          0         68   isspace_o.o
         0          0          0          0          0          0   iusefp.o
       122          0          0          0          0         84   llmul.o
        32          0          0          0          0         68   llshl.o
        38          0          0          0          0         68   llsshr.o
        34          0          0          0          0         68   llushr.o
       368         36          0          0          0        308   mallocr.o
        36          0          0          0          0         60   memcpya.o
        36          0          0          0          0        100   memseta.o
         0          0          0          8          0          0   mvars.o
      2256         98          0          0          0        412   printfa.o
       898         12          0          0          0        184   scanf_fp.o
         0          0          0          4          0          0   stdout.o
        28          0          0          0          0         68   strcmp.o
        14          0          0          0          0         60   strlen.o
        30          0          0          0          0         72   strncmp.o
       164         16          0          0          0        120   strtod.o
       112          4          0          0          0         76   strtol.o
        12          0          0          0          0         60   tolower.o
        44          0          0          0          0         72   uidiv.o
        96          0          0          0          0         84   uldiv.o
        40          2          0          0          0         68   cdcmple.o
        40          2          0          0          0         68   cdrcmple.o
        56          0          0          0          0         68   d2f.o
       360          6          0          0          0        140   dadd.o
       240          6          0          0          0         84   ddiv.o
       236          0          0          0          0        216   depilogue.o
        72         10          0          0          0         72   dfixi.o
        64         10          0          0          0         68   dfixul.o
        28          6          0          0          0         68   dfltul.o
       208          6          0          0          0         88   dmul.o
        40          0          0          0          0         60   f2d.o
       130          0          0          0          0        144   fepilogue.o

    ----------------------------------------------------------------------
      6286        238        136         16          0       3728   Library Totals
        10          0          3          0          0          0   (incl. Padding)

    ----------------------------------------------------------------------

      Code (inc. data)   RO Data    RW Data    ZI Data      Debug   Library Name

        28          0          0          0          0         72   m_ps.l
      4734        190        133         16          0       2512   mc_p.l
      1514         48          0          0          0       1144   mf_p.l

    ----------------------------------------------------------------------
      6286        238        136         16          0       3728   Library Totals

    ----------------------------------------------------------------------

==============================================================================


      Code (inc. data)   RO Data    RW Data    ZI Data      Debug   

     19332       1216        552         64       2856     604736   Grand Totals
     19332       1216        552         64       2856     604736   ELF Image Totals
     19332       1216        552         64          0          0   ROM Totals

==============================================================================

    Total RO  Size (Code + RO Data)                19884 (  19.42kB)
    Total RW  Size (RW Data + ZI Data)              2920 (   2.85kB)
    Total ROM Size (Code + RO Data + RW Data)      19948 (  19.48kB)

==============================================================================

