<html>
<body>
<pre>
<h1>µVision Build Log</h1>
<h2>Tool Versions:</h2>
IDE-Version: uVision V5.36.0.0
Copyright (C) 2021 ARM Ltd and ARM Germany GmbH. All rights reserved.
License Information: Yan Long Huang, National Ilan Universsity, LIC=6XJT4-FC6BX-JPNZQ-NLHS7-ZUPXT-MK439
 
Tool Versions:
Toolchain:       MDK-ARM Professional  Version: 5.36.0.0
Toolchain Path:  D:\Keil_v5\ARM\ARMCC\Bin
C Compiler:      Armcc.exe V5.06 update 7 (build 960)
Assembler:       Armasm.exe V5.06 update 7 (build 960)
Linker/Locator:  ArmLink.exe V5.06 update 7 (build 960)
Library Manager: ArmAr.exe V5.06 update 7 (build 960)
Hex Converter:   FromElf.exe V5.06 update 7 (build 960)
CPU DLL:         SARMCM3.DLL V5.36.0.0
Dialog DLL:      DARMCM1.DLL V1.19.4.0
Target DLL:      STLink\ST-LINKIII-KEIL_SWO.dll V3.0.9.0
Dialog DLL:      TARMCM1.DLL V1.14.4.0
 
<h2>Project:</h2>
D:\Code\ARM-Microcontroller\STM32\STM32F042K6T6\NUCLEO-F042K6_Projects\PWM\servo_pure_pwm\MDK-ARM\servo_pure_pwm.uvprojx
Project File Date:  03/05/2022

<h2>Output:</h2>
*** Using Compiler 'V5.06 update 7 (build 960)', folder: 'D:\Keil_v5\ARM\ARMCC\Bin'
Build target 'servo_pure_pwm'
assembling startup_stm32f042x6.s...
compiling main.c...
compiling gpio.c...
compiling tim.c...
compiling stm32f0xx_hal_msp.c...
compiling stm32f0xx_it.c...
compiling usart.c...
compiling stm32f0xx_hal_tim_ex.c...
compiling stm32f0xx_hal_rcc.c...
compiling stm32f0xx_hal_tim.c...
compiling stm32f0xx_hal.c...
compiling stm32f0xx_hal_rcc_ex.c...
compiling stm32f0xx_hal_i2c.c...
compiling stm32f0xx_hal_i2c_ex.c...
compiling stm32f0xx_hal_gpio.c...
compiling stm32f0xx_hal_dma.c...
compiling stm32f0xx_hal_cortex.c...
compiling stm32f0xx_hal_pwr.c...
compiling stm32f0xx_hal_pwr_ex.c...
compiling stm32f0xx_hal_flash_ex.c...
compiling stm32f0xx_hal_flash.c...
compiling stm32f0xx_hal_exti.c...
compiling stm32f0xx_hal_uart_ex.c...
compiling system_stm32f0xx.c...
compiling stm32f0xx_hal_uart.c...
linking...
Program Size: Code=6012 RO-data=248 RW-data=16 ZI-data=1840  
FromELF: creating hex file...
"servo_pure_pwm\servo_pure_pwm.axf" - 0 Error(s), 0 Warning(s).

<h2>Software Packages used:</h2>

Package Vendor: ARM
                http://www.keil.com/pack/ARM.CMSIS.5.8.0.pack
                ARM.CMSIS.5.8.0
                CMSIS (Common Microcontroller Software Interface Standard)
   * Component: CORE Version: 5.5.0

Package Vendor: Keil
                http://www.keil.com/pack/Keil.STM32F0xx_DFP.2.1.1.pack
                Keil.STM32F0xx_DFP.2.1.1
                STMicroelectronics STM32F0 Series Device Support, Drivers and Examples

<h2>Collection of Component include folders:</h2>
  .\RTE\_servo_pure_pwm
  D:\Keil_v5\Packs\ARM\CMSIS\5.8.0\CMSIS\Core\Include
  D:\Keil_v5\Packs\Keil\STM32F0xx_DFP\2.1.1\Drivers\CMSIS\Device\ST\STM32F0xx\Include

<h2>Collection of Component Files used:</h2>

   * Component: ARM::CMSIS:CORE:5.5.0
      Include file:  CMSIS\Core\Include\tz_context.h
Build Time Elapsed:  00:00:29
</pre>
</body>
</html>
