../Core/Src/tim.c:297:6:HAL_TIM_PWM_MspInit	8	static
../Core/Src/tim.c:324:6:HAL_TIM_Base_MspInit	16	static
../Core/Src/tim.c:361:6:HAL_TIM_MspPostInit	64	static
../Core/Src/tim.c:34:6:MX_TIM2_Init	56	static
../Core/Src/tim.c:86:6:MX_TIM3_Init	56	static
../Core/Src/tim.c:142:6:MX_TIM14_Init	40	static
../Core/Src/tim.c:183:6:MX_TIM16_Init	80	static
../Core/Src/tim.c:240:6:MX_TIM17_Init	80	static
../Core/Src/tim.c:485:6:HAL_TIM_PWM_MspDeInit	0	static
../Core/Src/tim.c:512:6:HAL_TIM_Base_MspDeInit	0	static
