<html>
<body>
<pre>
<h1>µVision Build Log</h1>
<h2>Tool Versions:</h2>
IDE-Version: ÂµVision V5.39.0.0
Copyright (C) 2023 ARM Ltd and ARM Germany GmbH. All rights reserved.
License Information: M11102126 M11102126, NTUST, LIC=D0D7S-L4YIX-01PP1-CGSX4-HYESN-NXVAH
 
Tool Versions:
Toolchain:       MDK-ARM Plus  Version: 5.39.0.0
Toolchain Path:  C:\Keil_v5\ARM\ARMCLANG\Bin
C Compiler:      ArmClang.exe V6.21
Assembler:       Armasm.exe V6.21
Linker/Locator:  ArmLink.exe V6.21
Library Manager: ArmAr.exe V6.21
Hex Converter:   FromElf.exe V6.21
CPU DLL:         SARMCM3.DLL V5.39.0.0
Dialog DLL:      DARMCM1.DLL V1.19.6.0
Target DLL:      STLink\ST-LINKIII-KEIL_SWO.dll V3.2.0.0
Dialog DLL:      TARMCM1.DLL V1.14.6.0
 
<h2>Project:</h2>
d:\Code\ARM-Microcontroller\STM32\STM32L053\NUCLEO-L053R8_Projects\Actuators_Sensors\01_Actuators_Sensors\MDK-ARM\actuators_sensors.uvprojx
Project File Date:  07/02/2024

<h2>Output:</h2>
*** Using Compiler 'V6.21', folder: 'C:\Keil_v5\ARM\ARMCLANG\Bin'
Build target 'actuators_sensors'
compiling dma.c...
compiling stm32l0xx_it.c...
compiling tim.c...
compiling stm32l0xx_hal_msp.c...
compiling main.c...
compiling gpio.c...
compiling usart.c...
compiling stm32l0xx_hal_tim_ex.c...
compiling stm32l0xx_hal.c...
compiling stm32l0xx_hal_i2c_ex.c...
compiling stm32l0xx_hal_flash_ramfunc.c...
compiling stm32l0xx_hal_rcc_ex.c...
compiling stm32l0xx_hal_rcc.c...
compiling stm32l0xx_hal_flash.c...
compiling stm32l0xx_hal_tim.c...
compiling stm32l0xx_hal_gpio.c...
compiling stm32l0xx_hal_flash_ex.c...
compiling stm32l0xx_hal_dma.c...
compiling stm32l0xx_hal_pwr.c...
compiling stm32l0xx_hal_pwr_ex.c...
compiling stm32l0xx_hal_exti.c...
compiling stm32l0xx_hal_cortex.c...
compiling system_stm32l0xx.c...
compiling stm32l0xx_hal_uart_ex.c...
compiling stm32l0xx_hal_i2c.c...
compiling 74HC595.c...
compiling servo.c...
compiling core.c...
compiling motor_shield_v1.c...
compiling sensor.c...
compiling stm32l0xx_hal_uart.c...
compiling HC-SR04.c...
compiling timing_delays.c...
compiling robotic_arm.c...
compiling cJSON.c...
linking...
Program Size: Code=27150 RO-data=534 RW-data=284 ZI-data=6748  
FromELF: creating hex file...
"usart_dma_printf\actuators_sensors.axf" - 0 Error(s), 0 Warning(s).

<h2>Software Packages used:</h2>

Package Vendor: ARM
                https://www.keil.com/pack/ARM.CMSIS.6.0.0.pack
                ARM::CMSIS@6.0.0
                CMSIS (Common Microcontroller Software Interface Standard)
   * Component: CORE Version: 6.0.0

Package Vendor: Keil
                https://www.keil.com/pack/Keil.STM32L0xx_DFP.2.3.0.pack
                Keil::STM32L0xx_DFP@2.3.0
                STMicroelectronics STM32L0 Series Device Support, Drivers and Examples

<h2>Collection of Component include folders:</h2>
  ./RTE/_actuators_sensors
  C:/Users/user/AppData/Local/Arm/Packs/ARM/CMSIS/6.0.0/CMSIS/Core/Include
  C:/Users/user/AppData/Local/Arm/Packs/Keil/STM32L0xx_DFP/2.3.0/Drivers/CMSIS/Device/ST/STM32L0xx/Include

<h2>Collection of Component Files used:</h2>

   * Component: ARM::CMSIS:CORE@6.0.0
      Include file:  CMSIS/Core/Include/tz_context.h
Build Time Elapsed:  00:00:04
</pre>
</body>
</html>
