<html>
<body>
<pre>
<h1>µVision Build Log</h1>
<h2>Tool Versions:</h2>
IDE-Version: uVision V5.35.0.0
Copyright (C) 2021 ARM Ltd and ARM Germany GmbH. All rights reserved.
License Information: Yan Long Huang, National Ilan Universsity, LIC=6XJT4-FC6BX-JPNZQ-NLHS7-ZUPXT-MK439
 
Tool Versions:
Toolchain:       MDK-ARM Professional  Version: 5.35.0.2
Toolchain Path:  D:\Keil_v5\ARM\ARMCLANG\Bin
C Compiler:      ArmClang.exe V6.16
Assembler:       Armasm.exe V6.16
Linker/Locator:  ArmLink.exe V6.16
Library Manager: ArmAr.exe V6.16
Hex Converter:   FromElf.exe V6.16
CPU DLL:         SARMCM3.DLL V5.35.0.2
Dialog DLL:      DCM.DLL V1.17.3.0
Target DLL:      CMSIS_AGDI.dll V1.33.0.0
Dialog DLL:      TCM.DLL V1.53.0.0
 
<h2>Project:</h2>
D:\Code\ARM Microcontroller\GD32F105\USART\TEMP\UART_TEST\UART_TEST.uvprojx
Project File Date:  10/22/2021

<h2>Output:</h2>
*** Using Compiler 'V6.16', folder: 'D:\Keil_v5\ARM\ARMCLANG\Bin'
Build target 'Target 1'
compiling main.c...
usart_config.c(1): warning: In file included from...
./usart_config.h(9): warning: In file included from...
D:/Keil_v5/Packs/GigaDevice/GD32F10x_DFP/2.0.2/Device/Include\gd32f10x.h(375): warning: In file included from...
D:/Keil_v5/Packs/GigaDevice/GD32F10x_DFP/2.0.2/Device/Include/gd32f10x_libopt.h(32): warning: In file included from...
D:/Keil_v5/Packs/GigaDevice/GD32F10x_DFP/2.0.2/Device/Firmware/Peripherals/inc\gd32f10x_dma.h(137): warning: padding size of 'dma_parameter_struct' with 1 byte to alignment boundary [-Wpadded]
typedef struct
        ^
1 warning generated.
compiling usart_config.c...
RTE/Device/GD32F105VC/gd32f10x_dma.c(39): warning: In file included from...
D:/Keil_v5/Packs/GigaDevice/GD32F10x_DFP/2.0.2/Device/Firmware/Peripherals/inc\gd32f10x_dma.h(137): warning: padding size of 'dma_parameter_struct' with 1 byte to alignment boundary [-Wpadded]
typedef struct
        ^
1 warning generated.
compiling gd32f10x_dma.c...
compiling gd32f10x_misc.c...
compiling gd32f10x_gpio.c...
compiling gd32f10x_pmu.c...
compiling gd32f10x_usart.c...
compiling system_gd32f10x.c...
RTE/Device/GD32F105VC/gd32f10x_rcu.c(884): warning: default label in switch which covers all enumeration values [-Wcovered-switch-default]
    default:
    ^
RTE/Device/GD32F105VC/gd32f10x_rcu.c(964): warning: default label in switch which covers all enumeration values [-Wcovered-switch-default]
    default:
    ^
RTE/Device/GD32F105VC/gd32f10x_rcu.c(1003): warning: default label in switch which covers all enumeration values [-Wcovered-switch-default]
    default:
    ^
RTE/Device/GD32F105VC/gd32f10x_rcu.c(1189): warning: default label in switch which covers all enumeration values [-Wcovered-switch-default]
    default:
    ^
4 warnings generated.
compiling gd32f10x_rcu.c...
linking...
Program Size: Code=3860 RO-data=352 RW-data=0 ZI-data=16560  
".\Objects\UART_TEST.axf" - 0 Error(s), 6 Warning(s).

<h2>Software Packages used:</h2>

Package Vendor: ARM
                http://www.keil.com/pack/ARM.CMSIS.5.8.0.pack
                ARM.CMSIS.5.8.0
                CMSIS (Common Microcontroller Software Interface Standard)
   * Component: CORE Version: 5.5.0

Package Vendor: GigaDevice
                http://gd32mcu.com/data/documents/pack/GigaDevice.GD32F10x_DFP.2.0.2.pack
                GigaDevice.GD32F10x_DFP.2.0.2
                GigaDevice GD32F10x Series Device Support and Examples
   * Component: DMA Version: 2.0.1
   * Component: GPIO Version: 2.0.1
   * Component: MISC Version: 2.0.1
   * Component: PMU Version: 2.0.1
   * Component: RCU Version: 2.0.1
   * Component: USART Version: 2.0.1
   * Component: GD32F10x_libopt Version: 2.0.1
   * Component: Startup Version: 2.0.1

<h2>Collection of Component include folders:</h2>
  .\RTE\_Target_1
  D:\Keil_v5\Packs\ARM\CMSIS\5.8.0\CMSIS\Core\Include
  D:\Keil_v5\Packs\GigaDevice\GD32F10x_DFP\2.0.2\Device\Firmware\Peripherals\inc
  D:\Keil_v5\Packs\GigaDevice\GD32F10x_DFP\2.0.2\Device\Include

<h2>Collection of Component Files used:</h2>

   * Component: ARM::CMSIS:CORE:5.5.0

   * Component: GigaDevice::Device:GD32F10x_StdPeripherals:DMA:2.0.1
      Include file:  Device\Firmware\Peripherals\inc\gd32f10x_dma.h
      Source file:   Device\Firmware\Peripherals\src\gd32f10x_dma.c

   * Component: GigaDevice::Device:GD32F10x_StdPeripherals:GPIO:2.0.1
      Include file:  Device\Firmware\Peripherals\inc\gd32f10x_gpio.h
      Source file:   Device\Firmware\Peripherals\src\gd32f10x_gpio.c

   * Component: GigaDevice::Device:GD32F10x_StdPeripherals:MISC:2.0.1
      Source file:   Device\Firmware\Peripherals\src\gd32f10x_misc.c
      Include file:  Device\Firmware\Peripherals\inc\gd32f10x_misc.h

   * Component: GigaDevice::Device:GD32F10x_StdPeripherals:PMU:2.0.1
      Source file:   Device\Firmware\Peripherals\src\gd32f10x_pmu.c
      Include file:  Device\Firmware\Peripherals\inc\gd32f10x_pmu.h

   * Component: GigaDevice::Device:GD32F10x_StdPeripherals:RCU:2.0.1
      Include file:  Device\Firmware\Peripherals\inc\gd32f10x_rcu.h
      Source file:   Device\Firmware\Peripherals\src\gd32f10x_rcu.c

   * Component: GigaDevice::Device:GD32F10x_StdPeripherals:USART:2.0.1
      Include file:  Device\Firmware\Peripherals\inc\gd32f10x_usart.h
      Source file:   Device\Firmware\Peripherals\src\gd32f10x_usart.c

   * Component: GigaDevice::Device:GD32F10x_libopt:2.0.1
      Include file:  Device\Include\gd32f10x_libopt.h

   * Component: GigaDevice::Device:Startup:2.0.1
      Source file:   Device\Source\ARM\startup_gd32f10x_cl.s
      Source file:   Device\Source\system_gd32f10x.c
      Include file:  Device\Include\gd32f10x.h
Build Time Elapsed:  00:00:02
</pre>
</body>
</html>
