Component: ARM Compiler 6.16 Tool: armlink [5dfeaa00]

==============================================================================

Section Cross References

    main.o(.ARM.exidx.text.main) refers to main.o(.text.main) for [Anonymous Symbol]
    diskio.o(.text.disk_status) refers to ff_gen_drv.o(.bss.disk) for disk
    diskio.o(.ARM.exidx.text.disk_status) refers to diskio.o(.text.disk_status) for [Anonymous Symbol]
    diskio.o(.text.disk_initialize) refers to ff_gen_drv.o(.bss.disk) for disk
    diskio.o(.ARM.exidx.text.disk_initialize) refers to diskio.o(.text.disk_initialize) for [Anonymous Symbol]
    diskio.o(.text.disk_read) refers to ff_gen_drv.o(.bss.disk) for disk
    diskio.o(.ARM.exidx.text.disk_read) refers to diskio.o(.text.disk_read) for [Anonymous Symbol]
    diskio.o(.text.disk_write) refers to ff_gen_drv.o(.bss.disk) for disk
    diskio.o(.ARM.exidx.text.disk_write) refers to diskio.o(.text.disk_write) for [Anonymous Symbol]
    diskio.o(.text.disk_ioctl) refers to ff_gen_drv.o(.bss.disk) for disk
    diskio.o(.ARM.exidx.text.disk_ioctl) refers to diskio.o(.text.disk_ioctl) for [Anonymous Symbol]
    diskio.o(.ARM.exidx.text.get_fattime) refers to diskio.o(.text.get_fattime) for [Anonymous Symbol]
    fattime.o(.ARM.exidx.text.get_fattime) refers to fattime.o(.text.get_fattime) for [Anonymous Symbol]
    ff.o(.text.f_mount) refers to ff.o(.text.get_ldnumber) for get_ldnumber
    ff.o(.text.f_mount) refers to ff.o(.bss.FatFs) for FatFs
    ff.o(.text.f_mount) refers to ff.o(.text.find_volume) for find_volume
    ff.o(.ARM.exidx.text.f_mount) refers to ff.o(.text.f_mount) for [Anonymous Symbol]
    ff.o(.ARM.exidx.text.get_ldnumber) refers to ff.o(.text.get_ldnumber) for [Anonymous Symbol]
    ff.o(.text.find_volume) refers to ff.o(.text.get_ldnumber) for get_ldnumber
    ff.o(.text.find_volume) refers to ff.o(.bss.FatFs) for FatFs
    ff.o(.text.find_volume) refers to diskio.o(.text.disk_status) for disk_status
    ff.o(.text.find_volume) refers to diskio.o(.text.disk_initialize) for disk_initialize
    ff.o(.text.find_volume) refers to ff.o(.text.check_fs) for check_fs
    ff.o(.text.find_volume) refers to ff.o(.text.ld_dword) for ld_dword
    ff.o(.text.find_volume) refers to ff.o(.text.ld_word) for ld_word
    ff.o(.text.find_volume) refers to ff.o(.text.ld_qword) for ld_qword
    ff.o(.text.find_volume) refers to ff.o(.bss.Fsid) for Fsid
    ff.o(.text.find_volume) refers to ff.o(.bss.LfnBuf) for LfnBuf
    ff.o(.text.find_volume) refers to ff.o(.bss.DirBuf) for DirBuf
    ff.o(.text.find_volume) refers to ff.o(.text.clst2sect) for clst2sect
    ff.o(.text.find_volume) refers to ff.o(.text.move_window) for move_window
    ff.o(.ARM.exidx.text.find_volume) refers to ff.o(.text.find_volume) for [Anonymous Symbol]
    ff.o(.text.f_open) refers to ff.o(.text.find_volume) for find_volume
    ff.o(.text.f_open) refers to ff.o(.text.follow_path) for follow_path
    ff.o(.text.f_open) refers to ff.o(.text.dir_register) for dir_register
    ff.o(.text.f_open) refers to ff.o(.text.init_alloc_info) for init_alloc_info
    ff.o(.text.f_open) refers to ff.o(.text.mem_set) for mem_set
    ff.o(.text.f_open) refers to fattime.o(.text.get_fattime) for get_fattime
    ff.o(.text.f_open) refers to ff.o(.text.st_dword) for st_dword
    ff.o(.text.f_open) refers to ff.o(.text.store_xdir) for store_xdir
    ff.o(.text.f_open) refers to ff.o(.text.remove_chain) for remove_chain
    ff.o(.text.f_open) refers to ff.o(.text.ld_clust) for ld_clust
    ff.o(.text.f_open) refers to ff.o(.text.st_clust) for st_clust
    ff.o(.text.f_open) refers to ff.o(.text.move_window) for move_window
    ff.o(.text.f_open) refers to ff.o(.text.ld_dword) for ld_dword
    ff.o(.text.f_open) refers to ff.o(.text.get_fat) for get_fat
    ff.o(.text.f_open) refers to ff.o(.text.clst2sect) for clst2sect
    ff.o(.text.f_open) refers to diskio.o(.text.disk_read) for disk_read
    ff.o(.ARM.exidx.text.f_open) refers to ff.o(.text.f_open) for [Anonymous Symbol]
    ff.o(.text.follow_path) refers to ff.o(.text.dir_sdi) for dir_sdi
    ff.o(.text.follow_path) refers to ff.o(.text.create_name) for create_name
    ff.o(.text.follow_path) refers to ff.o(.text.ld_clust) for ld_clust
    ff.o(.text.follow_path) refers to ff.o(.text.dir_find) for dir_find
    ff.o(.text.follow_path) refers to ff.o(.text.init_alloc_info) for init_alloc_info
    ff.o(.ARM.exidx.text.follow_path) refers to ff.o(.text.follow_path) for [Anonymous Symbol]
    ff.o(.text.dir_register) refers to ff.o(.text.dir_alloc) for dir_alloc
    ff.o(.text.dir_register) refers to ff.o(.text.create_xdir) for create_xdir
    ff.o(.text.dir_register) refers to ff.o(.text.mem_cpy) for mem_cpy
    ff.o(.text.dir_register) refers to ff.o(.text.dir_sdi) for dir_sdi
    ff.o(.text.dir_register) refers to ff.o(.text.sum_sfn) for sum_sfn
    ff.o(.text.dir_register) refers to ff.o(.text.move_window) for move_window
    ff.o(.text.dir_register) refers to ff.o(.text.put_lfn) for put_lfn
[...]
    libinit.o(.ARM.Collect$$libinit$$00000000) refers (Special) to libinit2.o(.ARM.Collect$$libinit$$0000001F) for __rt_lib_init_fp_trap_1
    libinit.o(.ARM.Collect$$libinit$$00000000) refers (Special) to libinit2.o(.ARM.Collect$$libinit$$00000023) for __rt_lib_init_getenv_1
    libinit.o(.ARM.Collect$$libinit$$00000000) refers (Special) to libinit2.o(.ARM.Collect$$libinit$$0000000A) for __rt_lib_init_heap_1
    libinit.o(.ARM.Collect$$libinit$$00000000) refers (Special) to libinit2.o(.ARM.Collect$$libinit$$00000011) for __rt_lib_init_lc_collate_1
    libinit.o(.ARM.Collect$$libinit$$00000000) refers (Special) to libinit2.o(.ARM.Collect$$libinit$$00000013) for __rt_lib_init_lc_ctype_1
    libinit.o(.ARM.Collect$$libinit$$00000000) refers (Special) to libinit2.o(.ARM.Collect$$libinit$$00000015) for __rt_lib_init_lc_monetary_1
    libinit.o(.ARM.Collect$$libinit$$00000000) refers (Special) to libinit2.o(.ARM.Collect$$libinit$$00000017) for __rt_lib_init_lc_numeric_1
    libinit.o(.ARM.Collect$$libinit$$00000000) refers (Special) to libinit2.o(.ARM.Collect$$libinit$$00000019) for __rt_lib_init_lc_time_1
    libinit.o(.ARM.Collect$$libinit$$00000000) refers (Special) to libinit2.o(.ARM.Collect$$libinit$$00000004) for __rt_lib_init_preinit_1
    libinit.o(.ARM.Collect$$libinit$$00000000) refers (Special) to libinit2.o(.ARM.Collect$$libinit$$0000000E) for __rt_lib_init_rand_1
    libinit.o(.ARM.Collect$$libinit$$00000000) refers (Special) to libinit2.o(.ARM.Collect$$libinit$$00000033) for __rt_lib_init_return
    libinit.o(.ARM.Collect$$libinit$$00000000) refers (Special) to libinit2.o(.ARM.Collect$$libinit$$0000001D) for __rt_lib_init_signal_1
    libinit.o(.ARM.Collect$$libinit$$00000000) refers (Special) to libinit2.o(.ARM.Collect$$libinit$$00000025) for __rt_lib_init_stdio_1
    libinit.o(.ARM.Collect$$libinit$$00000000) refers (Special) to libinit2.o(.ARM.Collect$$libinit$$0000000C) for __rt_lib_init_user_alloc_1
    libspace.o(.text) refers to libspace.o(.bss) for __libspace_start
    rtexit.o(.ARM.Collect$$rtexit$$00000000) refers (Special) to rtexit2.o(.ARM.Collect$$rtexit$$00000004) for __rt_exit_exit
    rtexit.o(.ARM.Collect$$rtexit$$00000000) refers (Special) to rtexit2.o(.ARM.Collect$$rtexit$$00000003) for __rt_exit_ls
    rtexit.o(.ARM.Collect$$rtexit$$00000000) refers (Special) to rtexit2.o(.ARM.Collect$$rtexit$$00000002) for __rt_exit_prels_1
    rtexit.o(.ARM.exidx) refers (Special) to rtexit2.o(.ARM.Collect$$rtexit$$00000004) for __rt_exit_exit
    rtexit.o(.ARM.exidx) refers (Special) to rtexit2.o(.ARM.Collect$$rtexit$$00000003) for __rt_exit_ls
    rtexit.o(.ARM.exidx) refers (Special) to rtexit2.o(.ARM.Collect$$rtexit$$00000002) for __rt_exit_prels_1
    rtexit.o(.ARM.exidx) refers to rtexit.o(.ARM.Collect$$rtexit$$00000000) for .ARM.Collect$$rtexit$$00000000
    rt_raise.o(.text) refers to __raise.o(.text) for __raise
    rt_raise.o(.text) refers to sys_exit.o(.text) for _sys_exit
    defsig_exit.o(.text) refers to sys_exit.o(.text) for _sys_exit
    defsig_fpe_inner.o(.text) refers to defsig_general.o(.text) for __default_signal_display
    libinit2.o(.ARM.Collect$$libinit$$00000010) refers to libinit2.o(.ARM.Collect$$libinit$$0000000F) for .ARM.Collect$$libinit$$0000000F
    libinit2.o(.ARM.Collect$$libinit$$00000012) refers to libinit2.o(.ARM.Collect$$libinit$$0000000F) for .ARM.Collect$$libinit$$0000000F
    libinit2.o(.ARM.Collect$$libinit$$00000014) refers to libinit2.o(.ARM.Collect$$libinit$$0000000F) for .ARM.Collect$$libinit$$0000000F
    libinit2.o(.ARM.Collect$$libinit$$00000016) refers to libinit2.o(.ARM.Collect$$libinit$$0000000F) for .ARM.Collect$$libinit$$0000000F
    libinit2.o(.ARM.Collect$$libinit$$00000018) refers to libinit2.o(.ARM.Collect$$libinit$$0000000F) for .ARM.Collect$$libinit$$0000000F
    libinit2.o(.ARM.Collect$$libinit$$00000026) refers to argv_veneer.o(.emb_text) for __ARM_argv_veneer
    libinit2.o(.ARM.Collect$$libinit$$00000027) refers to argv_veneer.o(.emb_text) for __ARM_argv_veneer
    sys_exit.o(.text) refers (Special) to use_no_semi.o(.text) for __I$use$semihosting
    sys_exit.o(.text) refers (Special) to indicate_semi.o(.text) for __semihosting_library_function
    sys_exit_hlt.o(.text) refers (Special) to use_no_semi.o(.text) for __I$use$semihosting
    sys_exit_hlt.o(.text) refers (Special) to indicate_semi.o(.text) for __semihosting_library_function
    rtexit2.o(.ARM.Collect$$rtexit$$00000003) refers to libshutdown.o(.ARM.Collect$$libshutdown$$00000000) for __rt_lib_shutdown
    rtexit2.o(.ARM.Collect$$rtexit$$00000004) refers to sys_exit.o(.text) for _sys_exit
    rtexit2.o(.ARM.exidx) refers to rtexit2.o(.ARM.Collect$$rtexit$$00000001) for .ARM.Collect$$rtexit$$00000001
    rtexit2.o(.ARM.exidx) refers to rtexit2.o(.ARM.Collect$$rtexit$$00000003) for .ARM.Collect$$rtexit$$00000003
    rtexit2.o(.ARM.exidx) refers to rtexit2.o(.ARM.Collect$$rtexit$$00000004) for .ARM.Collect$$rtexit$$00000004
    __raise.o(.text) refers to defsig.o(CL$$defsig) for __default_signal_handler
    defsig_general.o(.text) refers to sys_wrch.o(.text) for _ttywrch
    argv_veneer.o(.emb_text) refers to no_argv.o(.text) for __ARM_get_argv
    sys_wrch.o(.text) refers (Special) to use_no_semi.o(.text) for __I$use$semihosting
    sys_wrch.o(.text) refers (Special) to indicate_semi.o(.text) for __semihosting_library_function
    sys_wrch_hlt.o(.text) refers (Special) to use_no_semi.o(.text) for __I$use$semihosting
    sys_wrch_hlt.o(.text) refers (Special) to indicate_semi.o(.text) for __semihosting_library_function
    defsig.o(CL$$defsig) refers to defsig_fpe_inner.o(.text) for __rt_SIGFPE_inner
    defsig.o(CL$$defsig) refers to defsig_rtmem_inner.o(.text) for __rt_SIGRTMEM_inner
    _get_argv_nomalloc.o(.text) refers (Special) to hrguard.o(.text) for __heap_region$guard
    _get_argv_nomalloc.o(.text) refers to defsig_rtmem_outer.o(.text) for __rt_SIGRTMEM
    _get_argv_nomalloc.o(.text) refers to sys_command.o(.text) for _sys_command_string
    libshutdown.o(.ARM.Collect$$libshutdown$$00000000) refers (Special) to libshutdown2.o(.ARM.Collect$$libshutdown$$00000002) for __rt_lib_shutdown_cpp_1
    libshutdown.o(.ARM.Collect$$libshutdown$$00000000) refers (Special) to libshutdown2.o(.ARM.Collect$$libshutdown$$00000007) for __rt_lib_shutdown_fp_trap_1
    libshutdown.o(.ARM.Collect$$libshutdown$$00000000) refers (Special) to libshutdown2.o(.ARM.Collect$$libshutdown$$0000000F) for __rt_lib_shutdown_heap_1
    libshutdown.o(.ARM.Collect$$libshutdown$$00000000) refers (Special) to libshutdown2.o(.ARM.Collect$$libshutdown$$00000010) for __rt_lib_shutdown_return
    libshutdown.o(.ARM.Collect$$libshutdown$$00000000) refers (Special) to libshutdown2.o(.ARM.Collect$$libshutdown$$0000000A) for __rt_lib_shutdown_signal_1
    libshutdown.o(.ARM.Collect$$libshutdown$$00000000) refers (Special) to libshutdown2.o(.ARM.Collect$$libshutdown$$00000004) for __rt_lib_shutdown_stdio_1
    libshutdown.o(.ARM.Collect$$libshutdown$$00000000) refers (Special) to libshutdown2.o(.ARM.Collect$$libshutdown$$0000000C) for __rt_lib_shutdown_user_alloc_1
    sys_command.o(.text) refers (Special) to use_no_semi.o(.text) for __I$use$semihosting
    sys_command.o(.text) refers (Special) to indicate_semi.o(.text) for __semihosting_library_function
    sys_command_hlt.o(.text) refers (Special) to use_no_semi.o(.text) for __I$use$semihosting
    sys_command_hlt.o(.text) refers (Special) to indicate_semi.o(.text) for __semihosting_library_function
    defsig_abrt_inner.o(.text) refers to defsig_general.o(.text) for __default_signal_display
    defsig_rtred_inner.o(.text) refers to defsig_general.o(.text) for __default_signal_display
    defsig_rtmem_inner.o(.text) refers to defsig_general.o(.text) for __default_signal_display
    defsig_rtmem_outer.o(.text) refers to defsig_rtmem_inner.o(.text) for __rt_SIGRTMEM_inner
    defsig_rtmem_outer.o(.text) refers to defsig_exit.o(.text) for __sig_exit
    defsig_rtmem_formal.o(.text) refers to rt_raise.o(.text) for __rt_raise
    defsig_stak_inner.o(.text) refers to defsig_general.o(.text) for __default_signal_display
    defsig_pvfn_inner.o(.text) refers to defsig_general.o(.text) for __default_signal_display
    defsig_cppl_inner.o(.text) refers to defsig_general.o(.text) for __default_signal_display
    defsig_segv_inner.o(.text) refers to defsig_general.o(.text) for __default_signal_display
    defsig_other.o(.text) refers to defsig_general.o(.text) for __default_signal_display


==============================================================================

Removing Unused input sections from the image.

    Removing main.o(.text), (0 bytes).
    Removing main.o(.ARM.exidx.text.main), (8 bytes).
    Removing main.o(.ARM.use_no_argv), (4 bytes).
    Removing diskio.o(.text), (0 bytes).
    Removing diskio.o(.text.disk_status), (26 bytes).
    Removing diskio.o(.ARM.exidx.text.disk_status), (8 bytes).
    Removing diskio.o(.text.disk_initialize), (44 bytes).
    Removing diskio.o(.ARM.exidx.text.disk_initialize), (8 bytes).
    Removing diskio.o(.text.disk_read), (30 bytes).
    Removing diskio.o(.ARM.exidx.text.disk_read), (8 bytes).
    Removing diskio.o(.text.disk_write), (30 bytes).
    Removing diskio.o(.ARM.exidx.text.disk_write), (8 bytes).
    Removing diskio.o(.text.disk_ioctl), (26 bytes).
    Removing diskio.o(.ARM.exidx.text.disk_ioctl), (8 bytes).
    Removing diskio.o(.text.get_fattime), (4 bytes).
    Removing diskio.o(.ARM.exidx.text.get_fattime), (8 bytes).
    Removing fattime.o(.text), (0 bytes).
    Removing fattime.o(.text.get_fattime), (4 bytes).
    Removing fattime.o(.ARM.exidx.text.get_fattime), (8 bytes).
    Removing ff.o(.text), (0 bytes).
    Removing ff.o(.text.f_mount), (84 bytes).
    Removing ff.o(.ARM.exidx.text.f_mount), (8 bytes).
    Removing ff.o(.text.get_ldnumber), (80 bytes).
    Removing ff.o(.ARM.exidx.text.get_ldnumber), (8 bytes).
    Removing ff.o(.text.find_volume), (1116 bytes).
    Removing ff.o(.ARM.exidx.text.find_volume), (8 bytes).
    Removing ff.o(.text.f_open), (708 bytes).
    Removing ff.o(.ARM.exidx.text.f_open), (8 bytes).
    Removing ff.o(.text.follow_path), (186 bytes).
    Removing ff.o(.ARM.exidx.text.follow_path), (8 bytes).
    Removing ff.o(.text.dir_register), (540 bytes).
    Removing ff.o(.ARM.exidx.text.dir_register), (8 bytes).
    Removing ff.o(.text.init_alloc_info), (44 bytes).
    Removing ff.o(.ARM.exidx.text.init_alloc_info), (8 bytes).
    Removing ff.o(.text.mem_set), (14 bytes).
    Removing ff.o(.ARM.exidx.text.mem_set), (8 bytes).
    Removing ff.o(.text.st_dword), (4 bytes).
    Removing ff.o(.ARM.exidx.text.st_dword), (8 bytes).
    Removing ff.o(.text.store_xdir), (112 bytes).
    Removing ff.o(.ARM.exidx.text.store_xdir), (8 bytes).
    Removing ff.o(.text.remove_chain), (292 bytes).
    Removing ff.o(.ARM.exidx.text.remove_chain), (8 bytes).
    Removing ff.o(.text.ld_clust), (38 bytes).
    Removing ff.o(.ARM.exidx.text.ld_clust), (8 bytes).
    Removing ff.o(.text.st_clust), (38 bytes).
    Removing ff.o(.ARM.exidx.text.st_clust), (8 bytes).
    Removing ff.o(.text.move_window), (62 bytes).
    Removing ff.o(.ARM.exidx.text.move_window), (8 bytes).
    Removing ff.o(.text.ld_dword), (4 bytes).
    Removing ff.o(.ARM.exidx.text.ld_dword), (8 bytes).
    Removing ff.o(.text.get_fat), (344 bytes).
    Removing ff.o(.ARM.exidx.text.get_fat), (8 bytes).
    Removing ff.o(.text.clst2sect), (24 bytes).
    Removing ff.o(.ARM.exidx.text.clst2sect), (8 bytes).
    Removing ff.o(.text.f_read), (410 bytes).
    Removing ff.o(.ARM.exidx.text.f_read), (8 bytes).
    Removing ff.o(.text.validate), (62 bytes).
    Removing ff.o(.ARM.exidx.text.validate), (8 bytes).
    Removing ff.o(.text.mem_cpy), (18 bytes).
    Removing ff.o(.ARM.exidx.text.mem_cpy), (8 bytes).
    Removing ff.o(.text.f_write), (494 bytes).
    Removing ff.o(.ARM.exidx.text.f_write), (8 bytes).
    Removing ff.o(.text.create_chain), (434 bytes).
    Removing ff.o(.ARM.exidx.text.create_chain), (8 bytes).
    Removing ff.o(.text.f_sync), (332 bytes).
    Removing ff.o(.ARM.exidx.text.f_sync), (8 bytes).
    Removing ff.o(.text.fill_first_frag), (48 bytes).
    Removing ff.o(.ARM.exidx.text.fill_first_frag), (8 bytes).
    Removing ff.o(.text.fill_last_frag), (56 bytes).
    Removing ff.o(.ARM.exidx.text.fill_last_frag), (8 bytes).
    Removing ff.o(.text.load_obj_xdir), (52 bytes).
    Removing ff.o(.ARM.exidx.text.load_obj_xdir), (8 bytes).
    Removing ff.o(.text.st_qword), (40 bytes).
    Removing ff.o(.ARM.exidx.text.st_qword), (8 bytes).
    Removing ff.o(.text.sync_fs), (148 bytes).
    Removing ff.o(.ARM.exidx.text.sync_fs), (8 bytes).
    Removing ff.o(.text.st_word), (4 bytes).
    Removing ff.o(.ARM.exidx.text.st_word), (8 bytes).
    Removing ff.o(.text.f_close), (36 bytes).
    Removing ff.o(.ARM.exidx.text.f_close), (8 bytes).
    Removing ff.o(.text.f_lseek), (652 bytes).
    Removing ff.o(.ARM.exidx.text.f_lseek), (8 bytes).
    Removing ff.o(.text.f_opendir), (144 bytes).
    Removing ff.o(.ARM.exidx.text.f_opendir), (8 bytes).
    Removing ff.o(.text.dir_sdi), (190 bytes).
    Removing ff.o(.ARM.exidx.text.dir_sdi), (8 bytes).
    Removing ff.o(.text.f_closedir), (24 bytes).
    Removing ff.o(.ARM.exidx.text.f_closedir), (8 bytes).
    Removing ff.o(.text.f_readdir), (80 bytes).
    Removing ff.o(.ARM.exidx.text.f_readdir), (8 bytes).
    Removing ff.o(.text.dir_read), (218 bytes).
    Removing ff.o(.ARM.exidx.text.dir_read), (8 bytes).
    Removing ff.o(.text.get_fileinfo), (320 bytes).
    Removing ff.o(.ARM.exidx.text.get_fileinfo), (8 bytes).
    Removing ff.o(.text.dir_next), (234 bytes).
    Removing ff.o(.ARM.exidx.text.dir_next), (8 bytes).
    Removing ff.o(.text.f_stat), (66 bytes).
    Removing ff.o(.ARM.exidx.text.f_stat), (8 bytes).
    Removing ff.o(.text.f_getfree), (348 bytes).
    Removing ff.o(.ARM.exidx.text.f_getfree), (8 bytes).
    Removing ff.o(.text.ld_word), (4 bytes).
    Removing ff.o(.ARM.exidx.text.ld_word), (8 bytes).
    Removing ff.o(.text.f_truncate), (196 bytes).
    Removing ff.o(.ARM.exidx.text.f_truncate), (8 bytes).
    Removing ff.o(.text.f_unlink), (202 bytes).
    Removing ff.o(.ARM.exidx.text.f_unlink), (8 bytes).
    Removing ff.o(.text.dir_remove), (104 bytes).
    Removing ff.o(.ARM.exidx.text.dir_remove), (8 bytes).
    Removing ff.o(.text.f_mkdir), (334 bytes).
    Removing ff.o(.ARM.exidx.text.f_mkdir), (8 bytes).
    Removing ff.o(.text.dir_clear), (90 bytes).
    Removing ff.o(.ARM.exidx.text.dir_clear), (8 bytes).
    Removing ff.o(.text.f_rename), (424 bytes).
    Removing ff.o(.ARM.exidx.text.f_rename), (8 bytes).
    Removing ff.o(.text.f_mkfs), (3308 bytes).
    Removing ff.o(.ARM.exidx.text.f_mkfs), (8 bytes).
    Removing ff.o(.text.xsum32), (6 bytes).
    Removing ff.o(.ARM.exidx.text.xsum32), (8 bytes).
    Removing ff.o(.text.check_fs), (136 bytes).
    Removing ff.o(.ARM.exidx.text.check_fs), (8 bytes).
    Removing ff.o(.text.ld_qword), (32 bytes).
    Removing ff.o(.ARM.exidx.text.ld_qword), (8 bytes).
    Removing ff.o(.text.mem_cmp), (32 bytes).
    Removing ff.o(.ARM.exidx.text.mem_cmp), (8 bytes).
    Removing ff.o(.text.create_name), (688 bytes).
    Removing ff.o(.ARM.exidx.text.create_name), (8 bytes).
    Removing ff.o(.text.dir_find), (374 bytes).
    Removing ff.o(.ARM.exidx.text.dir_find), (8 bytes).
    Removing ff.o(.text.tchar2uni), (72 bytes).
    Removing ff.o(.ARM.exidx.text.tchar2uni), (8 bytes).
    Removing ff.o(.text.chk_chr), (18 bytes).
    Removing ff.o(.ARM.exidx.text.chk_chr), (8 bytes).
    Removing ff.o(.text.dbc_1st), (32 bytes).
    Removing ff.o(.ARM.exidx.text.dbc_1st), (8 bytes).
    Removing ff.o(.text.dbc_2nd), (28 bytes).
    Removing ff.o(.ARM.exidx.text.dbc_2nd), (8 bytes).
    Removing ff.o(.text.xname_sum), (62 bytes).
    Removing ff.o(.ARM.exidx.text.xname_sum), (8 bytes).
    Removing ff.o(.text.cmp_lfn), (154 bytes).
    Removing ff.o(.ARM.exidx.text.cmp_lfn), (8 bytes).
    Removing ff.o(.text.sum_sfn), (36 bytes).
    Removing ff.o(.ARM.exidx.text.sum_sfn), (8 bytes).
    Removing ff.o(.text.dir_alloc), (96 bytes).
    Removing ff.o(.ARM.exidx.text.dir_alloc), (8 bytes).
    Removing ff.o(.text.create_xdir), (132 bytes).
    Removing ff.o(.ARM.exidx.text.create_xdir), (8 bytes).
    Removing ff.o(.text.gen_numname), (190 bytes).
    Removing ff.o(.ARM.exidx.text.gen_numname), (8 bytes).
    Removing ff.o(.text.put_lfn), (142 bytes).
    Removing ff.o(.ARM.exidx.text.put_lfn), (8 bytes).
    Removing ff.o(.text.xdir_sum), (48 bytes).
    Removing ff.o(.ARM.exidx.text.xdir_sum), (8 bytes).
    Removing ff.o(.text.put_fat), (280 bytes).
    Removing ff.o(.ARM.exidx.text.put_fat), (8 bytes).
    Removing ff.o(.text.change_bitmap), (154 bytes).
    Removing ff.o(.ARM.exidx.text.change_bitmap), (8 bytes).
    Removing ff.o(.text.sync_window), (72 bytes).
    Removing ff.o(.ARM.exidx.text.sync_window), (8 bytes).
    Removing ff.o(.text.find_bitmap), (176 bytes).
    Removing ff.o(.ARM.exidx.text.find_bitmap), (8 bytes).
    Removing ff.o(.text.load_xdir), (238 bytes).
    Removing ff.o(.ARM.exidx.text.load_xdir), (8 bytes).
    Removing ff.o(.text.pick_lfn), (132 bytes).
    Removing ff.o(.ARM.exidx.text.pick_lfn), (8 bytes).
    Removing ff.o(.text.get_xfileinfo), (210 bytes).
    Removing ff.o(.ARM.exidx.text.get_xfileinfo), (8 bytes).
    Removing ff.o(.text.put_utf), (52 bytes).
    Removing ff.o(.ARM.exidx.text.put_utf), (8 bytes).
    Removing ff.o(.bss.FatFs), (20 bytes).
    Removing ff.o(.rodata.str2.2), (28 bytes).
    Removing ff.o(.rodata.str1.1), (12 bytes).
    Removing ff.o(.bss.Fsid), (2 bytes).
    Removing ff.o(.bss.LfnBuf), (512 bytes).
    Removing ff.o(.bss.DirBuf), (608 bytes).
    Removing ff.o(.rodata.LfnOfs), (13 bytes).
    Removing ff_gen_drv.o(.text), (0 bytes).
    Removing ff_gen_drv.o(.text.FATFS_LinkDriverEx), (80 bytes).
    Removing ff_gen_drv.o(.ARM.exidx.text.FATFS_LinkDriverEx), (8 bytes).
    Removing ff_gen_drv.o(.text.FATFS_LinkDriver), (10 bytes).
    Removing ff_gen_drv.o(.ARM.exidx.text.FATFS_LinkDriver), (8 bytes).
    Removing ff_gen_drv.o(.text.FATFS_UnLinkDriverEx), (48 bytes).
    Removing ff_gen_drv.o(.ARM.exidx.text.FATFS_UnLinkDriverEx), (8 bytes).
    Removing ff_gen_drv.o(.text.FATFS_UnLinkDriver), (10 bytes).
    Removing ff_gen_drv.o(.ARM.exidx.text.FATFS_UnLinkDriver), (8 bytes).
    Removing ff_gen_drv.o(.text.FATFS_GetAttachedDriversNbr), (12 bytes).
    Removing ff_gen_drv.o(.ARM.exidx.text.FATFS_GetAttachedDriversNbr), (8 bytes).
    Removing ff_gen_drv.o(.bss.disk), (16 bytes).
    Removing ffsystem.o(.text), (0 bytes).
    Removing ffunicode.o(.text), (0 bytes).
    Removing ffunicode.o(.text.ff_uni2oem), (130 bytes).
    Removing ffunicode.o(.ARM.exidx.text.ff_uni2oem), (8 bytes).
    Removing ffunicode.o(.text.ff_oem2uni), (106 bytes).
    Removing ffunicode.o(.ARM.exidx.text.ff_oem2uni), (8 bytes).
    Removing ffunicode.o(.text.ff_wtoupper), (178 bytes).
    Removing ffunicode.o(.ARM.exidx.text.ff_wtoupper), (8 bytes).
    Removing ffunicode.o(.rodata.uni2oem932), (29560 bytes).
    Removing ffunicode.o(.rodata.oem2uni932), (29560 bytes).
    Removing ffunicode.o(.rodata.str2.2), (686 bytes).
    Removing gd32f10x_dma.o(.text), (0 bytes).
    Removing gd32f10x_dma.o(.text.dma_deinit), (58 bytes).
    Removing gd32f10x_dma.o(.ARM.exidx.text.dma_deinit), (8 bytes).
    Removing gd32f10x_dma.o(.text.dma_periph_and_channel_check), (26 bytes).
    Removing gd32f10x_dma.o(.ARM.exidx.text.dma_periph_and_channel_check), (8 bytes).
    Removing gd32f10x_dma.o(.text.dma_struct_para_init), (20 bytes).
    Removing gd32f10x_dma.o(.ARM.exidx.text.dma_struct_para_init), (8 bytes).
    Removing gd32f10x_dma.o(.text.dma_init), (106 bytes).
    Removing gd32f10x_dma.o(.ARM.exidx.text.dma_init), (8 bytes).
    Removing gd32f10x_dma.o(.text.dma_circulation_enable), (34 bytes).
    Removing gd32f10x_dma.o(.ARM.exidx.text.dma_circulation_enable), (8 bytes).
    Removing gd32f10x_dma.o(.text.dma_circulation_disable), (34 bytes).
    Removing gd32f10x_dma.o(.ARM.exidx.text.dma_circulation_disable), (8 bytes).
    Removing gd32f10x_dma.o(.text.dma_memory_to_memory_enable), (34 bytes).
    Removing gd32f10x_dma.o(.ARM.exidx.text.dma_memory_to_memory_enable), (8 bytes).
    Removing gd32f10x_dma.o(.text.dma_memory_to_memory_disable), (34 bytes).
    Removing gd32f10x_dma.o(.ARM.exidx.text.dma_memory_to_memory_disable), (8 bytes).
    Removing gd32f10x_dma.o(.text.dma_channel_enable), (34 bytes).
    Removing gd32f10x_dma.o(.ARM.exidx.text.dma_channel_enable), (8 bytes).
    Removing gd32f10x_dma.o(.text.dma_channel_disable), (34 bytes).
    Removing gd32f10x_dma.o(.ARM.exidx.text.dma_channel_disable), (8 bytes).
    Removing gd32f10x_dma.o(.text.dma_periph_address_config), (30 bytes).
    Removing gd32f10x_dma.o(.ARM.exidx.text.dma_periph_address_config), (8 bytes).
    Removing gd32f10x_dma.o(.text.dma_memory_address_config), (30 bytes).
    Removing gd32f10x_dma.o(.ARM.exidx.text.dma_memory_address_config), (8 bytes).
    Removing gd32f10x_dma.o(.text.dma_transfer_number_config), (30 bytes).
    Removing gd32f10x_dma.o(.ARM.exidx.text.dma_transfer_number_config), (8 bytes).
    Removing gd32f10x_dma.o(.text.dma_transfer_number_get), (26 bytes).
    Removing gd32f10x_dma.o(.ARM.exidx.text.dma_transfer_number_get), (8 bytes).
    Removing gd32f10x_dma.o(.text.dma_priority_config), (38 bytes).
    Removing gd32f10x_dma.o(.ARM.exidx.text.dma_priority_config), (8 bytes).
    Removing gd32f10x_dma.o(.text.dma_memory_width_config), (38 bytes).
    Removing gd32f10x_dma.o(.ARM.exidx.text.dma_memory_width_config), (8 bytes).
    Removing gd32f10x_dma.o(.text.dma_periph_width_config), (38 bytes).
    Removing gd32f10x_dma.o(.ARM.exidx.text.dma_periph_width_config), (8 bytes).
    Removing gd32f10x_dma.o(.text.dma_memory_increase_enable), (34 bytes).
    Removing gd32f10x_dma.o(.ARM.exidx.text.dma_memory_increase_enable), (8 bytes).
    Removing gd32f10x_dma.o(.text.dma_memory_increase_disable), (34 bytes).
    Removing gd32f10x_dma.o(.ARM.exidx.text.dma_memory_increase_disable), (8 bytes).
    Removing gd32f10x_dma.o(.text.dma_periph_increase_enable), (34 bytes).
    Removing gd32f10x_dma.o(.ARM.exidx.text.dma_periph_increase_enable), (8 bytes).
    Removing gd32f10x_dma.o(.text.dma_periph_increase_disable), (34 bytes).
    Removing gd32f10x_dma.o(.ARM.exidx.text.dma_periph_increase_disable), (8 bytes).
    Removing gd32f10x_dma.o(.text.dma_transfer_direction_config), (42 bytes).
    Removing gd32f10x_dma.o(.ARM.exidx.text.dma_transfer_direction_config), (8 bytes).
    Removing gd32f10x_dma.o(.text.dma_flag_get), (16 bytes).
    Removing gd32f10x_dma.o(.ARM.exidx.text.dma_flag_get), (8 bytes).
    Removing gd32f10x_dma.o(.text.dma_flag_clear), (14 bytes).
    Removing gd32f10x_dma.o(.ARM.exidx.text.dma_flag_clear), (8 bytes).
    Removing gd32f10x_dma.o(.text.dma_interrupt_flag_get), (58 bytes).
    Removing gd32f10x_dma.o(.ARM.exidx.text.dma_interrupt_flag_get), (8 bytes).
    Removing gd32f10x_dma.o(.text.dma_interrupt_flag_clear), (14 bytes).
    Removing gd32f10x_dma.o(.ARM.exidx.text.dma_interrupt_flag_clear), (8 bytes).
    Removing gd32f10x_dma.o(.text.dma_interrupt_enable), (34 bytes).
    Removing gd32f10x_dma.o(.ARM.exidx.text.dma_interrupt_enable), (8 bytes).
    Removing gd32f10x_dma.o(.text.dma_interrupt_disable), (34 bytes).
    Removing gd32f10x_dma.o(.ARM.exidx.text.dma_interrupt_disable), (8 bytes).
    Removing gd32f10x_gpio.o(.text), (0 bytes).
    Removing gd32f10x_gpio.o(.text.gpio_deinit), (88 bytes).
    Removing gd32f10x_gpio.o(.ARM.exidx.text.gpio_deinit), (8 bytes).
    Removing gd32f10x_gpio.o(.text.gpio_afio_deinit), (20 bytes).
    Removing gd32f10x_gpio.o(.ARM.exidx.text.gpio_afio_deinit), (8 bytes).
    Removing gd32f10x_gpio.o(.text.gpio_init), (170 bytes).
    Removing gd32f10x_gpio.o(.ARM.exidx.text.gpio_init), (8 bytes).
    Removing gd32f10x_gpio.o(.text.gpio_bit_set), (4 bytes).
    Removing gd32f10x_gpio.o(.ARM.exidx.text.gpio_bit_set), (8 bytes).
    Removing gd32f10x_gpio.o(.text.gpio_bit_reset), (4 bytes).
    Removing gd32f10x_gpio.o(.ARM.exidx.text.gpio_bit_reset), (8 bytes).
    Removing gd32f10x_gpio.o(.text.gpio_bit_write), (12 bytes).
    Removing gd32f10x_gpio.o(.ARM.exidx.text.gpio_bit_write), (8 bytes).
    Removing gd32f10x_gpio.o(.text.gpio_port_write), (4 bytes).
    Removing gd32f10x_gpio.o(.ARM.exidx.text.gpio_port_write), (8 bytes).
    Removing gd32f10x_gpio.o(.text.gpio_input_bit_get), (10 bytes).
    Removing gd32f10x_gpio.o(.ARM.exidx.text.gpio_input_bit_get), (8 bytes).
    Removing gd32f10x_gpio.o(.text.gpio_input_port_get), (6 bytes).
    Removing gd32f10x_gpio.o(.ARM.exidx.text.gpio_input_port_get), (8 bytes).
    Removing gd32f10x_gpio.o(.text.gpio_output_bit_get), (10 bytes).
    Removing gd32f10x_gpio.o(.ARM.exidx.text.gpio_output_bit_get), (8 bytes).
    Removing gd32f10x_gpio.o(.text.gpio_output_port_get), (6 bytes).
    Removing gd32f10x_gpio.o(.ARM.exidx.text.gpio_output_port_get), (8 bytes).
    Removing gd32f10x_gpio.o(.text.gpio_pin_remap_config), (122 bytes).
    Removing gd32f10x_gpio.o(.ARM.exidx.text.gpio_pin_remap_config), (8 bytes).
    Removing gd32f10x_gpio.o(.text.gpio_exti_source_select), (132 bytes).
    Removing gd32f10x_gpio.o(.ARM.exidx.text.gpio_exti_source_select), (8 bytes).
    Removing gd32f10x_gpio.o(.text.gpio_event_output_config), (22 bytes).
    Removing gd32f10x_gpio.o(.ARM.exidx.text.gpio_event_output_config), (8 bytes).
    Removing gd32f10x_gpio.o(.text.gpio_event_output_enable), (16 bytes).
    Removing gd32f10x_gpio.o(.ARM.exidx.text.gpio_event_output_enable), (8 bytes).
    Removing gd32f10x_gpio.o(.text.gpio_event_output_disable), (16 bytes).
    Removing gd32f10x_gpio.o(.ARM.exidx.text.gpio_event_output_disable), (8 bytes).
    Removing gd32f10x_gpio.o(.text.gpio_pin_lock), (16 bytes).
    Removing gd32f10x_gpio.o(.ARM.exidx.text.gpio_pin_lock), (8 bytes).
    Removing gd32f10x_gpio.o(.text.gpio_ethernet_phy_select), (22 bytes).
    Removing gd32f10x_gpio.o(.ARM.exidx.text.gpio_ethernet_phy_select), (8 bytes).
    Removing gd32f10x_misc.o(.text), (0 bytes).
    Removing gd32f10x_misc.o(.text.nvic_priority_group_set), (20 bytes).
    Removing gd32f10x_misc.o(.ARM.exidx.text.nvic_priority_group_set), (8 bytes).
    Removing gd32f10x_misc.o(.text.nvic_irq_enable), (102 bytes).
    Removing gd32f10x_misc.o(.ARM.exidx.text.nvic_irq_enable), (8 bytes).
    Removing gd32f10x_misc.o(.text.nvic_irq_disable), (30 bytes).
    Removing gd32f10x_misc.o(.ARM.exidx.text.nvic_irq_disable), (8 bytes).
    Removing gd32f10x_misc.o(.text.nvic_vector_table_set), (24 bytes).
    Removing gd32f10x_misc.o(.ARM.exidx.text.nvic_vector_table_set), (8 bytes).
    Removing gd32f10x_misc.o(.text.system_lowpower_set), (16 bytes).
    Removing gd32f10x_misc.o(.ARM.exidx.text.system_lowpower_set), (8 bytes).
    Removing gd32f10x_misc.o(.text.system_lowpower_reset), (18 bytes).
    Removing gd32f10x_misc.o(.ARM.exidx.text.system_lowpower_reset), (8 bytes).
    Removing gd32f10x_misc.o(.text.systick_clksource_set), (24 bytes).
    Removing gd32f10x_misc.o(.ARM.exidx.text.systick_clksource_set), (8 bytes).
    Removing gd32f10x_pmu.o(.text), (0 bytes).
    Removing gd32f10x_pmu.o(.text.pmu_deinit), (20 bytes).
    Removing gd32f10x_pmu.o(.ARM.exidx.text.pmu_deinit), (8 bytes).
    Removing gd32f10x_pmu.o(.text.pmu_lvd_select), (40 bytes).
    Removing gd32f10x_pmu.o(.ARM.exidx.text.pmu_lvd_select), (8 bytes).
    Removing gd32f10x_pmu.o(.text.pmu_lvd_disable), (18 bytes).
    Removing gd32f10x_pmu.o(.ARM.exidx.text.pmu_lvd_disable), (8 bytes).
    Removing gd32f10x_pmu.o(.text.pmu_to_sleepmode), (26 bytes).
    Removing gd32f10x_pmu.o(.ARM.exidx.text.pmu_to_sleepmode), (8 bytes).
    Removing gd32f10x_pmu.o(.text.pmu_to_deepsleepmode), (68 bytes).
    Removing gd32f10x_pmu.o(.ARM.exidx.text.pmu_to_deepsleepmode), (8 bytes).
    Removing gd32f10x_pmu.o(.text.pmu_to_standbymode), (50 bytes).
    Removing gd32f10x_pmu.o(.ARM.exidx.text.pmu_to_standbymode), (8 bytes).
    Removing gd32f10x_pmu.o(.text.pmu_wakeup_pin_enable), (18 bytes).
    Removing gd32f10x_pmu.o(.ARM.exidx.text.pmu_wakeup_pin_enable), (8 bytes).
    Removing gd32f10x_pmu.o(.text.pmu_wakeup_pin_disable), (18 bytes).
    Removing gd32f10x_pmu.o(.ARM.exidx.text.pmu_wakeup_pin_disable), (8 bytes).
    Removing gd32f10x_pmu.o(.text.pmu_backup_write_enable), (18 bytes).
    Removing gd32f10x_pmu.o(.ARM.exidx.text.pmu_backup_write_enable), (8 bytes).
    Removing gd32f10x_pmu.o(.text.pmu_backup_write_disable), (18 bytes).
    Removing gd32f10x_pmu.o(.ARM.exidx.text.pmu_backup_write_disable), (8 bytes).
    Removing gd32f10x_pmu.o(.text.pmu_flag_get), (18 bytes).
    Removing gd32f10x_pmu.o(.ARM.exidx.text.pmu_flag_get), (8 bytes).
    Removing gd32f10x_pmu.o(.text.pmu_flag_clear), (30 bytes).
    Removing gd32f10x_pmu.o(.ARM.exidx.text.pmu_flag_clear), (8 bytes).
    Removing gd32f10x_rcu.o(.text), (0 bytes).
    Removing gd32f10x_rcu.o(.text.rcu_deinit), (82 bytes).
    Removing gd32f10x_rcu.o(.ARM.exidx.text.rcu_deinit), (8 bytes).
    Removing gd32f10x_rcu.o(.text.rcu_osci_stab_wait), (306 bytes).
    Removing gd32f10x_rcu.o(.ARM.exidx.text.rcu_osci_stab_wait), (8 bytes).
    Removing gd32f10x_rcu.o(.text.rcu_periph_clock_enable), (30 bytes).
    Removing gd32f10x_rcu.o(.ARM.exidx.text.rcu_periph_clock_enable), (8 bytes).
    Removing gd32f10x_rcu.o(.text.rcu_periph_clock_disable), (32 bytes).
    Removing gd32f10x_rcu.o(.ARM.exidx.text.rcu_periph_clock_disable), (8 bytes).
    Removing gd32f10x_rcu.o(.text.rcu_periph_clock_sleep_enable), (30 bytes).
    Removing gd32f10x_rcu.o(.ARM.exidx.text.rcu_periph_clock_sleep_enable), (8 bytes).
    Removing gd32f10x_rcu.o(.text.rcu_periph_clock_sleep_disable), (32 bytes).
    Removing gd32f10x_rcu.o(.ARM.exidx.text.rcu_periph_clock_sleep_disable), (8 bytes).
    Removing gd32f10x_rcu.o(.text.rcu_periph_reset_enable), (30 bytes).
    Removing gd32f10x_rcu.o(.ARM.exidx.text.rcu_periph_reset_enable), (8 bytes).
    Removing gd32f10x_rcu.o(.text.rcu_periph_reset_disable), (32 bytes).
    Removing gd32f10x_rcu.o(.ARM.exidx.text.rcu_periph_reset_disable), (8 bytes).
    Removing gd32f10x_rcu.o(.text.rcu_bkp_reset_enable), (18 bytes).
    Removing gd32f10x_rcu.o(.ARM.exidx.text.rcu_bkp_reset_enable), (8 bytes).
    Removing gd32f10x_rcu.o(.text.rcu_bkp_reset_disable), (18 bytes).
    Removing gd32f10x_rcu.o(.ARM.exidx.text.rcu_bkp_reset_disable), (8 bytes).
    Removing gd32f10x_rcu.o(.text.rcu_system_clock_source_config), (20 bytes).
    Removing gd32f10x_rcu.o(.ARM.exidx.text.rcu_system_clock_source_config), (8 bytes).
    Removing gd32f10x_rcu.o(.text.rcu_system_clock_source_get), (16 bytes).
    Removing gd32f10x_rcu.o(.ARM.exidx.text.rcu_system_clock_source_get), (8 bytes).
    Removing gd32f10x_rcu.o(.text.rcu_ahb_clock_config), (20 bytes).
    Removing gd32f10x_rcu.o(.ARM.exidx.text.rcu_ahb_clock_config), (8 bytes).
    Removing gd32f10x_rcu.o(.text.rcu_apb1_clock_config), (20 bytes).
    Removing gd32f10x_rcu.o(.ARM.exidx.text.rcu_apb1_clock_config), (8 bytes).
    Removing gd32f10x_rcu.o(.text.rcu_apb2_clock_config), (20 bytes).
    Removing gd32f10x_rcu.o(.ARM.exidx.text.rcu_apb2_clock_config), (8 bytes).
    Removing gd32f10x_rcu.o(.text.rcu_ckout0_config), (20 bytes).
    Removing gd32f10x_rcu.o(.ARM.exidx.text.rcu_ckout0_config), (8 bytes).
    Removing gd32f10x_rcu.o(.text.rcu_pll_config), (32 bytes).
    Removing gd32f10x_rcu.o(.ARM.exidx.text.rcu_pll_config), (8 bytes).
    Removing gd32f10x_rcu.o(.text.rcu_predv0_config), (32 bytes).
    Removing gd32f10x_rcu.o(.ARM.exidx.text.rcu_predv0_config), (8 bytes).
    Removing gd32f10x_rcu.o(.text.rcu_predv1_config), (20 bytes).
    Removing gd32f10x_rcu.o(.ARM.exidx.text.rcu_predv1_config), (8 bytes).
    Removing gd32f10x_rcu.o(.text.rcu_pll1_config), (24 bytes).
    Removing gd32f10x_rcu.o(.ARM.exidx.text.rcu_pll1_config), (8 bytes).
    Removing gd32f10x_rcu.o(.text.rcu_pll2_config), (24 bytes).
    Removing gd32f10x_rcu.o(.ARM.exidx.text.rcu_pll2_config), (8 bytes).
    Removing gd32f10x_rcu.o(.text.rcu_adc_clock_config), (64 bytes).
    Removing gd32f10x_rcu.o(.ARM.exidx.text.rcu_adc_clock_config), (8 bytes).
    Removing gd32f10x_rcu.o(.text.rcu_usb_clock_config), (20 bytes).
    Removing gd32f10x_rcu.o(.ARM.exidx.text.rcu_usb_clock_config), (8 bytes).
    Removing gd32f10x_rcu.o(.text.rcu_rtc_clock_config), (20 bytes).
    Removing gd32f10x_rcu.o(.ARM.exidx.text.rcu_rtc_clock_config), (8 bytes).
    Removing gd32f10x_rcu.o(.text.rcu_i2s1_clock_config), (20 bytes).
    Removing gd32f10x_rcu.o(.ARM.exidx.text.rcu_i2s1_clock_config), (8 bytes).
    Removing gd32f10x_rcu.o(.text.rcu_i2s2_clock_config), (20 bytes).
    Removing gd32f10x_rcu.o(.ARM.exidx.text.rcu_i2s2_clock_config), (8 bytes).
    Removing gd32f10x_rcu.o(.text.rcu_flag_get), (26 bytes).
    Removing gd32f10x_rcu.o(.ARM.exidx.text.rcu_flag_get), (8 bytes).
    Removing gd32f10x_rcu.o(.text.rcu_all_reset_flag_clear), (18 bytes).
    Removing gd32f10x_rcu.o(.ARM.exidx.text.rcu_all_reset_flag_clear), (8 bytes).
    Removing gd32f10x_rcu.o(.text.rcu_interrupt_flag_get), (26 bytes).
    Removing gd32f10x_rcu.o(.ARM.exidx.text.rcu_interrupt_flag_get), (8 bytes).
    Removing gd32f10x_rcu.o(.text.rcu_interrupt_flag_clear), (30 bytes).
    Removing gd32f10x_rcu.o(.ARM.exidx.text.rcu_interrupt_flag_clear), (8 bytes).
    Removing gd32f10x_rcu.o(.text.rcu_interrupt_enable), (30 bytes).
    Removing gd32f10x_rcu.o(.ARM.exidx.text.rcu_interrupt_enable), (8 bytes).
    Removing gd32f10x_rcu.o(.text.rcu_interrupt_disable), (32 bytes).
    Removing gd32f10x_rcu.o(.ARM.exidx.text.rcu_interrupt_disable), (8 bytes).
    Removing gd32f10x_rcu.o(.text.rcu_osci_on), (30 bytes).
    Removing gd32f10x_rcu.o(.ARM.exidx.text.rcu_osci_on), (8 bytes).
    Removing gd32f10x_rcu.o(.text.rcu_osci_off), (32 bytes).
    Removing gd32f10x_rcu.o(.ARM.exidx.text.rcu_osci_off), (8 bytes).
    Removing gd32f10x_rcu.o(.text.rcu_osci_bypass_mode_enable), (64 bytes).
    Removing gd32f10x_rcu.o(.ARM.exidx.text.rcu_osci_bypass_mode_enable), (8 bytes).
    Removing gd32f10x_rcu.o(.text.rcu_osci_bypass_mode_disable), (64 bytes).
    Removing gd32f10x_rcu.o(.ARM.exidx.text.rcu_osci_bypass_mode_disable), (8 bytes).
    Removing gd32f10x_rcu.o(.text.rcu_hxtal_clock_monitor_enable), (18 bytes).
    Removing gd32f10x_rcu.o(.ARM.exidx.text.rcu_hxtal_clock_monitor_enable), (8 bytes).
    Removing gd32f10x_rcu.o(.text.rcu_hxtal_clock_monitor_disable), (18 bytes).
    Removing gd32f10x_rcu.o(.ARM.exidx.text.rcu_hxtal_clock_monitor_disable), (8 bytes).
    Removing gd32f10x_rcu.o(.text.rcu_irc8m_adjust_value_set), (18 bytes).
    Removing gd32f10x_rcu.o(.ARM.exidx.text.rcu_irc8m_adjust_value_set), (8 bytes).
    Removing gd32f10x_rcu.o(.text.rcu_deepsleep_voltage_set), (16 bytes).
    Removing gd32f10x_rcu.o(.ARM.exidx.text.rcu_deepsleep_voltage_set), (8 bytes).
    Removing gd32f10x_rcu.o(.text.rcu_clock_freq_get), (264 bytes).
    Removing gd32f10x_rcu.o(.ARM.exidx.text.rcu_clock_freq_get), (8 bytes).
    Removing gd32f10x_sdio.o(.text), (0 bytes).
    Removing gd32f10x_sdio.o(.text.sdio_deinit), (30 bytes).
    Removing gd32f10x_sdio.o(.ARM.exidx.text.sdio_deinit), (8 bytes).
    Removing gd32f10x_sdio.o(.text.sdio_clock_config), (36 bytes).
    Removing gd32f10x_sdio.o(.ARM.exidx.text.sdio_clock_config), (8 bytes).
    Removing gd32f10x_sdio.o(.text.sdio_hardware_clock_enable), (18 bytes).
    Removing gd32f10x_sdio.o(.ARM.exidx.text.sdio_hardware_clock_enable), (8 bytes).
    Removing gd32f10x_sdio.o(.text.sdio_hardware_clock_disable), (18 bytes).
    Removing gd32f10x_sdio.o(.ARM.exidx.text.sdio_hardware_clock_disable), (8 bytes).
    Removing gd32f10x_sdio.o(.text.sdio_bus_mode_set), (24 bytes).
    Removing gd32f10x_sdio.o(.ARM.exidx.text.sdio_bus_mode_set), (8 bytes).
    Removing gd32f10x_sdio.o(.text.sdio_power_state_set), (12 bytes).
    Removing gd32f10x_sdio.o(.ARM.exidx.text.sdio_power_state_set), (8 bytes).
    Removing gd32f10x_sdio.o(.text.sdio_power_state_get), (12 bytes).
    Removing gd32f10x_sdio.o(.ARM.exidx.text.sdio_power_state_get), (8 bytes).
    Removing gd32f10x_sdio.o(.text.sdio_clock_enable), (18 bytes).
    Removing gd32f10x_sdio.o(.ARM.exidx.text.sdio_clock_enable), (8 bytes).
    Removing gd32f10x_sdio.o(.text.sdio_clock_disable), (18 bytes).
    Removing gd32f10x_sdio.o(.ARM.exidx.text.sdio_clock_disable), (8 bytes).
    Removing gd32f10x_sdio.o(.text.sdio_command_response_config), (40 bytes).
    Removing gd32f10x_sdio.o(.ARM.exidx.text.sdio_command_response_config), (8 bytes).
    Removing gd32f10x_sdio.o(.text.sdio_wait_type_set), (24 bytes).
    Removing gd32f10x_sdio.o(.ARM.exidx.text.sdio_wait_type_set), (8 bytes).
    Removing gd32f10x_sdio.o(.text.sdio_csm_enable), (18 bytes).
    Removing gd32f10x_sdio.o(.ARM.exidx.text.sdio_csm_enable), (8 bytes).
    Removing gd32f10x_sdio.o(.text.sdio_csm_disable), (18 bytes).
    Removing gd32f10x_sdio.o(.ARM.exidx.text.sdio_csm_disable), (8 bytes).
    Removing gd32f10x_sdio.o(.text.sdio_command_index_get), (14 bytes).
    Removing gd32f10x_sdio.o(.ARM.exidx.text.sdio_command_index_get), (8 bytes).
    Removing gd32f10x_sdio.o(.text.sdio_response_get), (64 bytes).
    Removing gd32f10x_sdio.o(.ARM.exidx.text.sdio_response_get), (8 bytes).
    Removing gd32f10x_sdio.o(.text.sdio_data_config), (62 bytes).
    Removing gd32f10x_sdio.o(.ARM.exidx.text.sdio_data_config), (8 bytes).
    Removing gd32f10x_sdio.o(.text.sdio_data_transfer_config), (22 bytes).
    Removing gd32f10x_sdio.o(.ARM.exidx.text.sdio_data_transfer_config), (8 bytes).
    Removing gd32f10x_sdio.o(.text.sdio_dsm_enable), (18 bytes).
    Removing gd32f10x_sdio.o(.ARM.exidx.text.sdio_dsm_enable), (8 bytes).
    Removing gd32f10x_sdio.o(.text.sdio_dsm_disable), (18 bytes).
    Removing gd32f10x_sdio.o(.ARM.exidx.text.sdio_dsm_disable), (8 bytes).
    Removing gd32f10x_sdio.o(.text.sdio_data_write), (12 bytes).
    Removing gd32f10x_sdio.o(.ARM.exidx.text.sdio_data_write), (8 bytes).
    Removing gd32f10x_sdio.o(.text.sdio_data_read), (12 bytes).
    Removing gd32f10x_sdio.o(.ARM.exidx.text.sdio_data_read), (8 bytes).
    Removing gd32f10x_sdio.o(.text.sdio_data_counter_get), (12 bytes).
    Removing gd32f10x_sdio.o(.ARM.exidx.text.sdio_data_counter_get), (8 bytes).
    Removing gd32f10x_sdio.o(.text.sdio_fifo_counter_get), (12 bytes).
    Removing gd32f10x_sdio.o(.ARM.exidx.text.sdio_fifo_counter_get), (8 bytes).
    Removing gd32f10x_sdio.o(.text.sdio_dma_enable), (18 bytes).
    Removing gd32f10x_sdio.o(.ARM.exidx.text.sdio_dma_enable), (8 bytes).
    Removing gd32f10x_sdio.o(.text.sdio_dma_disable), (18 bytes).
    Removing gd32f10x_sdio.o(.ARM.exidx.text.sdio_dma_disable), (8 bytes).
    Removing gd32f10x_sdio.o(.text.sdio_flag_get), (18 bytes).
    Removing gd32f10x_sdio.o(.ARM.exidx.text.sdio_flag_get), (8 bytes).
    Removing gd32f10x_sdio.o(.text.sdio_flag_clear), (12 bytes).
    Removing gd32f10x_sdio.o(.ARM.exidx.text.sdio_flag_clear), (8 bytes).
    Removing gd32f10x_sdio.o(.text.sdio_interrupt_enable), (16 bytes).
    Removing gd32f10x_sdio.o(.ARM.exidx.text.sdio_interrupt_enable), (8 bytes).
    Removing gd32f10x_sdio.o(.text.sdio_interrupt_disable), (18 bytes).
    Removing gd32f10x_sdio.o(.ARM.exidx.text.sdio_interrupt_disable), (8 bytes).
    Removing gd32f10x_sdio.o(.text.sdio_interrupt_flag_get), (28 bytes).
    Removing gd32f10x_sdio.o(.ARM.exidx.text.sdio_interrupt_flag_get), (8 bytes).
    Removing gd32f10x_sdio.o(.text.sdio_interrupt_flag_clear), (12 bytes).
    Removing gd32f10x_sdio.o(.ARM.exidx.text.sdio_interrupt_flag_clear), (8 bytes).
    Removing gd32f10x_sdio.o(.text.sdio_readwait_enable), (18 bytes).
    Removing gd32f10x_sdio.o(.ARM.exidx.text.sdio_readwait_enable), (8 bytes).
    Removing gd32f10x_sdio.o(.text.sdio_readwait_disable), (18 bytes).
    Removing gd32f10x_sdio.o(.ARM.exidx.text.sdio_readwait_disable), (8 bytes).
    Removing gd32f10x_sdio.o(.text.sdio_stop_readwait_enable), (18 bytes).
    Removing gd32f10x_sdio.o(.ARM.exidx.text.sdio_stop_readwait_enable), (8 bytes).
    Removing gd32f10x_sdio.o(.text.sdio_stop_readwait_disable), (18 bytes).
    Removing gd32f10x_sdio.o(.ARM.exidx.text.sdio_stop_readwait_disable), (8 bytes).
    Removing gd32f10x_sdio.o(.text.sdio_readwait_type_set), (28 bytes).
    Removing gd32f10x_sdio.o(.ARM.exidx.text.sdio_readwait_type_set), (8 bytes).
    Removing gd32f10x_sdio.o(.text.sdio_operation_enable), (18 bytes).
    Removing gd32f10x_sdio.o(.ARM.exidx.text.sdio_operation_enable), (8 bytes).
    Removing gd32f10x_sdio.o(.text.sdio_operation_disable), (18 bytes).
    Removing gd32f10x_sdio.o(.ARM.exidx.text.sdio_operation_disable), (8 bytes).
    Removing gd32f10x_sdio.o(.text.sdio_suspend_enable), (18 bytes).
    Removing gd32f10x_sdio.o(.ARM.exidx.text.sdio_suspend_enable), (8 bytes).
    Removing gd32f10x_sdio.o(.text.sdio_suspend_disable), (18 bytes).
    Removing gd32f10x_sdio.o(.ARM.exidx.text.sdio_suspend_disable), (8 bytes).
    Removing gd32f10x_sdio.o(.text.sdio_ceata_command_enable), (18 bytes).
    Removing gd32f10x_sdio.o(.ARM.exidx.text.sdio_ceata_command_enable), (8 bytes).
    Removing gd32f10x_sdio.o(.text.sdio_ceata_command_disable), (18 bytes).
    Removing gd32f10x_sdio.o(.ARM.exidx.text.sdio_ceata_command_disable), (8 bytes).
    Removing gd32f10x_sdio.o(.text.sdio_ceata_interrupt_enable), (18 bytes).
    Removing gd32f10x_sdio.o(.ARM.exidx.text.sdio_ceata_interrupt_enable), (8 bytes).
    Removing gd32f10x_sdio.o(.text.sdio_ceata_interrupt_disable), (18 bytes).
    Removing gd32f10x_sdio.o(.ARM.exidx.text.sdio_ceata_interrupt_disable), (8 bytes).
    Removing gd32f10x_sdio.o(.text.sdio_ceata_command_completion_enable), (18 bytes).
    Removing gd32f10x_sdio.o(.ARM.exidx.text.sdio_ceata_command_completion_enable), (8 bytes).
    Removing gd32f10x_sdio.o(.text.sdio_ceata_command_completion_disable), (18 bytes).
    Removing gd32f10x_sdio.o(.ARM.exidx.text.sdio_ceata_command_completion_disable), (8 bytes).
    Removing gd32f10x_usart.o(.text), (0 bytes).
    Removing gd32f10x_usart.o(.text.usart_deinit), (118 bytes).
    Removing gd32f10x_usart.o(.ARM.exidx.text.usart_deinit), (8 bytes).
    Removing gd32f10x_usart.o(.text.usart_baudrate_set), (106 bytes).
    Removing gd32f10x_usart.o(.ARM.exidx.text.usart_baudrate_set), (8 bytes).
    Removing gd32f10x_usart.o(.text.usart_parity_config), (16 bytes).
    Removing gd32f10x_usart.o(.ARM.exidx.text.usart_parity_config), (8 bytes).
    Removing gd32f10x_usart.o(.text.usart_word_length_set), (16 bytes).
    Removing gd32f10x_usart.o(.ARM.exidx.text.usart_word_length_set), (8 bytes).
    Removing gd32f10x_usart.o(.text.usart_stop_bit_set), (16 bytes).
    Removing gd32f10x_usart.o(.ARM.exidx.text.usart_stop_bit_set), (8 bytes).
    Removing gd32f10x_usart.o(.text.usart_enable), (10 bytes).
    Removing gd32f10x_usart.o(.ARM.exidx.text.usart_enable), (8 bytes).
    Removing gd32f10x_usart.o(.text.usart_disable), (10 bytes).
    Removing gd32f10x_usart.o(.ARM.exidx.text.usart_disable), (8 bytes).
    Removing gd32f10x_usart.o(.text.usart_transmit_config), (12 bytes).
    Removing gd32f10x_usart.o(.ARM.exidx.text.usart_transmit_config), (8 bytes).
    Removing gd32f10x_usart.o(.text.usart_receive_config), (12 bytes).
    Removing gd32f10x_usart.o(.ARM.exidx.text.usart_receive_config), (8 bytes).
    Removing gd32f10x_usart.o(.text.usart_data_transmit), (8 bytes).
    Removing gd32f10x_usart.o(.ARM.exidx.text.usart_data_transmit), (8 bytes).
    Removing gd32f10x_usart.o(.text.usart_data_receive), (8 bytes).
    Removing gd32f10x_usart.o(.ARM.exidx.text.usart_data_receive), (8 bytes).
    Removing gd32f10x_usart.o(.text.usart_address_config), (20 bytes).
    Removing gd32f10x_usart.o(.ARM.exidx.text.usart_address_config), (8 bytes).
    Removing gd32f10x_usart.o(.text.usart_mute_mode_enable), (10 bytes).
    Removing gd32f10x_usart.o(.ARM.exidx.text.usart_mute_mode_enable), (8 bytes).
    Removing gd32f10x_usart.o(.text.usart_mute_mode_disable), (10 bytes).
    Removing gd32f10x_usart.o(.ARM.exidx.text.usart_mute_mode_disable), (8 bytes).
    Removing gd32f10x_usart.o(.text.usart_mute_mode_wakeup_config), (16 bytes).
    Removing gd32f10x_usart.o(.ARM.exidx.text.usart_mute_mode_wakeup_config), (8 bytes).
    Removing gd32f10x_usart.o(.text.usart_lin_mode_enable), (10 bytes).
    Removing gd32f10x_usart.o(.ARM.exidx.text.usart_lin_mode_enable), (8 bytes).
    Removing gd32f10x_usart.o(.text.usart_lin_mode_disable), (10 bytes).
    Removing gd32f10x_usart.o(.ARM.exidx.text.usart_lin_mode_disable), (8 bytes).
    Removing gd32f10x_usart.o(.text.usart_lin_break_detection_length_config), (20 bytes).
    Removing gd32f10x_usart.o(.ARM.exidx.text.usart_lin_break_detection_length_config), (8 bytes).
    Removing gd32f10x_usart.o(.text.usart_send_break), (10 bytes).
    Removing gd32f10x_usart.o(.ARM.exidx.text.usart_send_break), (8 bytes).
    Removing gd32f10x_usart.o(.text.usart_halfduplex_enable), (10 bytes).
    Removing gd32f10x_usart.o(.ARM.exidx.text.usart_halfduplex_enable), (8 bytes).
    Removing gd32f10x_usart.o(.text.usart_halfduplex_disable), (10 bytes).
    Removing gd32f10x_usart.o(.ARM.exidx.text.usart_halfduplex_disable), (8 bytes).
    Removing gd32f10x_usart.o(.text.usart_synchronous_clock_enable), (10 bytes).
    Removing gd32f10x_usart.o(.ARM.exidx.text.usart_synchronous_clock_enable), (8 bytes).
    Removing gd32f10x_usart.o(.text.usart_synchronous_clock_disable), (10 bytes).
    Removing gd32f10x_usart.o(.ARM.exidx.text.usart_synchronous_clock_disable), (8 bytes).
    Removing gd32f10x_usart.o(.text.usart_synchronous_clock_config), (30 bytes).
    Removing gd32f10x_usart.o(.ARM.exidx.text.usart_synchronous_clock_config), (8 bytes).
    Removing gd32f10x_usart.o(.text.usart_guard_time_config), (20 bytes).
    Removing gd32f10x_usart.o(.ARM.exidx.text.usart_guard_time_config), (8 bytes).
    Removing gd32f10x_usart.o(.text.usart_smartcard_mode_enable), (10 bytes).
    Removing gd32f10x_usart.o(.ARM.exidx.text.usart_smartcard_mode_enable), (8 bytes).
    Removing gd32f10x_usart.o(.text.usart_smartcard_mode_disable), (10 bytes).
    Removing gd32f10x_usart.o(.ARM.exidx.text.usart_smartcard_mode_disable), (8 bytes).
    Removing gd32f10x_usart.o(.text.usart_smartcard_mode_nack_enable), (10 bytes).
    Removing gd32f10x_usart.o(.ARM.exidx.text.usart_smartcard_mode_nack_enable), (8 bytes).
    Removing gd32f10x_usart.o(.text.usart_smartcard_mode_nack_disable), (10 bytes).
    Removing gd32f10x_usart.o(.ARM.exidx.text.usart_smartcard_mode_nack_disable), (8 bytes).
    Removing gd32f10x_usart.o(.text.usart_irda_mode_enable), (10 bytes).
    Removing gd32f10x_usart.o(.ARM.exidx.text.usart_irda_mode_enable), (8 bytes).
    Removing gd32f10x_usart.o(.text.usart_irda_mode_disable), (10 bytes).
    Removing gd32f10x_usart.o(.ARM.exidx.text.usart_irda_mode_disable), (8 bytes).
    Removing gd32f10x_usart.o(.text.usart_prescaler_config), (16 bytes).
    Removing gd32f10x_usart.o(.ARM.exidx.text.usart_prescaler_config), (8 bytes).
    Removing gd32f10x_usart.o(.text.usart_irda_lowpower_config), (20 bytes).
    Removing gd32f10x_usart.o(.ARM.exidx.text.usart_irda_lowpower_config), (8 bytes).
    Removing gd32f10x_usart.o(.text.usart_hardware_flow_rts_config), (12 bytes).
    Removing gd32f10x_usart.o(.ARM.exidx.text.usart_hardware_flow_rts_config), (8 bytes).
    Removing gd32f10x_usart.o(.text.usart_hardware_flow_cts_config), (12 bytes).
    Removing gd32f10x_usart.o(.ARM.exidx.text.usart_hardware_flow_cts_config), (8 bytes).
    Removing gd32f10x_usart.o(.text.usart_dma_receive_config), (12 bytes).
    Removing gd32f10x_usart.o(.ARM.exidx.text.usart_dma_receive_config), (8 bytes).
    Removing gd32f10x_usart.o(.text.usart_dma_transmit_config), (12 bytes).
    Removing gd32f10x_usart.o(.ARM.exidx.text.usart_dma_transmit_config), (8 bytes).
    Removing gd32f10x_usart.o(.text.usart_flag_get), (16 bytes).
    Removing gd32f10x_usart.o(.ARM.exidx.text.usart_flag_get), (8 bytes).
    Removing gd32f10x_usart.o(.text.usart_flag_clear), (24 bytes).
    Removing gd32f10x_usart.o(.ARM.exidx.text.usart_flag_clear), (8 bytes).
    Removing gd32f10x_usart.o(.text.usart_interrupt_enable), (24 bytes).
    Removing gd32f10x_usart.o(.ARM.exidx.text.usart_interrupt_enable), (8 bytes).
    Removing gd32f10x_usart.o(.text.usart_interrupt_disable), (26 bytes).
    Removing gd32f10x_usart.o(.ARM.exidx.text.usart_interrupt_disable), (8 bytes).
    Removing gd32f10x_usart.o(.text.usart_interrupt_flag_get), (34 bytes).
    Removing gd32f10x_usart.o(.ARM.exidx.text.usart_interrupt_flag_get), (8 bytes).
    Removing gd32f10x_usart.o(.text.usart_interrupt_flag_clear), (24 bytes).
    Removing gd32f10x_usart.o(.ARM.exidx.text.usart_interrupt_flag_clear), (8 bytes).
    Removing system_gd32f10x.o(.text), (0 bytes).
    Removing system_gd32f10x.o(.ARM.exidx.text.SystemInit), (8 bytes).
    Removing system_gd32f10x.o(.ARM.exidx.text.system_clock_config), (8 bytes).
    Removing system_gd32f10x.o(.text.SystemCoreClockUpdate), (188 bytes).
    Removing system_gd32f10x.o(.ARM.exidx.text.SystemCoreClockUpdate), (8 bytes).
    Removing system_gd32f10x.o(.ARM.exidx.text.system_clock_108m_hxtal), (8 bytes).
    Removing system_gd32f10x.o(.data.SystemCoreClock), (4 bytes).

602 unused section(s) (total 86325 bytes) removed from the image.

==============================================================================

Image Symbol Table

    Local Symbols

    Symbol Name                              Value     Ov Type        Size  Object(Section)

    ../clib/angel/boardlib.s                 0x00000000   Number         0  boardinit1.o ABSOLUTE
    ../clib/angel/boardlib.s                 0x00000000   Number         0  boardinit2.o ABSOLUTE
    ../clib/angel/boardlib.s                 0x00000000   Number         0  boardinit3.o ABSOLUTE
    ../clib/angel/boardlib.s                 0x00000000   Number         0  boardshut.o ABSOLUTE
    ../clib/angel/handlers.s                 0x00000000   Number         0  __scatter_zi.o ABSOLUTE
    ../clib/angel/kernel.s                   0x00000000   Number         0  __rtentry.o ABSOLUTE
    ../clib/angel/kernel.s                   0x00000000   Number         0  __rtentry2.o ABSOLUTE
    ../clib/angel/kernel.s                   0x00000000   Number         0  __rtentry4.o ABSOLUTE
    ../clib/angel/kernel.s                   0x00000000   Number         0  rtexit.o ABSOLUTE
    ../clib/angel/kernel.s                   0x00000000   Number         0  rtexit2.o ABSOLUTE
    ../clib/angel/rt.s                       0x00000000   Number         0  aeabi_ldiv0.o ABSOLUTE
    ../clib/angel/rt.s                       0x00000000   Number         0  aeabi_ldiv0_sigfpe.o ABSOLUTE
    ../clib/angel/rt.s                       0x00000000   Number         0  rt_div0.o ABSOLUTE
    ../clib/angel/rt.s                       0x00000000   Number         0  rt_raise.o ABSOLUTE
    ../clib/angel/scatter.s                  0x00000000   Number         0  __scatter.o ABSOLUTE
    ../clib/angel/startup.s                  0x00000000   Number         0  __main.o ABSOLUTE
    ../clib/angel/sys.s                      0x00000000   Number         0  sys_stackheap_outer.o ABSOLUTE
    ../clib/angel/sys.s                      0x00000000   Number         0  libspace.o ABSOLUTE
    ../clib/angel/sys.s                      0x00000000   Number         0  use_no_semi.o ABSOLUTE
    ../clib/angel/sys.s                      0x00000000   Number         0  indicate_semi.o ABSOLUTE
    ../clib/angel/sysapp.c                   0x00000000   Number         0  sys_exit.o ABSOLUTE
    ../clib/angel/sysapp.c                   0x00000000   Number         0  sys_exit_hlt.o ABSOLUTE
    ../clib/angel/sysapp.c                   0x00000000   Number         0  sys_wrch.o ABSOLUTE
    ../clib/angel/sysapp.c                   0x00000000   Number         0  sys_wrch_hlt.o ABSOLUTE
    ../clib/angel/sysapp.c                   0x00000000   Number         0  sys_command.o ABSOLUTE
    ../clib/angel/sysapp.c                   0x00000000   Number         0  sys_command_hlt.o ABSOLUTE
    ../clib/armsys.c                         0x00000000   Number         0  argv_veneer.o ABSOLUTE
    ../clib/armsys.c                         0x00000000   Number         0  argv_veneer.o ABSOLUTE
    ../clib/armsys.c                         0x00000000   Number         0  _get_argv_nomalloc.o ABSOLUTE
    ../clib/armsys.c                         0x00000000   Number         0  no_argv.o ABSOLUTE
    ../clib/heapalloc.c                      0x00000000   Number         0  hrguard.o ABSOLUTE
    ../clib/heapaux.c                        0x00000000   Number         0  heapauxi.o ABSOLUTE
    ../clib/libinit.s                        0x00000000   Number         0  libinit.o ABSOLUTE
    ../clib/libinit.s                        0x00000000   Number         0  libinit2.o ABSOLUTE
    ../clib/libinit.s                        0x00000000   Number         0  libshutdown.o ABSOLUTE
    ../clib/libinit.s                        0x00000000   Number         0  libshutdown2.o ABSOLUTE
    ../clib/longlong.s                       0x00000000   Number         0  lludivv7m.o ABSOLUTE
    ../clib/memcpset.s                       0x00000000   Number         0  aeabi_memset.o ABSOLUTE
    ../clib/memcpset.s                       0x00000000   Number         0  rt_memclr.o ABSOLUTE
    ../clib/memcpset.s                       0x00000000   Number         0  rt_memclr_w.o ABSOLUTE
    ../clib/signal.c                         0x00000000   Number         0  defsig_fpe_outer.o ABSOLUTE
    ../clib/signal.c                         0x00000000   Number         0  defsig_fpe_formal.o ABSOLUTE
    ../clib/signal.c                         0x00000000   Number         0  defsig_exit.o ABSOLUTE
    ../clib/signal.c                         0x00000000   Number         0  defsig_fpe_inner.o ABSOLUTE
    ../clib/signal.c                         0x00000000   Number         0  __raise.o ABSOLUTE
    ../clib/signal.c                         0x00000000   Number         0  defsig_general.o ABSOLUTE
    ../clib/signal.c                         0x00000000   Number         0  defsig_abrt_inner.o ABSOLUTE
    ../clib/signal.c                         0x00000000   Number         0  defsig_rtred_inner.o ABSOLUTE
    ../clib/signal.c                         0x00000000   Number         0  defsig_rtmem_inner.o ABSOLUTE
    ../clib/signal.c                         0x00000000   Number         0  defsig_rtmem_outer.o ABSOLUTE
    ../clib/signal.c                         0x00000000   Number         0  defsig_rtmem_formal.o ABSOLUTE
    ../clib/signal.c                         0x00000000   Number         0  defsig_stak_inner.o ABSOLUTE
    ../clib/signal.c                         0x00000000   Number         0  defsig_pvfn_inner.o ABSOLUTE
    ../clib/signal.c                         0x00000000   Number         0  defsig_cppl_inner.o ABSOLUTE
    ../clib/signal.c                         0x00000000   Number         0  defsig_segv_inner.o ABSOLUTE
    ../clib/signal.c                         0x00000000   Number         0  defsig_other.o ABSOLUTE
    ../clib/signal.s                         0x00000000   Number         0  defsig.o ABSOLUTE
    ../clib/stdlib.c                         0x00000000   Number         0  exit.o ABSOLUTE
    ../fplib/fpinit.s                        0x00000000   Number         0  fpinit.o ABSOLUTE
    ../fplib/fpinit_empty.s                  0x00000000   Number         0  fpinit_empty.o ABSOLUTE
    RTE/Device/GD32F105VC/startup_gd32f10x_cl.s 0x00000000   Number         0  startup_gd32f10x_cl.o ABSOLUTE
    dc.s                                     0x00000000   Number         0  dc.o ABSOLUTE
    diskio.c                                 0x00000000   Number         0  diskio.o ABSOLUTE
    fattime.c                                0x00000000   Number         0  fattime.o ABSOLUTE
    ff.c                                     0x00000000   Number         0  ff.o ABSOLUTE
    ff_gen_drv.c                             0x00000000   Number         0  ff_gen_drv.o ABSOLUTE
    ffsystem.c                               0x00000000   Number         0  ffsystem.o ABSOLUTE
    ffunicode.c                              0x00000000   Number         0  ffunicode.o ABSOLUTE
    gd32f10x_dma.c                           0x00000000   Number         0  gd32f10x_dma.o ABSOLUTE
    gd32f10x_gpio.c                          0x00000000   Number         0  gd32f10x_gpio.o ABSOLUTE
    gd32f10x_misc.c                          0x00000000   Number         0  gd32f10x_misc.o ABSOLUTE
    gd32f10x_pmu.c                           0x00000000   Number         0  gd32f10x_pmu.o ABSOLUTE
    gd32f10x_rcu.c                           0x00000000   Number         0  gd32f10x_rcu.o ABSOLUTE
    gd32f10x_sdio.c                          0x00000000   Number         0  gd32f10x_sdio.o ABSOLUTE
    gd32f10x_usart.c                         0x00000000   Number         0  gd32f10x_usart.o ABSOLUTE
    main.c                                   0x00000000   Number         0  main.o ABSOLUTE
    system_gd32f10x.c                        0x00000000   Number         0  system_gd32f10x.o ABSOLUTE
    RESET                                    0x08000000   Section      336  startup_gd32f10x_cl.o(RESET)
    !!!main                                  0x08000150   Section        8  __main.o(!!!main)
    !!!scatter                               0x08000158   Section       52  __scatter.o(!!!scatter)
    !!handler_zi                             0x0800018c   Section       28  __scatter_zi.o(!!handler_zi)
    .ARM.Collect$$libinit$$00000000          0x080001a8   Section        2  libinit.o(.ARM.Collect$$libinit$$00000000)
    .ARM.Collect$$libinit$$00000002          0x080001aa   Section        0  libinit2.o(.ARM.Collect$$libinit$$00000002)
    .ARM.Collect$$libinit$$00000004          0x080001aa   Section        0  libinit2.o(.ARM.Collect$$libinit$$00000004)
    .ARM.Collect$$libinit$$0000000A          0x080001aa   Section        0  libinit2.o(.ARM.Collect$$libinit$$0000000A)
    .ARM.Collect$$libinit$$0000000C          0x080001aa   Section        0  libinit2.o(.ARM.Collect$$libinit$$0000000C)
    .ARM.Collect$$libinit$$0000000E          0x080001aa   Section        0  libinit2.o(.ARM.Collect$$libinit$$0000000E)
    .ARM.Collect$$libinit$$00000011          0x080001aa   Section        0  libinit2.o(.ARM.Collect$$libinit$$00000011)
    .ARM.Collect$$libinit$$00000013          0x080001aa   Section        0  libinit2.o(.ARM.Collect$$libinit$$00000013)
    .ARM.Collect$$libinit$$00000015          0x080001aa   Section        0  libinit2.o(.ARM.Collect$$libinit$$00000015)
    .ARM.Collect$$libinit$$00000017          0x080001aa   Section        0  libinit2.o(.ARM.Collect$$libinit$$00000017)
    .ARM.Collect$$libinit$$00000019          0x080001aa   Section        0  libinit2.o(.ARM.Collect$$libinit$$00000019)
    .ARM.Collect$$libinit$$0000001B          0x080001aa   Section        0  libinit2.o(.ARM.Collect$$libinit$$0000001B)
    .ARM.Collect$$libinit$$0000001D          0x080001aa   Section        0  libinit2.o(.ARM.Collect$$libinit$$0000001D)
    .ARM.Collect$$libinit$$0000001F          0x080001aa   Section        0  libinit2.o(.ARM.Collect$$libinit$$0000001F)
    .ARM.Collect$$libinit$$00000021          0x080001aa   Section        0  libinit2.o(.ARM.Collect$$libinit$$00000021)
    .ARM.Collect$$libinit$$00000023          0x080001aa   Section        0  libinit2.o(.ARM.Collect$$libinit$$00000023)
    .ARM.Collect$$libinit$$00000025          0x080001aa   Section        0  libinit2.o(.ARM.Collect$$libinit$$00000025)
    .ARM.Collect$$libinit$$0000002C          0x080001aa   Section        0  libinit2.o(.ARM.Collect$$libinit$$0000002C)
    .ARM.Collect$$libinit$$0000002E          0x080001aa   Section        0  libinit2.o(.ARM.Collect$$libinit$$0000002E)
    .ARM.Collect$$libinit$$00000030          0x080001aa   Section        0  libinit2.o(.ARM.Collect$$libinit$$00000030)
    .ARM.Collect$$libinit$$00000032          0x080001aa   Section        0  libinit2.o(.ARM.Collect$$libinit$$00000032)
    .ARM.Collect$$libinit$$00000033          0x080001aa   Section        2  libinit2.o(.ARM.Collect$$libinit$$00000033)
    .ARM.Collect$$libshutdown$$00000000      0x080001ac   Section        2  libshutdown.o(.ARM.Collect$$libshutdown$$00000000)
    .ARM.Collect$$libshutdown$$00000002      0x080001ae   Section        0  libshutdown2.o(.ARM.Collect$$libshutdown$$00000002)
    .ARM.Collect$$libshutdown$$00000004      0x080001ae   Section        0  libshutdown2.o(.ARM.Collect$$libshutdown$$00000004)
    .ARM.Collect$$libshutdown$$00000007      0x080001ae   Section        0  libshutdown2.o(.ARM.Collect$$libshutdown$$00000007)
    .ARM.Collect$$libshutdown$$0000000A      0x080001ae   Section        0  libshutdown2.o(.ARM.Collect$$libshutdown$$0000000A)
    .ARM.Collect$$libshutdown$$0000000C      0x080001ae   Section        0  libshutdown2.o(.ARM.Collect$$libshutdown$$0000000C)
    .ARM.Collect$$libshutdown$$0000000F      0x080001ae   Section        0  libshutdown2.o(.ARM.Collect$$libshutdown$$0000000F)
    .ARM.Collect$$libshutdown$$00000010      0x080001ae   Section        2  libshutdown2.o(.ARM.Collect$$libshutdown$$00000010)
    .ARM.Collect$$rtentry$$00000000          0x080001b0   Section        0  __rtentry.o(.ARM.Collect$$rtentry$$00000000)
    .ARM.Collect$$rtentry$$00000002          0x080001b0   Section        0  __rtentry2.o(.ARM.Collect$$rtentry$$00000002)
    .ARM.Collect$$rtentry$$00000004          0x080001b0   Section        6  __rtentry4.o(.ARM.Collect$$rtentry$$00000004)
    .ARM.Collect$$rtentry$$00000009          0x080001b6   Section        0  __rtentry2.o(.ARM.Collect$$rtentry$$00000009)
    .ARM.Collect$$rtentry$$0000000A          0x080001b6   Section        4  __rtentry2.o(.ARM.Collect$$rtentry$$0000000A)
    .ARM.Collect$$rtentry$$0000000C          0x080001ba   Section        0  __rtentry2.o(.ARM.Collect$$rtentry$$0000000C)
    .ARM.Collect$$rtentry$$0000000D          0x080001ba   Section        8  __rtentry2.o(.ARM.Collect$$rtentry$$0000000D)
    .ARM.Collect$$rtexit$$00000000           0x080001c2   Section        2  rtexit.o(.ARM.Collect$$rtexit$$00000000)
    .ARM.Collect$$rtexit$$00000002           0x080001c4   Section        0  rtexit2.o(.ARM.Collect$$rtexit$$00000002)
    .ARM.Collect$$rtexit$$00000003           0x080001c4   Section        4  rtexit2.o(.ARM.Collect$$rtexit$$00000003)
    .ARM.Collect$$rtexit$$00000004           0x080001c8   Section        6  rtexit2.o(.ARM.Collect$$rtexit$$00000004)
    .text                                    0x080001d0   Section       64  startup_gd32f10x_cl.o(.text)
    .text                                    0x08000210   Section        0  heapauxi.o(.text)
    .text                                    0x08000216   Section       74  sys_stackheap_outer.o(.text)
    .text                                    0x08000260   Section        0  exit.o(.text)
    .text                                    0x08000274   Section        8  libspace.o(.text)
    .text                                    0x0800027c   Section        0  sys_exit.o(.text)
    .text                                    0x08000288   Section        2  use_no_semi.o(.text)
    .text                                    0x0800028a   Section        0  indicate_semi.o(.text)
    [Anonymous Symbol]                       0x0800028c   Section        0  system_gd32f10x.o(.text.SystemInit)
    [Anonymous Symbol]                       0x080002e8   Section        0  main.o(.text.main)
    system_clock_108m_hxtal                  0x080002ed   Thumb Code   188  system_gd32f10x.o(.text.system_clock_108m_hxtal)
    [Anonymous Symbol]                       0x080002ec   Section        0  system_gd32f10x.o(.text.system_clock_108m_hxtal)
    system_clock_config                      0x080003a9   Thumb Code     8  system_gd32f10x.o(.text.system_clock_config)
    [Anonymous Symbol]                       0x080003a8   Section        0  system_gd32f10x.o(.text.system_clock_config)
    .bss                                     0x20000000   Section       96  libspace.o(.bss)
    Heap_Mem                                 0x20000060   Data        8192  startup_gd32f10x_cl.o(HEAP)
    HEAP                                     0x20000060   Section     8192  startup_gd32f10x_cl.o(HEAP)
    Stack_Mem                                0x20002060   Data        8192  startup_gd32f10x_cl.o(STACK)
    STACK                                    0x20002060   Section     8192  startup_gd32f10x_cl.o(STACK)
    __initial_sp                             0x20004060   Data           0  startup_gd32f10x_cl.o(STACK)

    Global Symbols

    Symbol Name                              Value     Ov Type        Size  Object(Section)

    BuildAttributes$$THM_ISAv4$P$D$K$B$S$PE$A:L22UL41UL21$X:L11$S22US41US21$IEEE1$IW$~IW$USESV6$~STKCKD$USESV7$~SHL$OTIME$ROPI$EBA8$UX$STANDARDLIB$REQ8$PRES8$EABIv2 0x00000000   Number         0  anon$$obj.o ABSOLUTE
    __fp_init_empty                          0x00000000   Number         0  fpinit_empty.o ABSOLUTE
    __ARM_exceptions_init                     - Undefined Weak Reference
    __alloca_initialize                       - Undefined Weak Reference
    __arm_preinit_                            - Undefined Weak Reference
    __cpp_initialize__aeabi_                  - Undefined Weak Reference
    __cxa_finalize                            - Undefined Weak Reference
    __rt_locale                               - Undefined Weak Reference
    __sigvec_lookup                           - Undefined Weak Reference
    _atexit_init                              - Undefined Weak Reference
    _call_atexit_fns                          - Undefined Weak Reference
    _clock_init                               - Undefined Weak Reference
    _fp_trap_init                             - Undefined Weak Reference
    _fp_trap_shutdown                         - Undefined Weak Reference
    _get_lc_collate                           - Undefined Weak Reference
    _get_lc_ctype                             - Undefined Weak Reference
    _get_lc_monetary                          - Undefined Weak Reference
    _get_lc_numeric                           - Undefined Weak Reference
    _get_lc_time                              - Undefined Weak Reference
    _getenv_init                              - Undefined Weak Reference
    _handle_redirection                       - Undefined Weak Reference
    _init_alloc                               - Undefined Weak Reference
    _init_user_alloc                          - Undefined Weak Reference
    _initio                                   - Undefined Weak Reference
    _rand_init                                - Undefined Weak Reference
    _signal_finish                            - Undefined Weak Reference
    _signal_init                              - Undefined Weak Reference
    _terminate_alloc                          - Undefined Weak Reference
    _terminate_user_alloc                     - Undefined Weak Reference
    _terminateio                              - Undefined Weak Reference
    __Vectors_Size                           0x00000150   Number         0  startup_gd32f10x_cl.o ABSOLUTE
    __Vectors                                0x08000000   Data           4  startup_gd32f10x_cl.o(RESET)
    __Vectors_End                            0x08000150   Data           0  startup_gd32f10x_cl.o(RESET)
    __main                                   0x08000151   Thumb Code     8  __main.o(!!!main)
    __scatterload                            0x08000159   Thumb Code     0  __scatter.o(!!!scatter)
    __scatterload_rt2                        0x08000159   Thumb Code    44  __scatter.o(!!!scatter)
    __scatterload_rt2_thumb_only             0x08000159   Thumb Code     0  __scatter.o(!!!scatter)
    __scatterload_null                       0x08000167   Thumb Code     0  __scatter.o(!!!scatter)
    __scatterload_zeroinit                   0x0800018d   Thumb Code    28  __scatter_zi.o(!!handler_zi)
    __rt_lib_init                            0x080001a9   Thumb Code     0  libinit.o(.ARM.Collect$$libinit$$00000000)
    __rt_lib_init_alloca_1                   0x080001ab   Thumb Code     0  libinit2.o(.ARM.Collect$$libinit$$0000002E)
    __rt_lib_init_argv_1                     0x080001ab   Thumb Code     0  libinit2.o(.ARM.Collect$$libinit$$0000002C)
    __rt_lib_init_atexit_1                   0x080001ab   Thumb Code     0  libinit2.o(.ARM.Collect$$libinit$$0000001B)
    __rt_lib_init_clock_1                    0x080001ab   Thumb Code     0  libinit2.o(.ARM.Collect$$libinit$$00000021)
    __rt_lib_init_cpp_1                      0x080001ab   Thumb Code     0  libinit2.o(.ARM.Collect$$libinit$$00000032)
    __rt_lib_init_exceptions_1               0x080001ab   Thumb Code     0  libinit2.o(.ARM.Collect$$libinit$$00000030)
    __rt_lib_init_fp_1                       0x080001ab   Thumb Code     0  libinit2.o(.ARM.Collect$$libinit$$00000002)
    __rt_lib_init_fp_trap_1                  0x080001ab   Thumb Code     0  libinit2.o(.ARM.Collect$$libinit$$0000001F)
    __rt_lib_init_getenv_1                   0x080001ab   Thumb Code     0  libinit2.o(.ARM.Collect$$libinit$$00000023)
    __rt_lib_init_heap_1                     0x080001ab   Thumb Code     0  libinit2.o(.ARM.Collect$$libinit$$0000000A)
    __rt_lib_init_lc_collate_1               0x080001ab   Thumb Code     0  libinit2.o(.ARM.Collect$$libinit$$00000011)
    __rt_lib_init_lc_ctype_1                 0x080001ab   Thumb Code     0  libinit2.o(.ARM.Collect$$libinit$$00000013)
    __rt_lib_init_lc_monetary_1              0x080001ab   Thumb Code     0  libinit2.o(.ARM.Collect$$libinit$$00000015)
    __rt_lib_init_lc_numeric_1               0x080001ab   Thumb Code     0  libinit2.o(.ARM.Collect$$libinit$$00000017)
    __rt_lib_init_lc_time_1                  0x080001ab   Thumb Code     0  libinit2.o(.ARM.Collect$$libinit$$00000019)
    __rt_lib_init_preinit_1                  0x080001ab   Thumb Code     0  libinit2.o(.ARM.Collect$$libinit$$00000004)
    __rt_lib_init_rand_1                     0x080001ab   Thumb Code     0  libinit2.o(.ARM.Collect$$libinit$$0000000E)
    __rt_lib_init_return                     0x080001ab   Thumb Code     0  libinit2.o(.ARM.Collect$$libinit$$00000033)
    __rt_lib_init_signal_1                   0x080001ab   Thumb Code     0  libinit2.o(.ARM.Collect$$libinit$$0000001D)
    __rt_lib_init_stdio_1                    0x080001ab   Thumb Code     0  libinit2.o(.ARM.Collect$$libinit$$00000025)
    __rt_lib_init_user_alloc_1               0x080001ab   Thumb Code     0  libinit2.o(.ARM.Collect$$libinit$$0000000C)
    __rt_lib_shutdown                        0x080001ad   Thumb Code     0  libshutdown.o(.ARM.Collect$$libshutdown$$00000000)
    __rt_lib_shutdown_cpp_1                  0x080001af   Thumb Code     0  libshutdown2.o(.ARM.Collect$$libshutdown$$00000002)
    __rt_lib_shutdown_fp_trap_1              0x080001af   Thumb Code     0  libshutdown2.o(.ARM.Collect$$libshutdown$$00000007)
    __rt_lib_shutdown_heap_1                 0x080001af   Thumb Code     0  libshutdown2.o(.ARM.Collect$$libshutdown$$0000000F)
    __rt_lib_shutdown_return                 0x080001af   Thumb Code     0  libshutdown2.o(.ARM.Collect$$libshutdown$$00000010)
    __rt_lib_shutdown_signal_1               0x080001af   Thumb Code     0  libshutdown2.o(.ARM.Collect$$libshutdown$$0000000A)
    __rt_lib_shutdown_stdio_1                0x080001af   Thumb Code     0  libshutdown2.o(.ARM.Collect$$libshutdown$$00000004)
    __rt_lib_shutdown_user_alloc_1           0x080001af   Thumb Code     0  libshutdown2.o(.ARM.Collect$$libshutdown$$0000000C)
    __rt_entry                               0x080001b1   Thumb Code     0  __rtentry.o(.ARM.Collect$$rtentry$$00000000)
    __rt_entry_presh_1                       0x080001b1   Thumb Code     0  __rtentry2.o(.ARM.Collect$$rtentry$$00000002)
    __rt_entry_sh                            0x080001b1   Thumb Code     0  __rtentry4.o(.ARM.Collect$$rtentry$$00000004)
    __rt_entry_li                            0x080001b7   Thumb Code     0  __rtentry2.o(.ARM.Collect$$rtentry$$0000000A)
    __rt_entry_postsh_1                      0x080001b7   Thumb Code     0  __rtentry2.o(.ARM.Collect$$rtentry$$00000009)
    __rt_entry_main                          0x080001bb   Thumb Code     0  __rtentry2.o(.ARM.Collect$$rtentry$$0000000D)
    __rt_entry_postli_1                      0x080001bb   Thumb Code     0  __rtentry2.o(.ARM.Collect$$rtentry$$0000000C)
    __rt_exit                                0x080001c3   Thumb Code     0  rtexit.o(.ARM.Collect$$rtexit$$00000000)
    __rt_exit_ls                             0x080001c5   Thumb Code     0  rtexit2.o(.ARM.Collect$$rtexit$$00000003)
    __rt_exit_prels_1                        0x080001c5   Thumb Code     0  rtexit2.o(.ARM.Collect$$rtexit$$00000002)
    __rt_exit_exit                           0x080001c9   Thumb Code     0  rtexit2.o(.ARM.Collect$$rtexit$$00000004)
    Reset_Handler                            0x080001d1   Thumb Code     8  startup_gd32f10x_cl.o(.text)
    NMI_Handler                              0x080001d9   Thumb Code     2  startup_gd32f10x_cl.o(.text)
    HardFault_Handler                        0x080001db   Thumb Code     2  startup_gd32f10x_cl.o(.text)
    MemManage_Handler                        0x080001dd   Thumb Code     2  startup_gd32f10x_cl.o(.text)
    BusFault_Handler                         0x080001df   Thumb Code     2  startup_gd32f10x_cl.o(.text)
    UsageFault_Handler                       0x080001e1   Thumb Code     2  startup_gd32f10x_cl.o(.text)
    SVC_Handler                              0x080001e3   Thumb Code     2  startup_gd32f10x_cl.o(.text)
    DebugMon_Handler                         0x080001e5   Thumb Code     2  startup_gd32f10x_cl.o(.text)
    PendSV_Handler                           0x080001e7   Thumb Code     2  startup_gd32f10x_cl.o(.text)
    SysTick_Handler                          0x080001e9   Thumb Code     2  startup_gd32f10x_cl.o(.text)
    ADC0_1_IRQHandler                        0x080001eb   Thumb Code     0  startup_gd32f10x_cl.o(.text)
    CAN0_EWMC_IRQHandler                     0x080001eb   Thumb Code     0  startup_gd32f10x_cl.o(.text)
    CAN0_RX0_IRQHandler                      0x080001eb   Thumb Code     0  startup_gd32f10x_cl.o(.text)
    CAN0_RX1_IRQHandler                      0x080001eb   Thumb Code     0  startup_gd32f10x_cl.o(.text)
    CAN0_TX_IRQHandler                       0x080001eb   Thumb Code     0  startup_gd32f10x_cl.o(.text)
    CAN1_EWMC_IRQHandler                     0x080001eb   Thumb Code     0  startup_gd32f10x_cl.o(.text)
    CAN1_RX0_IRQHandler                      0x080001eb   Thumb Code     0  startup_gd32f10x_cl.o(.text)
    CAN1_RX1_IRQHandler                      0x080001eb   Thumb Code     0  startup_gd32f10x_cl.o(.text)
    CAN1_TX_IRQHandler                       0x080001eb   Thumb Code     0  startup_gd32f10x_cl.o(.text)
    DMA0_Channel0_IRQHandler                 0x080001eb   Thumb Code     0  startup_gd32f10x_cl.o(.text)
    DMA0_Channel1_IRQHandler                 0x080001eb   Thumb Code     0  startup_gd32f10x_cl.o(.text)
    DMA0_Channel2_IRQHandler                 0x080001eb   Thumb Code     0  startup_gd32f10x_cl.o(.text)
    DMA0_Channel3_IRQHandler                 0x080001eb   Thumb Code     0  startup_gd32f10x_cl.o(.text)
    DMA0_Channel4_IRQHandler                 0x080001eb   Thumb Code     0  startup_gd32f10x_cl.o(.text)
    DMA0_Channel5_IRQHandler                 0x080001eb   Thumb Code     0  startup_gd32f10x_cl.o(.text)
    DMA0_Channel6_IRQHandler                 0x080001eb   Thumb Code     0  startup_gd32f10x_cl.o(.text)
    DMA1_Channel0_IRQHandler                 0x080001eb   Thumb Code     0  startup_gd32f10x_cl.o(.text)
    DMA1_Channel1_IRQHandler                 0x080001eb   Thumb Code     0  startup_gd32f10x_cl.o(.text)
    DMA1_Channel2_IRQHandler                 0x080001eb   Thumb Code     0  startup_gd32f10x_cl.o(.text)
    DMA1_Channel3_IRQHandler                 0x080001eb   Thumb Code     0  startup_gd32f10x_cl.o(.text)
    DMA1_Channel4_IRQHandler                 0x080001eb   Thumb Code     0  startup_gd32f10x_cl.o(.text)
    ENET_IRQHandler                          0x080001eb   Thumb Code     0  startup_gd32f10x_cl.o(.text)
    ENET_WKUP_IRQHandler                     0x080001eb   Thumb Code     0  startup_gd32f10x_cl.o(.text)
    EXMC_IRQHandler                          0x080001eb   Thumb Code     0  startup_gd32f10x_cl.o(.text)
    EXTI0_IRQHandler                         0x080001eb   Thumb Code     0  startup_gd32f10x_cl.o(.text)
    EXTI10_15_IRQHandler                     0x080001eb   Thumb Code     0  startup_gd32f10x_cl.o(.text)
    EXTI1_IRQHandler                         0x080001eb   Thumb Code     0  startup_gd32f10x_cl.o(.text)
    EXTI2_IRQHandler                         0x080001eb   Thumb Code     0  startup_gd32f10x_cl.o(.text)
    EXTI3_IRQHandler                         0x080001eb   Thumb Code     0  startup_gd32f10x_cl.o(.text)
    EXTI4_IRQHandler                         0x080001eb   Thumb Code     0  startup_gd32f10x_cl.o(.text)
    EXTI5_9_IRQHandler                       0x080001eb   Thumb Code     0  startup_gd32f10x_cl.o(.text)
    FMC_IRQHandler                           0x080001eb   Thumb Code     0  startup_gd32f10x_cl.o(.text)
    I2C0_ER_IRQHandler                       0x080001eb   Thumb Code     0  startup_gd32f10x_cl.o(.text)
    I2C0_EV_IRQHandler                       0x080001eb   Thumb Code     0  startup_gd32f10x_cl.o(.text)
    I2C1_ER_IRQHandler                       0x080001eb   Thumb Code     0  startup_gd32f10x_cl.o(.text)
    I2C1_EV_IRQHandler                       0x080001eb   Thumb Code     0  startup_gd32f10x_cl.o(.text)
    LVD_IRQHandler                           0x080001eb   Thumb Code     0  startup_gd32f10x_cl.o(.text)
    RCU_IRQHandler                           0x080001eb   Thumb Code     0  startup_gd32f10x_cl.o(.text)
    RTC_Alarm_IRQHandler                     0x080001eb   Thumb Code     0  startup_gd32f10x_cl.o(.text)
    RTC_IRQHandler                           0x080001eb   Thumb Code     0  startup_gd32f10x_cl.o(.text)
    SPI0_IRQHandler                          0x080001eb   Thumb Code     0  startup_gd32f10x_cl.o(.text)
    SPI1_IRQHandler                          0x080001eb   Thumb Code     0  startup_gd32f10x_cl.o(.text)
    SPI2_IRQHandler                          0x080001eb   Thumb Code     0  startup_gd32f10x_cl.o(.text)
    TAMPER_IRQHandler                        0x080001eb   Thumb Code     0  startup_gd32f10x_cl.o(.text)
    TIMER0_BRK_IRQHandler                    0x080001eb   Thumb Code     0  startup_gd32f10x_cl.o(.text)
    TIMER0_Channel_IRQHandler                0x080001eb   Thumb Code     0  startup_gd32f10x_cl.o(.text)
    TIMER0_TRG_CMT_IRQHandler                0x080001eb   Thumb Code     0  startup_gd32f10x_cl.o(.text)
    TIMER0_UP_IRQHandler                     0x080001eb   Thumb Code     0  startup_gd32f10x_cl.o(.text)
    TIMER1_IRQHandler                        0x080001eb   Thumb Code     0  startup_gd32f10x_cl.o(.text)
    TIMER2_IRQHandler                        0x080001eb   Thumb Code     0  startup_gd32f10x_cl.o(.text)
    TIMER3_IRQHandler                        0x080001eb   Thumb Code     0  startup_gd32f10x_cl.o(.text)
    TIMER4_IRQHandler                        0x080001eb   Thumb Code     0  startup_gd32f10x_cl.o(.text)
    TIMER5_IRQHandler                        0x080001eb   Thumb Code     0  startup_gd32f10x_cl.o(.text)
    TIMER6_IRQHandler                        0x080001eb   Thumb Code     0  startup_gd32f10x_cl.o(.text)
    TIMER7_BRK_IRQHandler                    0x080001eb   Thumb Code     0  startup_gd32f10x_cl.o(.text)
    TIMER7_Channel_IRQHandler                0x080001eb   Thumb Code     0  startup_gd32f10x_cl.o(.text)
    TIMER7_TRG_CMT_IRQHandler                0x080001eb   Thumb Code     0  startup_gd32f10x_cl.o(.text)
    TIMER7_UP_IRQHandler                     0x080001eb   Thumb Code     0  startup_gd32f10x_cl.o(.text)
    UART3_IRQHandler                         0x080001eb   Thumb Code     0  startup_gd32f10x_cl.o(.text)
    UART4_IRQHandler                         0x080001eb   Thumb Code     0  startup_gd32f10x_cl.o(.text)
    USART0_IRQHandler                        0x080001eb   Thumb Code     0  startup_gd32f10x_cl.o(.text)
    USART1_IRQHandler                        0x080001eb   Thumb Code     0  startup_gd32f10x_cl.o(.text)
    USART2_IRQHandler                        0x080001eb   Thumb Code     0  startup_gd32f10x_cl.o(.text)
    USBFS_IRQHandler                         0x080001eb   Thumb Code     0  startup_gd32f10x_cl.o(.text)
    USBFS_WKUP_IRQHandler                    0x080001eb   Thumb Code     0  startup_gd32f10x_cl.o(.text)
    WWDGT_IRQHandler                         0x080001eb   Thumb Code     0  startup_gd32f10x_cl.o(.text)
    __user_initial_stackheap                 0x080001ed   Thumb Code    10  startup_gd32f10x_cl.o(.text)
    __use_two_region_memory                  0x08000211   Thumb Code     2  heapauxi.o(.text)
    __rt_heap_escrow$2region                 0x08000213   Thumb Code     2  heapauxi.o(.text)
    __rt_heap_expand$2region                 0x08000215   Thumb Code     2  heapauxi.o(.text)
    __user_setup_stackheap                   0x08000217   Thumb Code    74  sys_stackheap_outer.o(.text)
    exit                                     0x08000261   Thumb Code    18  exit.o(.text)
    __user_libspace                          0x08000275   Thumb Code     8  libspace.o(.text)
    __user_perproc_libspace                  0x08000275   Thumb Code     0  libspace.o(.text)
    __user_perthread_libspace                0x08000275   Thumb Code     0  libspace.o(.text)
    _sys_exit                                0x0800027d   Thumb Code     8  sys_exit.o(.text)
    __I$use$semihosting                      0x08000289   Thumb Code     0  use_no_semi.o(.text)
    __use_no_semihosting_swi                 0x08000289   Thumb Code     2  use_no_semi.o(.text)
    __semihosting_library_function           0x0800028b   Thumb Code     0  indicate_semi.o(.text)
    SystemInit                               0x0800028d   Thumb Code    92  system_gd32f10x.o(.text.SystemInit)
    main                                     0x080002e9   Thumb Code     4  main.o(.text.main)
    Region$$Table$$Base                      0x080003b0   Number         0  anon$$obj.o(Region$$Table)
    Region$$Table$$Limit                     0x080003c0   Number         0  anon$$obj.o(Region$$Table)
    __libspace_start                         0x20000000   Data          96  libspace.o(.bss)
    __temporary_stack_top$libspace           0x20000060   Data           0  libspace.o(.bss)



==============================================================================

Memory Map of the image

  Image Entry point : 0x08000151

  Load Region LR_IROM1 (Base: 0x08000000, Size: 0x000003c0, Max: 0x00040000, ABSOLUTE)

    Execution Region ER_IROM1 (Exec base: 0x08000000, Load base: 0x08000000, Size: 0x000003c0, Max: 0x00040000, ABSOLUTE)

    Exec Addr    Load Addr    Size         Type   Attr      Idx    E Section Name        Object

    0x08000000   0x08000000   0x00000150   Data   RO          686    RESET               startup_gd32f10x_cl.o
    0x08000150   0x08000150   0x00000008   Code   RO          718  * !!!main             c_w.l(__main.o)
    0x08000158   0x08000158   0x00000034   Code   RO          895    !!!scatter          c_w.l(__scatter.o)
    0x0800018c   0x0800018c   0x0000001c   Code   RO          897    !!handler_zi        c_w.l(__scatter_zi.o)
    0x080001a8   0x080001a8   0x00000002   Code   RO          759    .ARM.Collect$$libinit$$00000000  c_w.l(libinit.o)
    0x080001aa   0x080001aa   0x00000000   Code   RO          772    .ARM.Collect$$libinit$$00000002  c_w.l(libinit2.o)
    0x080001aa   0x080001aa   0x00000000   Code   RO          774    .ARM.Collect$$libinit$$00000004  c_w.l(libinit2.o)
    0x080001aa   0x080001aa   0x00000000   Code   RO          777    .ARM.Collect$$libinit$$0000000A  c_w.l(libinit2.o)
    0x080001aa   0x080001aa   0x00000000   Code   RO          779    .ARM.Collect$$libinit$$0000000C  c_w.l(libinit2.o)
    0x080001aa   0x080001aa   0x00000000   Code   RO          781    .ARM.Collect$$libinit$$0000000E  c_w.l(libinit2.o)
    0x080001aa   0x080001aa   0x00000000   Code   RO          784    .ARM.Collect$$libinit$$00000011  c_w.l(libinit2.o)
    0x080001aa   0x080001aa   0x00000000   Code   RO          786    .ARM.Collect$$libinit$$00000013  c_w.l(libinit2.o)
    0x080001aa   0x080001aa   0x00000000   Code   RO          788    .ARM.Collect$$libinit$$00000015  c_w.l(libinit2.o)
    0x080001aa   0x080001aa   0x00000000   Code   RO          790    .ARM.Collect$$libinit$$00000017  c_w.l(libinit2.o)
    0x080001aa   0x080001aa   0x00000000   Code   RO          792    .ARM.Collect$$libinit$$00000019  c_w.l(libinit2.o)
    0x080001aa   0x080001aa   0x00000000   Code   RO          794    .ARM.Collect$$libinit$$0000001B  c_w.l(libinit2.o)
    0x080001aa   0x080001aa   0x00000000   Code   RO          796    .ARM.Collect$$libinit$$0000001D  c_w.l(libinit2.o)
    0x080001aa   0x080001aa   0x00000000   Code   RO          798    .ARM.Collect$$libinit$$0000001F  c_w.l(libinit2.o)
    0x080001aa   0x080001aa   0x00000000   Code   RO          800    .ARM.Collect$$libinit$$00000021  c_w.l(libinit2.o)
    0x080001aa   0x080001aa   0x00000000   Code   RO          802    .ARM.Collect$$libinit$$00000023  c_w.l(libinit2.o)
    0x080001aa   0x080001aa   0x00000000   Code   RO          804    .ARM.Collect$$libinit$$00000025  c_w.l(libinit2.o)
    0x080001aa   0x080001aa   0x00000000   Code   RO          808    .ARM.Collect$$libinit$$0000002C  c_w.l(libinit2.o)
    0x080001aa   0x080001aa   0x00000000   Code   RO          810    .ARM.Collect$$libinit$$0000002E  c_w.l(libinit2.o)
    0x080001aa   0x080001aa   0x00000000   Code   RO          812    .ARM.Collect$$libinit$$00000030  c_w.l(libinit2.o)
    0x080001aa   0x080001aa   0x00000000   Code   RO          814    .ARM.Collect$$libinit$$00000032  c_w.l(libinit2.o)
    0x080001aa   0x080001aa   0x00000002   Code   RO          815    .ARM.Collect$$libinit$$00000033  c_w.l(libinit2.o)
    0x080001ac   0x080001ac   0x00000002   Code   RO          850    .ARM.Collect$$libshutdown$$00000000  c_w.l(libshutdown.o)
    0x080001ae   0x080001ae   0x00000000   Code   RO          878    .ARM.Collect$$libshutdown$$00000002  c_w.l(libshutdown2.o)
    0x080001ae   0x080001ae   0x00000000   Code   RO          880    .ARM.Collect$$libshutdown$$00000004  c_w.l(libshutdown2.o)
    0x080001ae   0x080001ae   0x00000000   Code   RO          883    .ARM.Collect$$libshutdown$$00000007  c_w.l(libshutdown2.o)
    0x080001ae   0x080001ae   0x00000000   Code   RO          886    .ARM.Collect$$libshutdown$$0000000A  c_w.l(libshutdown2.o)
    0x080001ae   0x080001ae   0x00000000   Code   RO          888    .ARM.Collect$$libshutdown$$0000000C  c_w.l(libshutdown2.o)
    0x080001ae   0x080001ae   0x00000000   Code   RO          891    .ARM.Collect$$libshutdown$$0000000F  c_w.l(libshutdown2.o)
    0x080001ae   0x080001ae   0x00000002   Code   RO          892    .ARM.Collect$$libshutdown$$00000010  c_w.l(libshutdown2.o)
    0x080001b0   0x080001b0   0x00000000   Code   RO          720    .ARM.Collect$$rtentry$$00000000  c_w.l(__rtentry.o)
    0x080001b0   0x080001b0   0x00000000   Code   RO          728    .ARM.Collect$$rtentry$$00000002  c_w.l(__rtentry2.o)
    0x080001b0   0x080001b0   0x00000006   Code   RO          740    .ARM.Collect$$rtentry$$00000004  c_w.l(__rtentry4.o)
    0x080001b6   0x080001b6   0x00000000   Code   RO          730    .ARM.Collect$$rtentry$$00000009  c_w.l(__rtentry2.o)
    0x080001b6   0x080001b6   0x00000004   Code   RO          731    .ARM.Collect$$rtentry$$0000000A  c_w.l(__rtentry2.o)
    0x080001ba   0x080001ba   0x00000000   Code   RO          733    .ARM.Collect$$rtentry$$0000000C  c_w.l(__rtentry2.o)
    0x080001ba   0x080001ba   0x00000008   Code   RO          734    .ARM.Collect$$rtentry$$0000000D  c_w.l(__rtentry2.o)
    0x080001c2   0x080001c2   0x00000002   Code   RO          763    .ARM.Collect$$rtexit$$00000000  c_w.l(rtexit.o)
    0x080001c4   0x080001c4   0x00000000   Code   RO          821    .ARM.Collect$$rtexit$$00000002  c_w.l(rtexit2.o)
    0x080001c4   0x080001c4   0x00000004   Code   RO          822    .ARM.Collect$$rtexit$$00000003  c_w.l(rtexit2.o)
    0x080001c8   0x080001c8   0x00000006   Code   RO          823    .ARM.Collect$$rtexit$$00000004  c_w.l(rtexit2.o)
    0x080001ce   0x080001ce   0x00000002   PAD
    0x080001d0   0x080001d0   0x00000040   Code   RO          687    .text               startup_gd32f10x_cl.o
    0x08000210   0x08000210   0x00000006   Code   RO          716    .text               c_w.l(heapauxi.o)
    0x08000216   0x08000216   0x0000004a   Code   RO          746    .text               c_w.l(sys_stackheap_outer.o)
    0x08000260   0x08000260   0x00000012   Code   RO          748    .text               c_w.l(exit.o)
    0x08000272   0x08000272   0x00000002   PAD
    0x08000274   0x08000274   0x00000008   Code   RO          760    .text               c_w.l(libspace.o)
    0x0800027c   0x0800027c   0x0000000c   Code   RO          816    .text               c_w.l(sys_exit.o)
    0x08000288   0x08000288   0x00000002   Code   RO          839    .text               c_w.l(use_no_semi.o)
    0x0800028a   0x0800028a   0x00000000   Code   RO          841    .text               c_w.l(indicate_semi.o)
    0x0800028a   0x0800028a   0x00000002   PAD
    0x0800028c   0x0800028c   0x0000005c   Code   RO          694    .text.SystemInit    system_gd32f10x.o
    0x080002e8   0x080002e8   0x00000004   Code   RO            2    .text.main          main.o
    0x080002ec   0x080002ec   0x000000bc   Code   RO          700    .text.system_clock_108m_hxtal  system_gd32f10x.o
    0x080003a8   0x080003a8   0x00000008   Code   RO          696    .text.system_clock_config  system_gd32f10x.o
    0x080003b0   0x080003b0   0x00000010   Data   RO          894    Region$$Table       anon$$obj.o


    Execution Region RW_IRAM1 (Exec base: 0x20000000, Load base: 0x080003c0, Size: 0x00004060, Max: 0x00018000, ABSOLUTE)

    Exec Addr    Load Addr    Size         Type   Attr      Idx    E Section Name        Object

    0x20000000        -       0x00000060   Zero   RW          761    .bss                c_w.l(libspace.o)
    0x20000060        -       0x00002000   Zero   RW          685    HEAP                startup_gd32f10x_cl.o
    0x20002060        -       0x00002000   Zero   RW          684    STACK               startup_gd32f10x_cl.o


==============================================================================

Image component sizes


      Code (inc. data)   RO Data    RW Data    ZI Data      Debug   Object Name

         4          0          0          0          0        356   main.o
        64         26        336          0      16384        884   startup_gd32f10x_cl.o
       288          0          0          0          0       1845   system_gd32f10x.o

    ----------------------------------------------------------------------
       356         26        352          0      16384       3085   Object Totals
         0          0         16          0          0          0   (incl. Generated)
         0          0          0          0          0          0   (incl. Padding)

    ----------------------------------------------------------------------

      Code (inc. data)   RO Data    RW Data    ZI Data      Debug   Library Member Name

         8          0          0          0          0         68   __main.o
         0          0          0          0          0          0   __rtentry.o
        12          0          0          0          0          0   __rtentry2.o
         6          0          0          0          0          0   __rtentry4.o
        52          8          0          0          0          0   __scatter.o
        28          0          0          0          0          0   __scatter_zi.o
        18          0          0          0          0         80   exit.o
         6          0          0          0          0        152   heapauxi.o
         0          0          0          0          0          0   indicate_semi.o
         2          0          0          0          0          0   libinit.o
         2          0          0          0          0          0   libinit2.o
         2          0          0          0          0          0   libshutdown.o
         2          0          0          0          0          0   libshutdown2.o
         8          4          0          0         96         68   libspace.o
         2          0          0          0          0          0   rtexit.o
        10          0          0          0          0          0   rtexit2.o
        12          4          0          0          0         68   sys_exit.o
        74          0          0          0          0         80   sys_stackheap_outer.o
         2          0          0          0          0         68   use_no_semi.o

    ----------------------------------------------------------------------
       252         16          0          0         96        584   Library Totals
         6          0          0          0          0          0   (incl. Padding)

    ----------------------------------------------------------------------

      Code (inc. data)   RO Data    RW Data    ZI Data      Debug   Library Name

       246         16          0          0         96        584   c_w.l

    ----------------------------------------------------------------------
       252         16          0          0         96        584   Library Totals

    ----------------------------------------------------------------------

==============================================================================


      Code (inc. data)   RO Data    RW Data    ZI Data      Debug   

       608         42        352          0      16480       3473   Grand Totals
       608         42        352          0      16480       3473   ELF Image Totals
       608         42        352          0          0          0   ROM Totals

==============================================================================

    Total RO  Size (Code + RO Data)                  960 (   0.94kB)
    Total RW  Size (RW Data + ZI Data)             16480 (  16.09kB)
    Total ROM Size (Code + RO Data + RW Data)        960 (   0.94kB)

==============================================================================

