<html>
<body>
<pre>
<h1>µVision Build Log</h1>
<h2>Tool Versions:</h2>
IDE-Version: £gVision V5.36.0.0
Copyright (C) 2021 ARM Ltd and ARM Germany GmbH. All rights reserved.
License Information: a a, a, LIC=X1E4T-RYK1Q-LVC1I-TN6H0-ASN4U-V4Y4H
 
Tool Versions:
Toolchain:       MDK-ARM Professional  Version: 5.36.0.0
Toolchain Path:  C:\keil_V5\ARM\ARMCC\Bin
C Compiler:      Armcc.exe V5.06 update 7 (build 960)
Assembler:       Armasm.exe V5.06 update 7 (build 960)
Linker/Locator:  ArmLink.exe V5.06 update 7 (build 960)
Library Manager: ArmAr.exe V5.06 update 7 (build 960)
Hex Converter:   FromElf.exe V5.06 update 7 (build 960)
CPU DLL:         SARMCM3.DLL V5.36.0.0
Dialog DLL:      DCM.DLL V1.17.3.0
Target DLL:      CMSIS_AGDI.dll V1.33.0.0
Dialog DLL:      TCM.DLL V1.53.0.0
 
<h2>Project:</h2>
D:\LEEKE\GD32\UART\usart_rxunknownlong\usart_printf.uvprojx
Project File Date:  02/07/2022

<h2>Output:</h2>
*** Using Compiler 'V5.06 update 7 (build 960)', folder: 'C:\keil_V5\ARM\ARMCC\Bin'
Rebuild target 'GD32F103VCT6'
compiling gd32f10x_misc.c...
compiling systick.c...
compiling gd32f10x_pmu.c...
compiling gd32f10x_it.c...
compiling main.c...
Application\source\main.c(23): warning:  #188-D: enumerated type mixed with another type
  					gpio_bit_write(GPIOD,GPIO_PIN_10,1);
Application\source\main.c(79): warning:  #188-D: enumerated type mixed with another type
  	gpio_bit_write(GPIOD,GPIO_PIN_10,0);
Application\source\main.c(117): warning:  #188-D: enumerated type mixed with another type
  				gpio_bit_write(GPIOD,GPIO_PIN_10,1);
Application\source\main.c(119): warning:  #188-D: enumerated type mixed with another type
  				gpio_bit_write(GPIOD,GPIO_PIN_10,0);
Application\source\main.c: 4 warnings, 0 errors
compiling gd32f10x_gpio.c...
compiling gd32f10x_dma.c...
assembling startup_gd32f10x_hd.s...
compiling system_gd32f10x.c...
compiling gd32f10x_usart.c...
compiling gd32f10x_rcu.c...
linking...
Program Size: Code=3052 RO-data=336 RW-data=16 ZI-data=8232  
".\Objects\usart_printf.axf" - 0 Error(s), 4 Warning(s).

<h2>Software Packages used:</h2>

Package Vendor: ARM
                http://www.keil.com/pack/ARM.CMSIS.5.8.0.pack
                ARM.CMSIS.5.8.0
                CMSIS (Common Microcontroller Software Interface Standard)
   * Component: CORE Version: 5.5.0

Package Vendor: GigaDevice
                http://gd32mcu.com/data/documents/pack/GigaDevice.GD32F10x_DFP.2.0.2.pack
                GigaDevice.GD32F10x_DFP.2.0.2
                GigaDevice GD32F10x Series Device Support and Examples
   * Component: DMA Version: 2.0.1
   * Component: GPIO Version: 2.0.1
   * Component: MISC Version: 2.0.1
   * Component: PMU Version: 2.0.1
   * Component: RCU Version: 2.0.1
   * Component: USART Version: 2.0.1
   * Component: GD32F10x_libopt Version: 2.0.1
   * Component: Startup Version: 2.0.1

<h2>Collection of Component include folders:</h2>
  .\RTE\_GD32F103VCT6
  C:\keil_V5\Pack\ARM\CMSIS\5.8.0\CMSIS\Core\Include
  C:\keil_V5\Pack\GigaDevice\GD32F10x_DFP\2.0.2\Device\Firmware\Peripherals\inc
  C:\keil_V5\Pack\GigaDevice\GD32F10x_DFP\2.0.2\Device\Include

<h2>Collection of Component Files used:</h2>

   * Component: ARM::CMSIS:CORE:5.5.0

   * Component: GigaDevice::Device:GD32F10x_StdPeripherals:DMA:2.0.1
      Include file:  Device\Firmware\Peripherals\inc\gd32f10x_dma.h
      Source file:   Device\Firmware\Peripherals\src\gd32f10x_dma.c

   * Component: GigaDevice::Device:GD32F10x_StdPeripherals:GPIO:2.0.1
      Source file:   Device\Firmware\Peripherals\src\gd32f10x_gpio.c
      Include file:  Device\Firmware\Peripherals\inc\gd32f10x_gpio.h

   * Component: GigaDevice::Device:GD32F10x_StdPeripherals:MISC:2.0.1
      Include file:  Device\Firmware\Peripherals\inc\gd32f10x_misc.h
      Source file:   Device\Firmware\Peripherals\src\gd32f10x_misc.c

   * Component: GigaDevice::Device:GD32F10x_StdPeripherals:PMU:2.0.1
      Include file:  Device\Firmware\Peripherals\inc\gd32f10x_pmu.h
      Source file:   Device\Firmware\Peripherals\src\gd32f10x_pmu.c

   * Component: GigaDevice::Device:GD32F10x_StdPeripherals:RCU:2.0.1
      Include file:  Device\Firmware\Peripherals\inc\gd32f10x_rcu.h
      Source file:   Device\Firmware\Peripherals\src\gd32f10x_rcu.c

   * Component: GigaDevice::Device:GD32F10x_StdPeripherals:USART:2.0.1
      Include file:  Device\Firmware\Peripherals\inc\gd32f10x_usart.h
      Source file:   Device\Firmware\Peripherals\src\gd32f10x_usart.c

   * Component: GigaDevice::Device:GD32F10x_libopt:2.0.1
      Include file:  Device\Include\gd32f10x_libopt.h

   * Component: GigaDevice::Device:Startup:2.0.1
      Source file:   Device\Source\ARM\startup_gd32f10x_hd.s
      Source file:   Device\Source\system_gd32f10x.c
      Include file:  Device\Include\gd32f10x.h
Build Time Elapsed:  00:00:01
</pre>
</body>
</html>
