<html>
<body>
<pre>
<h1>µVision Build Log</h1>
<h2>Tool Versions:</h2>
IDE-Version: uVision V5.36.0.0
Copyright (C) 2021 ARM Ltd and ARM Germany GmbH. All rights reserved.
License Information: Yan Long Huang, National Ilan Universsity, LIC=6XJT4-FC6BX-JPNZQ-NLHS7-ZUPXT-MK439
 
Tool Versions:
Toolchain:       MDK-ARM Professional  Version: 5.36.0.0
Toolchain Path:  D:\Keil_v5\ARM\ARMCC\Bin
C Compiler:      Armcc.exe V5.06 update 7 (build 960)
Assembler:       Armasm.exe V5.06 update 7 (build 960)
Linker/Locator:  ArmLink.exe V5.06 update 7 (build 960)
Library Manager: ArmAr.exe V5.06 update 7 (build 960)
Hex Converter:   FromElf.exe V5.06 update 7 (build 960)
CPU DLL:         SARMCM3.DLL V5.36.0.0
Dialog DLL:      DCM.DLL V1.17.3.0
Target DLL:      CMSIS_AGDI.dll V1.33.0.0
Dialog DLL:      TCM.DLL V1.53.0.0
 
<h2>Project:</h2>
D:\Code\ARM-Microcontroller\GD32\GD32F10x\GD32F103\GPIO\GPIO_Toggle_LED\GPIO_Toggle_LED.uvprojx
Project File Date:  01/27/2022

<h2>Output:</h2>
*** Using Compiler 'V5.06 update 7 (build 960)', folder: 'D:\Keil_v5\ARM\ARMCC\Bin'
Build target 'GD32F103VCT6'
compiling main.c...
main.c(25): warning:  #188-D: enumerated type mixed with another type
  		gpio_bit_write(GPIOC, GPIO_PIN_6,booleanState);
main.c: 1 warning, 0 errors
compiling gd32f10x_misc.c...
compiling gd32f10x_gpio.c...
assembling startup_gd32f10x_cl.s...
compiling gd32f10x_pmu.c...
compiling gd32f10x_rcu.c...
compiling system_gd32f10x.c...
linking...
Program Size: Code=792 RO-data=352 RW-data=0 ZI-data=8192  
FromELF: creating hex file...
".\Objects\GPIO_Toggle_LED.axf" - 0 Error(s), 1 Warning(s).

<h2>Software Packages used:</h2>

Package Vendor: ARM
                http://www.keil.com/pack/ARM.CMSIS.5.8.0.pack
                ARM.CMSIS.5.8.0
                CMSIS (Common Microcontroller Software Interface Standard)
   * Component: CORE Version: 5.5.0

Package Vendor: GigaDevice
                http://gd32mcu.com/data/documents/pack/GigaDevice.GD32F10x_DFP.2.0.2.pack
                GigaDevice.GD32F10x_DFP.2.0.2
                GigaDevice GD32F10x Series Device Support and Examples
   * Component: GPIO Version: 2.0.1
   * Component: MISC Version: 2.0.1
   * Component: PMU Version: 2.0.1
   * Component: RCU Version: 2.0.1
   * Component: GD32F10x_libopt Version: 2.0.1
   * Component: Startup Version: 2.0.1

<h2>Collection of Component include folders:</h2>
  .\RTE\_GD32F103VCT6
  D:\Keil_v5\Packs\ARM\CMSIS\5.8.0\CMSIS\Core\Include
  D:\Keil_v5\Packs\GigaDevice\GD32F10x_DFP\2.0.2\Device\Firmware\Peripherals\inc
  D:\Keil_v5\Packs\GigaDevice\GD32F10x_DFP\2.0.2\Device\Include

<h2>Collection of Component Files used:</h2>

   * Component: ARM::CMSIS:CORE:5.5.0

   * Component: GigaDevice::Device:GD32F10x_StdPeripherals:GPIO:2.0.1
      Source file:   Device\Firmware\Peripherals\src\gd32f10x_gpio.c
      Include file:  Device\Firmware\Peripherals\inc\gd32f10x_gpio.h

   * Component: GigaDevice::Device:GD32F10x_StdPeripherals:MISC:2.0.1
      Source file:   Device\Firmware\Peripherals\src\gd32f10x_misc.c
      Include file:  Device\Firmware\Peripherals\inc\gd32f10x_misc.h

   * Component: GigaDevice::Device:GD32F10x_StdPeripherals:PMU:2.0.1
      Include file:  Device\Firmware\Peripherals\inc\gd32f10x_pmu.h
      Source file:   Device\Firmware\Peripherals\src\gd32f10x_pmu.c

   * Component: GigaDevice::Device:GD32F10x_StdPeripherals:RCU:2.0.1
      Source file:   Device\Firmware\Peripherals\src\gd32f10x_rcu.c
      Include file:  Device\Firmware\Peripherals\inc\gd32f10x_rcu.h

   * Component: GigaDevice::Device:GD32F10x_libopt:2.0.1
      Include file:  Device\Include\gd32f10x_libopt.h

   * Component: GigaDevice::Device:Startup:2.0.1
      Source file:   Device\Source\ARM\startup_gd32f10x_cl.s
      Source file:   Device\Source\system_gd32f10x.c
      Include file:  Device\Include\gd32f10x.h
Build Time Elapsed:  00:00:01
</pre>
</body>
</html>
