<html>
<body>
<pre>
<h1>µVision Build Log</h1>
<h2>Tool Versions:</h2>
IDE-Version: uVision V5.36.0.0
Copyright (C) 2021 ARM Ltd and ARM Germany GmbH. All rights reserved.
License Information: Yan Long Huang, National Ilan Universsity, LIC=6XJT4-FC6BX-JPNZQ-NLHS7-ZUPXT-MK439
 
Tool Versions:
Toolchain:       MDK-ARM Professional  Version: 5.36.0.0
Toolchain Path:  D:\Keil_v5\ARM\ARMCC\Bin
C Compiler:      Armcc.exe V5.06 update 7 (build 960)
Assembler:       Armasm.exe V5.06 update 7 (build 960)
Linker/Locator:  ArmLink.exe V5.06 update 7 (build 960)
Library Manager: ArmAr.exe V5.06 update 7 (build 960)
Hex Converter:   FromElf.exe V5.06 update 7 (build 960)
CPU DLL:         SARMCM3.DLL V5.36.0.0
Dialog DLL:      DCM.DLL V1.17.3.0
Target DLL:      CMSIS_AGDI.dll V1.33.0.0
Dialog DLL:      TCM.DLL V1.53.0.0
 
<h2>Project:</h2>
D:\Code\ARM-Microcontroller\GD32\GD32F10x\GD32F103\USART\USART-Printf\usart_printf_test.uvprojx
Project File Date:  01/26/2022

<h2>Output:</h2>
*** Using Compiler 'V5.06 update 7 (build 960)', folder: 'D:\Keil_v5\ARM\ARMCC\Bin'
Rebuild target 'GD32F105VCT6'
Clean started - Project: 'usart_printf_test'
   deleting intermediate output files for target 'GD32F105VCT6'
compiling main.c...
compiling system_gd32f10x.c...
compiling gd32f10x_adc.c...
compiling gd32f10x_bkp.c...
compiling gd32f10x_can.c...
compiling gd32f10x_crc.c...
compiling gd32f10x_dac.c...
compiling gd32f10x_dbg.c...
compiling gd32f10x_dma.c...
compiling gd32f10x_enet.c...
compiling gd32f10x_exmc.c...
compiling gd32f10x_exti.c...
compiling gd32f10x_fmc.c...
compiling gd32f10x_fwdgt.c...
compiling gd32f10x_gpio.c...
compiling gd32f10x_i2c.c...
compiling gd32f10x_misc.c...
compiling gd32f10x_pmu.c...
compiling gd32f10x_rcu.c...
compiling gd32f10x_rtc.c...
compiling gd32f10x_sdio.c...
compiling gd32f10x_spi.c...
compiling gd32f10x_timer.c...
compiling gd32f10x_usart.c...
compiling gd32f10x_wwdgt.c...
assembling startup_gd32f10x_hd.s...
linking...
Program Size: Code=488 RO-data=320 RW-data=0 ZI-data=8192  
".\Objects\usart_printf_test.axf" - 0 Error(s), 0 Warning(s).

*** Performing Cross-Module-Optimization:
compiling system_gd32f10x.c...
compiling gd32f10x_adc.c...
compiling gd32f10x_bkp.c...
compiling gd32f10x_can.c...
compiling gd32f10x_crc.c...
compiling gd32f10x_dac.c...
compiling gd32f10x_dbg.c...
compiling gd32f10x_dma.c...
compiling gd32f10x_enet.c...
compiling gd32f10x_exmc.c...
compiling gd32f10x_exti.c...
compiling gd32f10x_fmc.c...
compiling gd32f10x_fwdgt.c...
compiling gd32f10x_gpio.c...
compiling gd32f10x_i2c.c...
compiling gd32f10x_misc.c...
compiling gd32f10x_pmu.c...
compiling gd32f10x_rcu.c...
compiling gd32f10x_rtc.c...
compiling gd32f10x_sdio.c...
compiling gd32f10x_spi.c...
compiling gd32f10x_timer.c...
compiling gd32f10x_usart.c...
compiling gd32f10x_wwdgt.c...
linking...
Program Size: Code=488 RO-data=320 RW-data=0 ZI-data=8192  
".\Objects\usart_printf_test.axf" - 0 Error(s), 0 Warning(s).
*** Completed Cross-Module-Optimization after 2 iteration(s).

<h2>Software Packages used:</h2>

Package Vendor: GigaDevice
                http://gd32mcu.com/data/documents/pack/GigaDevice.GD32F10x_DFP.2.0.2.pack
                GigaDevice.GD32F10x_DFP.2.0.2
                GigaDevice GD32F10x Series Device Support and Examples

<h2>Collection of Component include folders:</h2>
  D:\Keil_v5\Packs\GigaDevice\GD32F10x_DFP\2.0.2\Device\Include

<h2>Collection of Component Files used:</h2>
Build Time Elapsed:  00:00:26
</pre>
</body>
</html>
