<html>
<body>
<pre>
<h1>µVision Build Log</h1>
<h2>Tool Versions:</h2>
IDE-Version: uVision V5.35.0.0
Copyright (C) 2021 ARM Ltd and ARM Germany GmbH. All rights reserved.
License Information: Yan Long Huang, National Ilan Universsity, LIC=6XJT4-FC6BX-JPNZQ-NLHS7-ZUPXT-MK439
 
Tool Versions:
Toolchain:       MDK-ARM Professional  Version: 5.35.0.2
Toolchain Path:  D:\Keil_v5\ARM\ARMCC\Bin
C Compiler:      Armcc.exe V5.06 update 7 (build 960)
Assembler:       Armasm.exe V5.06 update 7 (build 960)
Linker/Locator:  ArmLink.exe V5.06 update 7 (build 960)
Library Manager: ArmAr.exe V5.06 update 7 (build 960)
Hex Converter:   FromElf.exe V5.06 update 7 (build 960)
CPU DLL:         SARMCM3.DLL V5.35.0.2
Dialog DLL:      DARMCM1.DLL V1.19.4.0
Target DLL:      UL2CM3.DLL V1.164.0.0
Dialog DLL:      TARMCM1.DLL V1.14.4.0
 
<h2>Project:</h2>
D:\Code\ARM Microcontroller\MG32\gpio_test\gpio_test.uvprojx
Project File Date:  01/22/2022

<h2>Output:</h2>
*** Using Compiler 'V5.06 update 7 (build 960)', folder: 'D:\Keil_v5\ARM\ARMCC\Bin'
Build target 'Target 1'
compiling main.c...
assembling startup_MG32x02z.s...
compiling MG32x02z_ChipInit.c...
compiling MG32x02z_GPIO_Init.c...
compiling system_MG32x02z.c...
compiling MG32x02z_APB_DRV.c...
compiling MG32x02z_ADC_DRV.c...
compiling MG32x02z_APX_DRV.c...
compiling MG32x02z_CFG_DRV.c...
compiling MG32x02z_CM0_DRV.c...
compiling MG32x02z_CMP_DRV.c...
compiling MG32x02z_CSC_DRV.c...
compiling MG32x02z_DAC_DRV.c...
compiling MG32x02z_EMB_DRV.c...
compiling MG32x02z_DMA_DRV.c...
compiling MG32x02z_EXIC_DRV.c...
compiling MG32x02z_GPIO_DRV.c...
compiling MG32x02z_GPL_DRV.c...
compiling MG32x02z_I2C_DRV.c...
compiling MG32x02z_IWDT_DRV.c...
compiling MG32x02z_MEM_DRV.c...
compiling MG32x02z_RST_DRV.c...
compiling MG32x02z_PW_DRV.c...
compiling MG32x02z_RTC_DRV.c...
compiling MG32x02z_SYS_DRV.c...
compiling MG32x02z_SPI_DRV.c...
compiling MG32x02z_TM_DRV.c...
compiling MG32x02z_URT_DRV.c...
compiling MG32x02z_USB_DRV.c...
compiling MG32x02z__Common_DRV.c...
compiling MG32x02z_WWDT_DRV.c...
linking...
Program Size: Code=1496 RO-data=224 RW-data=40 ZI-data=1024  
".\Objects\gpio_test.axf" - 0 Error(s), 0 Warning(s).

<h2>Software Packages used:</h2>

Package Vendor: ARM
                http://www.keil.com/pack/ARM.CMSIS.5.8.0.pack
                ARM.CMSIS.5.8.0
                CMSIS (Common Microcontroller Software Interface Standard)
   * Component: CORE Version: 5.5.0

Package Vendor: Megawin
                http://www.megawin.com.tw/upload/media/MCU32/megawinDFP/Megawin.CM0_DFP.3.0.0.pack
                Megawin.CM0_DFP.3.0.0
                Megawin ARM Cortex-M0 MG32x02z Device Support
   * Component: GPIO Variant: LQFP80 Version: 1.0.0
   * Component: Startup Version: 1.0.4
   * Component: Driver-All Version: 1.0.1

<h2>Collection of Component include folders:</h2>
  .\RTE\ChipInit_Wizard\MG32F02U128
  .\RTE\_Target_1
  D:\Keil_v5\Packs\ARM\CMSIS\5.8.0\CMSIS\Core\Include
  D:\Keil_v5\Packs\Megawin\CM0_DFP\3.0.0\Device\MG32x02z\Common\Startup
  D:\Keil_v5\Packs\Megawin\CM0_DFP\3.0.0\Device\MG32x02z\MG32F02A128\Include
  D:\Keil_v5\Packs\Megawin\CM0_DFP\3.0.0\Device\MG32x02z\MG32F02A128\MG32x02z_ConfigerWizard\Include
  D:\Keil_v5\Packs\Megawin\CM0_DFP\3.0.0\Device\MG32x02z\MG32F02A_Driver\Include
  D:\Keil_v5\Packs\Megawin\CM0_DFP\3.0.0\Sample\Driver\Include

<h2>Collection of Component Files used:</h2>

   * Component: ARM::CMSIS:CORE:5.5.0

   * Component: Megawin::ChipInit_Wizard:GPIO:LQFP80:1.0.0
      Source file:   Device\MG32x02z\Common\Initial\Source\MG32x02z_ChipInit.c
      Include file:  Device\MG32x02z\Common\Initial\Include\MG32x02z_ChipInit.h
      Source file:   Device\MG32x02z\Common\Initial\Source\MG32x02z_GPIO_Init.c
      Include file:  Device\MG32x02z\Package\MG32F02U128\LQFP80\MG32x02z_GPIO_Init.h

   * Component: Megawin::Device:Startup:1.0.4
      Source file:   Sample\Driver\Source\Sample_main_wizard.c
      Source file:   Device\MG32x02z\Common\Startup\system_MG32x02z.c
      Source file:   Sample\Driver\Source\Sample_Show_UID.c
      Source file:   Device\MG32x02z\Common\Startup\startup_MG32x02z.s

   * Component: Megawin::Driver:Driver-All:1.0.1
      Source file:   Sample\Driver\Source\Sample_WakeupFromSLEEPMode.c
      Source file:   Sample\Driver\Source\Sample_WakeupFromSTOPMode.c
      Source file:   Sample\Driver\Source\Sample_ADC_GetVrefVoltage.c
      Source file:   Sample\Driver\Source\Sample_Enter_STOP_SLEEP_Mode.c
      Source file:   Sample\Driver\Source\Sample_IR_Transmit.c
      Source file:   Device\MG32x02z\MG32F02A_Driver\Source\MG32x02z_ADC_DRV.c
      Source file:   Device\MG32x02z\MG32F02A_Driver\Source\MG32x02z_CFG_DRV.c
      Source file:   Device\MG32x02z\MG32F02A_Driver\Source\MG32x02z_CMP_DRV.c
      Source file:   Sample\Driver\Source\Sample_CMP_Init.c
      Source file:   Device\MG32x02z\MG32F02A_Driver\Source\MG32x02z_CSC_DRV.c
      Source file:   Sample\Driver\Source\Sample_DAC_Output.c
      Source file:   Device\MG32x02z\MG32F02A_Driver\Source\MG32x02z_DAC_DRV.c
      Source file:   Device\MG32x02z\MG32F02A_Driver\Source\MG32x02z_DMA_DRV.c
      Source file:   Sample\Driver\Source\Sample_ADC_Conversion.c
      Source file:   Device\MG32x02z\MG32F02A_Driver\Source\MG32x02z__Common_DRV.c
      Source file:   Device\MG32x02z\MG32F02A_Driver\Source\MG32x02z_APB_DRV.c
      Source file:   Device\MG32x02z\MG32F02A_Driver\Source\MG32x02z_CM0_DRV.c
      Source file:   Sample\Driver\Source\Sample_DMA_M2M.c
      Source file:   Sample\Driver\Source\Sample_DMA.c
      Source file:   Sample\Driver\Source\Sample_SysTick_Init.c
      Source file:   Sample\Driver\Source\Sample_APB_NCO.c
      Source file:   Sample\Driver\Source\Sample_Retarget.c
      Source file:   Sample\Driver\Source\Sample_IWDT_Init.c
      Source file:   Device\MG32x02z\MG32F02A_Driver\Source\MG32x02z_MEM_DRV.c
      Source file:   Device\MG32x02z\MG32F02A_Driver\Source\MG32x02z_PW_DRV.c
      Source file:   Device\MG32x02z\MG32F02A_Driver\Source\MG32x02z_RTC_DRV.c
      Source file:   Sample\Driver\Source\Sample_I2C_ByteMode.c
      Source file:   Sample\Driver\Source\Sample_EXIC_Init.c
      Source file:   Sample\Driver\Source\Sample_RTC_Init.c
      Source file:   Sample\Driver\Source\Sample_EMB_Init.c
      Source file:   Sample\Driver\Source\Sample_IR_Receive.c
      Source file:   Sample\Driver\Source\Sample_GPIO_Init.c
      Source file:   Sample\Driver\Source\Sample_SPI_Flash.c
      Source file:   Device\MG32x02z\MG32F02A_Driver\Source\MG32x02z_SPI_DRV.c
      Source file:   Device\MG32x02z\MG32F02A_Driver\Source\MG32x02z_RST_DRV.c
      Source file:   Sample\Driver\Source\Sample_SPI_Slave_StandardSPI.c
      Source file:   Sample\Driver\Source\Sample_SPI_Master_StandardSPI_DMA_M2P.c
      Source file:   Device\MG32x02z\MG32F02A_Driver\Source\MG32x02z_EMB_DRV.c
      Source file:   Device\MG32x02z\MG32F02A_Driver\Source\MG32x02z_GPL_DRV.c
      Source file:   Sample\Driver\Source\Sample_RTC_PerpetualCalendar.c
      Source file:   Sample\Driver\Source\Sample_SPI_Slave_StandardSPI_DMA_M2P.c
      Source file:   Sample\Driver\Source\Sample_SPI_Slave_StandardSPI_DMA_P2M.c
      Source file:   Device\MG32x02z\MG32F02A_Driver\Source\MG32x02z_SYS_DRV.c
      Source file:   Sample\Driver\Source\Sample_SPI_Master_StandardSPI_DMA_P2M.c
      Source file:   Device\MG32x02z\MG32F02A_Driver\Source\MG32x02z_TM_DRV.c
      Source file:   Sample\Driver\Source\Sample_TM00_Delay.c
      Source file:   Sample\Driver\Source\Sample_MEM_FlashAccess.c
      Source file:   Sample\Driver\Source\Sample_SPI_Master_StandardSPI.c
      Source file:   Sample\Driver\Source\Sample_TM01_TRGO_UEV.c
      Source file:   Device\MG32x02z\MG32F02A_Driver\Source\MG32x02z_EXIC_DRV.c
      Source file:   Device\MG32x02z\MG32F02A_Driver\Source\MG32x02z_GPIO_DRV.c
      Source file:   Device\MG32x02z\MG32F02A_Driver\Source\MG32x02z_I2C_DRV.c
      Source file:   Device\MG32x02z\MG32F02A_Driver\Source\MG32x02z_IWDT_DRV.c
      Source file:   Sample\Driver\Source\Sample_GPL_CRC.c
      Source file:   Sample\Driver\Source\Sample_TM20_OnePulse.c
      Source file:   Sample\Driver\Source\Sample_TM36_PWM.c
      Source file:   Sample\Driver\Source\Sample_UART0_DMA.c
      Source file:   Sample\Driver\Source\Sample_UART3_Init.c
      Source file:   Device\MG32x02z\MG32F02A_Driver\Source\MG32x02z_WWDT_DRV.c
      Source file:   Sample\Driver\Source\Sample_TM16_AutoStop.c
      Source file:   Sample\Driver\Source\Sample_WWDT_Init.c
      Source file:   Device\MG32x02z\MG32F02A_Driver\Source\MG32x02z_USB_DRV.c
      Source file:   Device\MG32x02z\MG32F02A_Driver\Source\MG32x02z_APX_DRV.c
      Source file:   Sample\Driver\Source\Sample_UART0_Init.c
      Source file:   Sample\Driver\Source\Sample_TM10_ClockOut.c
      Source file:   Sample\Driver\Source\Sample_UART2_Init.c
      Source file:   Sample\Driver\Source\Sample_URT0_SPISlaveMode_TxRx.c
      Source file:   Sample\Driver\Source\Sample_APX_CCL.c
      Source file:   Sample\Driver\Source\Sample_UART1_Init.c
      Source file:   Sample\Driver\Source\Sample_TM20_Capture.c
      Source file:   Sample\Driver\Source\Sample_TM36_IC3_DMA.c
      Source file:   Device\MG32x02z\MG32F02A_Driver\Source\MG32x02z_URT_DRV.c
      Source file:   Sample\Driver\Source\Sample_URT_SPIFlash.c
      Source file:   Sample\Driver\Source\Sample_UART0_SPIMasterMode_TxRx.c
      Source file:   Sample\Driver\Source\Sample_TM26_OC.c
Build Time Elapsed:  00:00:05
</pre>
</body>
</html>
