<html>
<body>
<pre>
<h1>µVision Build Log</h1>
<h2>Tool Versions:</h2>
IDE-Version: uVision V5.35.0.0
Copyright (C) 2021 ARM Ltd and ARM Germany GmbH. All rights reserved.
License Information: Yan Long Huang, National Ilan Universsity, LIC=6XJT4-FC6BX-JPNZQ-NLHS7-ZUPXT-MK439
 
Tool Versions:
Toolchain:       MDK-ARM Professional  Version: 5.35.0.2
Toolchain Path:  D:\Keil_v5\ARM\ARMCLANG\Bin
C Compiler:      ArmClang.exe V6.16
Assembler:       Armasm.exe V6.16
Linker/Locator:  ArmLink.exe V6.16
Library Manager: ArmAr.exe V6.16
Hex Converter:   FromElf.exe V6.16
CPU DLL:         SARMCM3.DLL V5.35.0.2
Dialog DLL:      DCM.DLL V1.17.3.0
Target DLL:      CMSIS_AGDI.dll V1.33.0.0
Dialog DLL:      TCM.DLL V1.53.0.0
 
<h2>Project:</h2>
D:\Code\ARM Microcontroller\GD32F103\GPIO\GPIO_Button_LED\gpio_button_led_test.uvprojx
Project File Date:  01/05/2022

<h2>Output:</h2>
*** Using Compiler 'V6.16', folder: 'D:\Keil_v5\ARM\ARMCLANG\Bin'
Rebuild target 'GD32F103VCT6'
compiling main.c...
compiling gd32103c_start.c...
compiling gd32f10x_gpio.c...
compiling gd32f10x_misc.c...
compiling gd32f10x_pmu.c...
RTE/Device/GD32F103VC/gd32f10x_rcu.c(884): warning: default label in switch which covers all enumeration values [-Wcovered-switch-default]
    default:
    ^
RTE/Device/GD32F103VC/gd32f10x_rcu.c(964): warning: default label in switch which covers all enumeration values [-Wcovered-switch-default]
    default:
    ^
RTE/Device/GD32F103VC/gd32f10x_rcu.c(1003): warning: default label in switch which covers all enumeration values [-Wcovered-switch-default]
    default:
    ^
RTE/Device/GD32F103VC/gd32f10x_rcu.c(1189): warning: default label in switch which covers all enumeration values [-Wcovered-switch-default]
    default:
    ^
4 warnings generated.
compiling gd32f10x_rcu.c...
compiling system_gd32f10x.c...
assembling startup_gd32f10x_hd.s...
linking...
Program Size: Code=920 RO-data=320 RW-data=0 ZI-data=16480  
".\Objects\gpio_button_led_test.axf" - 0 Error(s), 4 Warning(s).

<h2>Software Packages used:</h2>

Package Vendor: ARM
                http://www.keil.com/pack/ARM.CMSIS.5.8.0.pack
                ARM.CMSIS.5.8.0
                CMSIS (Common Microcontroller Software Interface Standard)
   * Component: CORE Version: 5.5.0

Package Vendor: GigaDevice
                http://gd32mcu.com/data/documents/pack/GigaDevice.GD32F10x_DFP.2.0.2.pack
                GigaDevice.GD32F10x_DFP.2.0.2
                GigaDevice GD32F10x Series Device Support and Examples
   * Component: GPIO Version: 2.0.1
   * Component: MISC Version: 2.0.1
   * Component: PMU Version: 2.0.1
   * Component: RCU Version: 2.0.1
   * Component: GD32F10x_libopt Version: 2.0.1
   * Component: Startup Version: 2.0.1

<h2>Collection of Component include folders:</h2>
  .\RTE\_GD32F103VCT6
  D:\Keil_v5\Packs\ARM\CMSIS\5.8.0\CMSIS\Core\Include
  D:\Keil_v5\Packs\GigaDevice\GD32F10x_DFP\2.0.2\Device\Firmware\Peripherals\inc
  D:\Keil_v5\Packs\GigaDevice\GD32F10x_DFP\2.0.2\Device\Include

<h2>Collection of Component Files used:</h2>

   * Component: ARM::CMSIS:CORE:5.5.0

   * Component: GigaDevice::Device:GD32F10x_StdPeripherals:GPIO:2.0.1
      Include file:  Device\Firmware\Peripherals\inc\gd32f10x_gpio.h
      Source file:   Device\Firmware\Peripherals\src\gd32f10x_gpio.c

   * Component: GigaDevice::Device:GD32F10x_StdPeripherals:MISC:2.0.1
      Source file:   Device\Firmware\Peripherals\src\gd32f10x_misc.c
      Include file:  Device\Firmware\Peripherals\inc\gd32f10x_misc.h

   * Component: GigaDevice::Device:GD32F10x_StdPeripherals:PMU:2.0.1
      Source file:   Device\Firmware\Peripherals\src\gd32f10x_pmu.c
      Include file:  Device\Firmware\Peripherals\inc\gd32f10x_pmu.h

   * Component: GigaDevice::Device:GD32F10x_StdPeripherals:RCU:2.0.1
      Include file:  Device\Firmware\Peripherals\inc\gd32f10x_rcu.h
      Source file:   Device\Firmware\Peripherals\src\gd32f10x_rcu.c

   * Component: GigaDevice::Device:GD32F10x_libopt:2.0.1
      Include file:  Device\Include\gd32f10x_libopt.h

   * Component: GigaDevice::Device:Startup:2.0.1
      Include file:  Device\Include\gd32f10x.h
      Source file:   Device\Source\ARM\startup_gd32f10x_hd.s
      Source file:   Device\Source\system_gd32f10x.c
Build Time Elapsed:  00:00:01
</pre>
</body>
</html>
